Archive member included to satisfy reference by file (symbol)

app/libapp.a(main.c.obj)      (--whole-archive)
zephyr/libzephyr.a(crc32k_4_2_sw.c.obj)
                              (--whole-archive)
zephyr/libzephyr.a(crc32c_sw.c.obj)
                              (--whole-archive)
zephyr/libzephyr.a(crc32_sw.c.obj)
                              (--whole-archive)
zephyr/libzephyr.a(crc24_sw.c.obj)
                              (--whole-archive)
zephyr/libzephyr.a(crc16_sw.c.obj)
                              (--whole-archive)
zephyr/libzephyr.a(crc8_sw.c.obj)
                              (--whole-archive)
zephyr/libzephyr.a(crc7_sw.c.obj)
                              (--whole-archive)
zephyr/libzephyr.a(crc4_sw.c.obj)
                              (--whole-archive)
zephyr/libzephyr.a(heap.c.obj)
                              (--whole-archive)
zephyr/libzephyr.a(cbprintf_packaged.c.obj)
                              (--whole-archive)
zephyr/libzephyr.a(printk.c.obj)
                              (--whole-archive)
zephyr/libzephyr.a(sem.c.obj)
                              (--whole-archive)
zephyr/libzephyr.a(thread_entry.c.obj)
                              (--whole-archive)
zephyr/libzephyr.a(fdtable.c.obj)
                              (--whole-archive)
zephyr/libzephyr.a(cbprintf_complete.c.obj)
                              (--whole-archive)
zephyr/libzephyr.a(assert.c.obj)
                              (--whole-archive)
zephyr/libzephyr.a(mpsc_pbuf.c.obj)
                              (--whole-archive)
zephyr/libzephyr.a(reboot.c.obj)
                              (--whole-archive)
zephyr/libzephyr.a(dec.c.obj)
                              (--whole-archive)
zephyr/libzephyr.a(hex.c.obj)
                              (--whole-archive)
zephyr/libzephyr.a(rb.c.obj)  (--whole-archive)
zephyr/libzephyr.a(timeutil.c.obj)
                              (--whole-archive)
zephyr/libzephyr.a(bitarray.c.obj)
                              (--whole-archive)
zephyr/libzephyr.a(ring_buffer.c.obj)
                              (--whole-archive)
zephyr/libzephyr.a(last_section_id.c.obj)
                              (--whole-archive)
zephyr/libzephyr.a(configs.c.obj)
                              (--whole-archive)
zephyr/libzephyr.a(stm32cube_hal.c.obj)
                              (--whole-archive)
zephyr/libzephyr.a(soc_config.c.obj)
                              (--whole-archive)
zephyr/libzephyr.a(soc.c.obj)
                              (--whole-archive)
zephyr/libzephyr.a(log_core.c.obj)
                              (--whole-archive)
zephyr/libzephyr.a(log_mgmt.c.obj)
                              (--whole-archive)
zephyr/libzephyr.a(log_cache.c.obj)
                              (--whole-archive)
zephyr/libzephyr.a(log_msg.c.obj)
                              (--whole-archive)
zephyr/libzephyr.a(log_output.c.obj)
                              (--whole-archive)
zephyr/libzephyr.a(log_backend_uart.c.obj)
                              (--whole-archive)
zephyr/libzephyr.a(mem_attr.c.obj)
                              (--whole-archive)
zephyr/libzephyr.a(tracing_none.c.obj)
                              (--whole-archive)
zephyr/libzephyr.a(addr_utils.c.obj)
                              (--whole-archive)
zephyr/arch/common/libarch__common.a(sw_isr_common.c.obj)
                              (--whole-archive)
zephyr/arch/arch/arm/core/libarch__arm__core.a(fatal.c.obj)
                              (--whole-archive)
zephyr/arch/arch/arm/core/libarch__arm__core.a(nmi.c.obj)
                              (--whole-archive)
zephyr/arch/arch/arm/core/libarch__arm__core.a(nmi_on_reset.S.obj)
                              (--whole-archive)
zephyr/arch/arch/arm/core/libarch__arm__core.a(tls.c.obj)
                              (--whole-archive)
zephyr/arch/arch/arm/core/cortex_m/libarch__arm__core__cortex_m.a(exc_exit.c.obj)
                              (--whole-archive)
zephyr/arch/arch/arm/core/cortex_m/libarch__arm__core__cortex_m.a(fault.c.obj)
                              (--whole-archive)
zephyr/arch/arch/arm/core/cortex_m/libarch__arm__core__cortex_m.a(fault_s.S.obj)
                              (--whole-archive)
zephyr/arch/arch/arm/core/cortex_m/libarch__arm__core__cortex_m.a(fpu.c.obj)
                              (--whole-archive)
zephyr/arch/arch/arm/core/cortex_m/libarch__arm__core__cortex_m.a(reset.S.obj)
                              (--whole-archive)
zephyr/arch/arch/arm/core/cortex_m/libarch__arm__core__cortex_m.a(scb.c.obj)
                              (--whole-archive)
zephyr/arch/arch/arm/core/cortex_m/libarch__arm__core__cortex_m.a(thread_abort.c.obj)
                              (--whole-archive)
zephyr/arch/arch/arm/core/cortex_m/libarch__arm__core__cortex_m.a(vector_table.S.obj)
                              (--whole-archive)
zephyr/arch/arch/arm/core/cortex_m/libarch__arm__core__cortex_m.a(swap_helper.S.obj)
                              (--whole-archive)
[...]
Memory Configuration

Name             Origin             Length             Attributes
FLASH            0x0000000008000000 0x0000000000100000 xr
RAM              0x0000000020010000 0x0000000000040000 xw
BACKUP_SRAM      0x0000000040024000 0x0000000000001000 rw
QSPI_PLACEHOLDER 0x0000000090000000 0x0000000010000000 rw
SRAM0            0x0000000020010000 0x0000000000040000 rw
DTCM             0x0000000020000000 0x0000000000010000 rw
IDT_LIST         0x00000000ffff7fff 0x0000000000008000 xw
*default*        0x0000000000000000 0xffffffffffffffff

Linker script and memory map

                0x000000000801101c                vfprintf = __d_vfprintf
                0x0000000000000000                vfscanf = __d_vfscanf
LOAD zephyr/CMakeFiles/zephyr_final.dir/misc/empty_file.c.obj
LOAD zephyr/CMakeFiles/zephyr_final.dir/isr_tables.c.obj
LOAD zephyr/CMakeFiles/offsets.dir/./arch/arm/core/offsets/offsets.c.obj
LOAD app/libapp.a
LOAD zephyr/libzephyr.a
LOAD zephyr/arch/common/libarch__common.a
LOAD zephyr/arch/arch/arm/core/libarch__arm__core.a
LOAD zephyr/arch/arch/arm/core/cortex_m/libarch__arm__core__cortex_m.a
LOAD zephyr/arch/arch/arm/core/mpu/libarch__arm__core__mpu.a
LOAD zephyr/lib/libc/picolibc/liblib__libc__picolibc.a
LOAD zephyr/lib/libc/common/liblib__libc__common.a
LOAD zephyr/lib/posix/options/liblib__posix__options.a
LOAD zephyr/lib/net_buf/liblib__net_buf.a
LOAD zephyr/lib/os/zvfs/liblib__os__zvfs.a
LOAD zephyr/subsys/random/libsubsys__random.a
LOAD zephyr/subsys/net/libsubsys__net.a
LOAD zephyr/subsys/net/l2/ethernet/libsubsys__net__l2__ethernet.a
LOAD zephyr/subsys/net/ip/libsubsys__net__ip.a
LOAD zephyr/subsys/net/lib/mqtt/libsubsys__net__lib__mqtt.a
LOAD zephyr/subsys/net/lib/config/libsubsys__net__lib__config.a
LOAD zephyr/subsys/net/lib/dhcpv4/libsubsys__net__lib__dhcpv4.a
LOAD zephyr/subsys/net/lib/dns/libsubsys__net__lib__dns.a
LOAD zephyr/drivers/interrupt_controller/libdrivers__interrupt_controller.a
LOAD zephyr/drivers/clock_control/libdrivers__clock_control.a
LOAD zephyr/drivers/console/libdrivers__console.a
LOAD zephyr/drivers/entropy/libdrivers__entropy.a
LOAD zephyr/drivers/ethernet/libdrivers__ethernet.a
LOAD zephyr/drivers/gpio/libdrivers__gpio.a
LOAD zephyr/drivers/hwinfo/libdrivers__hwinfo.a
LOAD zephyr/drivers/mdio/libdrivers__mdio.a
LOAD zephyr/drivers/pinctrl/libdrivers__pinctrl.a
LOAD zephyr/drivers/reset/libdrivers__reset.a
LOAD zephyr/drivers/serial/libdrivers__serial.a
LOAD zephyr/drivers/timer/libdrivers__timer.a
LOAD modules/hal_stm32/stm32cube/lib..__modules__hal__stm32__stm32cube.a
LOAD zephyr/kernel/libkernel.a
LOAD zephyr/arch/common/libisr_tables.a
LOAD c:\zephyr-sdk-0.16.5\arm-zephyr-eabi\bin\../lib/gcc/../../picolibc/arm-zephyr-eabi/lib/thumb/v7e-m/nofp\libc.a
LOAD c:/zephyr-sdk-0.16.5/arm-zephyr-eabi/bin/../lib/gcc/arm-zephyr-eabi/12.2.0/thumb/v7e-m/nofp\libgcc.a
                0x0000000000000020                _region_min_align = 0x20

.rel.plt        0x0000000008000000        0x0
 *(SORT_BY_ALIGNMENT(.rel.plt))
                [!provide]                        PROVIDE (__rel_iplt_start = .)
 *(SORT_BY_ALIGNMENT(.rel.iplt))
 .rel.iplt      0x0000000008000000        0x0 zephyr/CMakeFiles/zephyr_final.dir/isr_tables.c.obj
                [!provide]                        PROVIDE (__rel_iplt_end = .)

.rela.plt       0x0000000000000000        0x0
 *(SORT_BY_ALIGNMENT(.rela.plt))
                [!provide]                        PROVIDE (__rela_iplt_start = .)
 *(SORT_BY_ALIGNMENT(.rela.iplt))
                [!provide]                        PROVIDE (__rela_iplt_end = .)

.rel.dyn
 *(SORT_BY_ALIGNMENT(.rel.*))

.rela.dyn
 *(SORT_BY_ALIGNMENT(.rela.*))

/DISCARD/
 *(SORT_BY_ALIGNMENT(.plt))

/DISCARD/
 *(SORT_BY_ALIGNMENT(.iplt))
                0x0000000008000000                __rom_region_start = 0x8000000

rom_start       0x0000000008000000      0x1c8
                0x0000000008000000                __rom_start_address = .
 FILL mask 0x00
                0x0000000008000000                . = (. + (0x0 - (. - __rom_start_address)))
                0x0000000008000000                . = ALIGN (0x4)
                0x0000000008000000                . = ALIGN (0x80)
                0x0000000008000000                . = ALIGN (0x200)
                0x0000000008000000                _vector_start = .
 *(SORT_BY_ALIGNMENT(.exc_vector_table))
 *(SORT_BY_ALIGNMENT(.exc_vector_table.*))
 .exc_vector_table._vector_table_section
                0x0000000008000000       0x40 zephyr/arch/arch/arm/core/cortex_m/libarch__arm__core__cortex_m.a(vector_table.S.obj)
                0x0000000008000000                _vector_table
 *(SORT_BY_ALIGNMENT(.vectors))
                0x00000000080001c8                _vector_end = .
                0x0000000008000040                . = ALIGN (0x4)
 *(SORT_BY_ALIGNMENT(.gnu.linkonce.irq_vector_table*))
 .gnu.linkonce.irq_vector_table
                0x0000000008000040      0x188 zephyr/CMakeFiles/zephyr_final.dir/isr_tables.c.obj
                0x0000000008000040                _irq_vector_table
                0x00000000080001c8                _vector_end = .

text            0x00000000080001d0    0x18b9c
                0x00000000080001d0                __text_region_start = .
 *(SORT_BY_ALIGNMENT(.text))
 .text          0x00000000080001d0       0xa0 c:\zephyr-sdk-0.16.5\arm-zephyr-eabi\bin\../lib/gcc/../../picolibc/arm-zephyr-eabi/lib/thumb/v7e-m/nofp\libc.a(memchr.S.o)
                0x00000000080001d0                memchr
 .text          0x0000000008000270       0xa0 c:/zephyr-sdk-0.16.5/arm-zephyr-eabi/bin/../lib/gcc/arm-zephyr-eabi/12.2.0/thumb/v7e-m/nofp\libgcc.a(_aeabi_ldivmod.o)
                0x0000000008000270                __aeabi_ldivmod
 .text          0x0000000008000310       0x30 c:/zephyr-sdk-0.16.5/arm-zephyr-eabi/bin/../lib/gcc/arm-zephyr-eabi/12.2.0/thumb/v7e-m/nofp\libgcc.a(_aeabi_uldivmod.o)
                0x0000000008000310                __aeabi_uldivmod
 .text          0x0000000008000340        0x4 c:/zephyr-sdk-0.16.5/arm-zephyr-eabi/bin/../lib/gcc/arm-zephyr-eabi/12.2.0/thumb/v7e-m/nofp\libgcc.a(_dvmd_tls.o)
                0x0000000008000340                __aeabi_idiv0
                0x0000000008000340                __aeabi_ldiv0
 .text          0x0000000008000344       0x10 c:\zephyr-sdk-0.16.5\arm-zephyr-eabi\bin\../lib/gcc/../../picolibc/arm-zephyr-eabi/lib/thumb/v7e-m/nofp\libc.a(strlen.S.o)
                0x0000000008000344                strlen
 .text          0x0000000008000354      0x2a0 c:/zephyr-sdk-0.16.5/arm-zephyr-eabi/bin/../lib/gcc/arm-zephyr-eabi/12.2.0/thumb/v7e-m/nofp\libgcc.a(_udivmoddi4.o)
                0x0000000008000354                __udivmoddi4
 *(SORT_BY_ALIGNMENT(.text.*))
 .text.net_mgmt_event_handler.part.0
                0x00000000080005f4       0x14 app/libapp.a(main.c.obj)
 .text.net_mgmt_event_handler
                0x0000000008000608       0x10 app/libapp.a(main.c.obj)
 .text.publish_data.constprop.0
                0x0000000008000618       0x44 app/libapp.a(main.c.obj)
 .text.mqtt_evt_handler
                0x000000000800065c       0x90 app/libapp.a(main.c.obj)
 .text.main     0x00000000080006ec      0x2f8 app/libapp.a(main.c.obj)
                0x00000000080006ec                main
 .text.crc32_ieee_update
                0x00000000080009e4       0x3c zephyr/libzephyr.a(crc32_sw.c.obj)
                0x00000000080009e4                crc32_ieee_update
 .text.cbvprintf_package
                0x0000000008000a20      0x3a4 zephyr/libzephyr.a(cbprintf_packaged.c.obj)
                0x0000000008000a20                cbvprintf_package
 .text.cbprintf_package_convert
                0x0000000008000dc4      0x3cc zephyr/libzephyr.a(cbprintf_packaged.c.obj)
                0x0000000008000dc4                cbprintf_package_convert
 .text.__printk_hook_install
                0x0000000008001190        0xc zephyr/libzephyr.a(printk.c.obj)
                0x0000000008001190                __printk_hook_install
 .text.z_thread_entry
                0x000000000800119c       0x34 zephyr/libzephyr.a(thread_entry.c.obj)
                0x000000000800119c                z_thread_entry
 .text._check_fd
                0x00000000080011d0       0x38 zephyr/libzephyr.a(fdtable.c.obj)
 .text.z_fd_unref.isra.0
                0x0000000008001208       0x4c zephyr/libzephyr.a(fdtable.c.obj)
 .text.zvfs_get_fd_obj
                0x0000000008001254       0x3c zephyr/libzephyr.a(fdtable.c.obj)
                0x0000000008001254                zvfs_get_fd_obj
 .text.zvfs_get_obj_lock_and_cond
                0x0000000008001290       0x6c zephyr/libzephyr.a(fdtable.c.obj)
                0x0000000008001290                zvfs_get_obj_lock_and_cond
 .text.zvfs_get_fd_obj_and_vtable
                0x00000000080012fc       0x34 zephyr/libzephyr.a(fdtable.c.obj)
                0x00000000080012fc                zvfs_get_fd_obj_and_vtable
 .text.zvfs_reserve_fd
                0x0000000008001330       0x8c zephyr/libzephyr.a(fdtable.c.obj)
                0x0000000008001330                zvfs_reserve_fd
 .text.zvfs_finalize_typed_fd
                0x00000000080013bc       0x50 zephyr/libzephyr.a(fdtable.c.obj)
                0x00000000080013bc                zvfs_finalize_typed_fd
 .text.zvfs_close
                0x000000000800140c       0x60 zephyr/libzephyr.a(fdtable.c.obj)
                0x000000000800140c                zvfs_close
 .text.st_stm32_common_config
                0x000000000800146c       0x14 zephyr/libzephyr.a(soc_config.c.obj)
 .text.soc_early_init_hook
                0x0000000008001480       0x28 zephyr/libzephyr.a(soc.c.obj)
                0x0000000008001480                soc_early_init_hook
 .text.activate_foreach_backend
                0x00000000080014a8       0x64 zephyr/libzephyr.a(log_core.c.obj)
 .text.enable_logger
                0x000000000800150c       0x5c zephyr/libzephyr.a(log_core.c.obj)
 .text.log_process_thread_timer_expiry_fn
                0x0000000008001568        0xc zephyr/libzephyr.a(log_core.c.obj)
 .text.z_log_init
                0x0000000008001574       0x94 zephyr/libzephyr.a(log_core.c.obj)
 .text.log_format_func_t_get
                0x0000000008001608        0xc zephyr/libzephyr.a(log_core.c.obj)
                0x0000000008001608                log_format_func_t_get
 .text.log_set_timestamp_func
                0x0000000008001614       0x20 zephyr/libzephyr.a(log_core.c.obj)
                0x0000000008001614                log_set_timestamp_func
 .text.z_log_notify_backend_enabled
                0x0000000008001634       0x1c zephyr/libzephyr.a(log_core.c.obj)
                0x0000000008001634                z_log_notify_backend_enabled
 .text.z_log_dropped
                0x0000000008001650       0x44 zephyr/libzephyr.a(log_core.c.obj)
                0x0000000008001650                z_log_dropped
 .text.z_log_dropped_read_and_clear
                0x0000000008001694       0x20 zephyr/libzephyr.a(log_core.c.obj)
                0x0000000008001694                z_log_dropped_read_and_clear
 .text.dropped_notify
                0x00000000080016b4       0x30 zephyr/libzephyr.a(log_core.c.obj)
                0x00000000080016b4                dropped_notify
 .text.z_log_msg_init
                0x00000000080016e4       0x20 zephyr/libzephyr.a(log_core.c.obj)
                0x00000000080016e4                z_log_msg_init
 .text.log_core_init
                0x0000000008001704       0x50 zephyr/libzephyr.a(log_core.c.obj)
                0x0000000008001704                log_core_init
 .text.z_log_msg_alloc
                0x0000000008001754       0x10 zephyr/libzephyr.a(log_core.c.obj)
                0x0000000008001754                z_log_msg_alloc
 .text.z_log_msg_local_claim
                0x0000000008001764        0xc zephyr/libzephyr.a(log_core.c.obj)
                0x0000000008001764                z_log_msg_local_claim
 .text.z_log_msg_free
                0x0000000008001770       0x10 zephyr/libzephyr.a(log_core.c.obj)
                0x0000000008001770                z_log_msg_free
 .text.z_log_msg_pending
                0x0000000008001780        0xc zephyr/libzephyr.a(log_core.c.obj)
                0x0000000008001780                z_log_msg_pending
 .text.z_impl_log_process
                0x000000000800178c       0xb4 zephyr/libzephyr.a(log_core.c.obj)
                0x000000000800178c                z_impl_log_process
 .text.z_impl_log_panic
                0x0000000008001840       0x44 zephyr/libzephyr.a(log_core.c.obj)
                0x0000000008001840                z_impl_log_panic
 .text.log_process_thread_func
                0x0000000008001884       0xa4 zephyr/libzephyr.a(log_core.c.obj)
 .text.z_log_msg_post_finalize
                0x0000000008001928       0x78 zephyr/libzephyr.a(log_core.c.obj)
 .text.z_log_msg_commit
                0x00000000080019a0       0x24 zephyr/libzephyr.a(log_core.c.obj)
                0x00000000080019a0                z_log_msg_commit
 .text.log_source_name_get
                0x00000000080019c4       0x1c zephyr/libzephyr.a(log_mgmt.c.obj)
                0x00000000080019c4                log_source_name_get
 .text.z_impl_z_log_msg_static_create
                0x00000000080019e0      0x108 zephyr/libzephyr.a(log_msg.c.obj)
                0x00000000080019e0                z_impl_z_log_msg_static_create
 .text.z_log_msg_runtime_vcreate
                0x0000000008001ae8       0xa0 zephyr/libzephyr.a(log_msg.c.obj)
                0x0000000008001ae8                z_log_msg_runtime_vcreate
 .text.log_msg_get_source_id
                0x0000000008001b88       0x18 zephyr/libzephyr.a(log_msg.c.obj)
                0x0000000008001b88                log_msg_get_source_id
 .text.print_formatted
                0x0000000008001ba0       0x24 zephyr/libzephyr.a(log_output.c.obj)
 .text.newline_print
                0x0000000008001bc4       0x1c zephyr/libzephyr.a(log_output.c.obj)
 .text.log_output_process
                0x0000000008001be0      0x2d4 zephyr/libzephyr.a(log_output.c.obj)
                0x0000000008001be0                log_output_process
 .text.log_output_dropped_process
                0x0000000008001eb4       0x58 zephyr/libzephyr.a(log_output.c.obj)
                0x0000000008001eb4                log_output_dropped_process
 .text.log_output_timestamp_freq_set
                0x0000000008001f0c       0x2c zephyr/libzephyr.a(log_output.c.obj)
                0x0000000008001f0c                log_output_timestamp_freq_set
 .text.char_out
                0x0000000008001f38       0x24 zephyr/libzephyr.a(log_backend_uart.c.obj)
 .text.mem_attr_get_regions
                0x0000000008001f5c        0xc zephyr/libzephyr.a(mem_attr.c.obj)
                0x0000000008001f5c                mem_attr_get_regions
 .text.z_arm_fatal_error
                0x0000000008001f68       0xb8 zephyr/arch/arch/arm/core/libarch__arm__core.a(fatal.c.obj)
                0x0000000008001f68                z_arm_fatal_error
 .text.z_arm_nmi
                0x0000000008002020       0x14 zephyr/arch/arch/arm/core/libarch__arm__core.a(nmi.c.obj)
                0x0000000008002020                z_arm_nmi
 .text.z_SysNmiOnReset
                0x0000000008002034        0x8 zephyr/arch/arch/arm/core/libarch__arm__core.a(nmi_on_reset.S.obj)
                0x0000000008002034                z_SysNmiOnReset
 .text.arch_tls_stack_setup
                0x000000000800203c       0x40 zephyr/arch/arch/arm/core/libarch__arm__core.a(tls.c.obj)
                0x000000000800203c                arch_tls_stack_setup
 .text._HandlerModeExit
                0x000000000800207c       0x20 zephyr/arch/arch/arm/core/cortex_m/libarch__arm__core__cortex_m.a(exc_exit.c.obj)
                0x000000000800207c                z_arm_int_exit
                0x000000000800207c                z_arm_exc_exit
 .text.bus_fault.constprop.0
                0x000000000800209c       0xd0 zephyr/arch/arch/arm/core/cortex_m/libarch__arm__core__cortex_m.a(fault.c.obj)
 .text.usage_fault.constprop.0
                0x000000000800216c       0xa8 zephyr/arch/arch/arm/core/cortex_m/libarch__arm__core__cortex_m.a(fault.c.obj)
 .text.mem_manage_fault
                0x0000000008002214      0x104 zephyr/arch/arch/arm/core/cortex_m/libarch__arm__core__cortex_m.a(fault.c.obj)
 .text.z_arm_fault
                0x0000000008002318      0x1d4 zephyr/arch/arch/arm/core/cortex_m/libarch__arm__core__cortex_m.a(fault.c.obj)
                0x0000000008002318                z_arm_fault
 .text.z_arm_fault_init
                0x00000000080024ec       0x18 zephyr/arch/arch/arm/core/cortex_m/libarch__arm__core__cortex_m.a(fault.c.obj)
                0x00000000080024ec                z_arm_fault_init
 .text.__fault  0x0000000008002504       0x14 zephyr/arch/arch/arm/core/cortex_m/libarch__arm__core__cortex_m.a(fault_s.S.obj)
                0x0000000008002504                z_arm_usage_fault
                0x0000000008002504                z_arm_mpu_fault
                0x0000000008002504                z_arm_exc_spurious
                0x0000000008002504                z_arm_debug_monitor
                0x0000000008002504                z_arm_hard_fault
                0x0000000008002504                z_arm_bus_fault
 .text._reset_section
                0x0000000008002518       0x34 zephyr/arch/arch/arm/core/cortex_m/libarch__arm__core__cortex_m.a(reset.S.obj)
                0x0000000008002518                __start
                0x0000000008002518                z_arm_reset
 .text.z_impl_k_thread_abort
                0x000000000800254c       0x2c zephyr/arch/arch/arm/core/cortex_m/libarch__arm__core__cortex_m.a(thread_abort.c.obj)
                0x000000000800254c                z_impl_k_thread_abort
 .text.z_arm_pendsv
                0x0000000008002578       0x60 zephyr/arch/arch/arm/core/cortex_m/libarch__arm__core__cortex_m.a(swap_helper.S.obj)
                0x0000000008002578                z_arm_pendsv
 .text.z_arm_svc
                0x00000000080025d8       0x24 zephyr/arch/arch/arm/core/cortex_m/libarch__arm__core__cortex_m.a(swap_helper.S.obj)
                0x00000000080025d8                z_arm_svc
 .text.arm_irq_enable
                0x00000000080025fc       0x1c zephyr/arch/arch/arm/core/cortex_m/libarch__arm__core__cortex_m.a(irq_manage.c.obj)
                0x00000000080025fc                arm_irq_enable
 .text.arm_irq_disable
                0x0000000008002618       0x28 zephyr/arch/arch/arm/core/cortex_m/libarch__arm__core__cortex_m.a(irq_manage.c.obj)
                0x0000000008002618                arm_irq_disable
 .text.arm_irq_is_enabled
                0x0000000008002640       0x1c zephyr/arch/arch/arm/core/cortex_m/libarch__arm__core__cortex_m.a(irq_manage.c.obj)
                0x0000000008002640                arm_irq_is_enabled
 .text.arm_irq_priority_set
                0x000000000800265c       0x2c zephyr/arch/arch/arm/core/cortex_m/libarch__arm__core__cortex_m.a(irq_manage.c.obj)
                0x000000000800265c                arm_irq_priority_set
 .text.relocate_vector_table
                0x0000000008002688       0x1c zephyr/arch/arch/arm/core/cortex_m/libarch__arm__core__cortex_m.a(prep_c.c.obj)
                0x0000000008002688                relocate_vector_table
 .text.z_prep_c
                0x00000000080026a4       0x38 zephyr/arch/arch/arm/core/cortex_m/libarch__arm__core__cortex_m.a(prep_c.c.obj)
                0x00000000080026a4                z_prep_c
 .text.arch_new_thread
                0x00000000080026dc       0x2c zephyr/arch/arch/arm/core/cortex_m/libarch__arm__core__cortex_m.a(thread.c.obj)
                0x00000000080026dc                arch_new_thread
 .text.z_check_thread_stack_fail
                0x0000000008002708       0x2c zephyr/arch/arch/arm/core/cortex_m/libarch__arm__core__cortex_m.a(thread.c.obj)
                0x0000000008002708                z_check_thread_stack_fail
 .text.arch_switch_to_main_thread
                0x0000000008002734       0x3c zephyr/arch/arch/arm/core/cortex_m/libarch__arm__core__cortex_m.a(thread.c.obj)
                0x0000000008002734                arch_switch_to_main_thread
 .text.z_arm_cpu_idle_init
                0x0000000008002770        0xc zephyr/arch/arch/arm/core/cortex_m/libarch__arm__core__cortex_m.a(cpu_idle.c.obj)
                0x0000000008002770                z_arm_cpu_idle_init
 .text.z_arm_interrupt_init
                0x000000000800277c       0x18 zephyr/arch/arch/arm/core/cortex_m/libarch__arm__core__cortex_m.a(irq_init.c.obj)
                0x000000000800277c                z_arm_interrupt_init
 .text._isr_wrapper
                0x0000000008002794       0x24 zephyr/arch/arch/arm/core/cortex_m/libarch__arm__core__cortex_m.a(isr_wrapper.c.obj)
                0x0000000008002794                _isr_wrapper
 .text.z_arm_configure_static_mpu_regions
                0x00000000080027b8       0x18 zephyr/arch/arch/arm/core/mpu/libarch__arm__core__mpu.a(arm_core_mpu.c.obj)
                0x00000000080027b8                z_arm_configure_static_mpu_regions
 .text.z_arm_configure_dynamic_mpu_regions
                0x00000000080027d0       0x20 zephyr/arch/arch/arm/core/mpu/libarch__arm__core__mpu.a(arm_core_mpu.c.obj)
                0x00000000080027d0                z_arm_configure_dynamic_mpu_regions
 .text.region_allocate_and_init
                0x00000000080027f0       0x54 zephyr/arch/arch/arm/core/mpu/libarch__arm__core__mpu.a(arm_mpu.c.obj)
 .text.mpu_configure_regions
                0x0000000008002844       0x68 zephyr/arch/arch/arm/core/mpu/libarch__arm__core__mpu.a(arm_mpu.c.obj)
 .text.arm_core_mpu_enable
                0x00000000080028ac       0x18 zephyr/arch/arch/arm/core/mpu/libarch__arm__core__mpu.a(arm_mpu.c.obj)
                0x00000000080028ac                arm_core_mpu_enable
 .text.arm_core_mpu_disable
                0x00000000080028c4       0x14 zephyr/arch/arch/arm/core/mpu/libarch__arm__core__mpu.a(arm_mpu.c.obj)
                0x00000000080028c4                arm_core_mpu_disable
 .text.arm_core_mpu_configure_static_mpu_regions
                0x00000000080028d8       0x14 zephyr/arch/arch/arm/core/mpu/libarch__arm__core__mpu.a(arm_mpu.c.obj)
                0x00000000080028d8                arm_core_mpu_configure_static_mpu_regions
 .text.arm_core_mpu_configure_dynamic_mpu_regions
                0x00000000080028ec       0x38 zephyr/arch/arch/arm/core/mpu/libarch__arm__core__mpu.a(arm_mpu.c.obj)
                0x00000000080028ec                arm_core_mpu_configure_dynamic_mpu_regions
 .text.z_arm_mpu_init
                0x0000000008002924      0x17c zephyr/arch/arch/arm/core/mpu/libarch__arm__core__mpu.a(arm_mpu.c.obj)
                0x0000000008002924                z_arm_mpu_init
 .text.cbvprintf
                0x0000000008002aa0       0x38 zephyr/lib/libc/picolibc/liblib__libc__picolibc.a(cbprintf.c.obj)
                0x0000000008002aa0                cbvprintf
 .text.z_impl_zephyr_fputc
                0x0000000008002ad8       0x10 zephyr/lib/libc/picolibc/liblib__libc__picolibc.a(stdio.c.obj)
                0x0000000008002ad8                z_impl_zephyr_fputc
 .text.__stdout_hook_install
                0x0000000008002ae8       0x18 zephyr/lib/libc/picolibc/liblib__libc__picolibc.a(stdio.c.obj)
                0x0000000008002ae8                __stdout_hook_install
 .text.malloc_prepare
                0x0000000008002b00       0x24 zephyr/lib/libc/common/liblib__libc__common.a(malloc.c.obj)
 .text.net_buf_destroy
                0x0000000008002b24       0x38 zephyr/lib/net_buf/liblib__net_buf.a(buf.c.obj)
 .text.net_buf_id
                0x0000000008002b5c       0x20 zephyr/lib/net_buf/liblib__net_buf.a(buf.c.obj)
                0x0000000008002b5c                net_buf_id
 .text.fixed_data_alloc
                0x0000000008002b7c       0x24 zephyr/lib/net_buf/liblib__net_buf.a(buf.c.obj)
 .text.net_buf_alloc_len
                0x0000000008002ba0       0xfc zephyr/lib/net_buf/liblib__net_buf.a(buf.c.obj)
                0x0000000008002ba0                net_buf_alloc_len
 .text.net_buf_unref
                0x0000000008002c9c       0x38 zephyr/lib/net_buf/liblib__net_buf.a(buf.c.obj)
                0x0000000008002c9c                net_buf_unref
 .text.zvfs_eventfd_ioctl_op
                0x0000000008002cd4      0x130 zephyr/lib/os/zvfs/liblib__os__zvfs.a(zvfs_eventfd.c.obj)
 .text.zvfs_eventfd_rw_op
                0x0000000008002e04       0xfc zephyr/lib/os/zvfs/liblib__os__zvfs.a(zvfs_eventfd.c.obj)
 .text.zvfs_eventfd_write_op
                0x0000000008002f00        0xc zephyr/lib/os/zvfs/liblib__os__zvfs.a(zvfs_eventfd.c.obj)
 .text.zvfs_eventfd_read_op
                0x0000000008002f0c        0xc zephyr/lib/os/zvfs/liblib__os__zvfs.a(zvfs_eventfd.c.obj)
 .text.zvfs_eventfd_close_op
                0x0000000008002f18       0xac zephyr/lib/os/zvfs/liblib__os__zvfs.a(zvfs_eventfd.c.obj)
 .text.zvfs_eventfd
                0x0000000008002fc4       0xb0 zephyr/lib/os/zvfs/liblib__os__zvfs.a(zvfs_eventfd.c.obj)
                0x0000000008002fc4                zvfs_eventfd
 .text.zvfs_eventfd_read
                0x0000000008003074       0x2c zephyr/lib/os/zvfs/liblib__os__zvfs.a(zvfs_eventfd.c.obj)
                0x0000000008003074                zvfs_eventfd_read
 .text.zvfs_eventfd_write
                0x00000000080030a0       0x30 zephyr/lib/os/zvfs/liblib__os__zvfs.a(zvfs_eventfd.c.obj)
                0x00000000080030a0                zvfs_eventfd_write
 .text.zvfs_poll_internal
                0x00000000080030d0      0x200 zephyr/lib/os/zvfs/liblib__os__zvfs.a(zvfs_poll.c.obj)
                0x00000000080030d0                zvfs_poll_internal
 .text.z_impl_sys_rand_get
                0x00000000080032d0       0x40 zephyr/subsys/random/libsubsys__random.a(random_entropy_device.c.obj)
                0x00000000080032d0                z_impl_sys_rand_get
 .text.z_impl_zsock_socket
                0x0000000008003310       0x64 zephyr/subsys/net/libsubsys__net.a(sockets.c.obj)
                0x0000000008003310                z_impl_zsock_socket
 .text.z_impl_zsock_bind
                0x0000000008003374       0x58 zephyr/subsys/net/libsubsys__net.a(sockets.c.obj)
                0x0000000008003374                z_impl_zsock_bind
 .text.z_impl_zsock_connect
                0x00000000080033cc       0x58 zephyr/subsys/net/libsubsys__net.a(sockets.c.obj)
                0x00000000080033cc                z_impl_zsock_connect
 .text.z_impl_zsock_sendto
                0x0000000008003424       0x6c zephyr/subsys/net/libsubsys__net.a(sockets.c.obj)
                0x0000000008003424                z_impl_zsock_sendto
 .text.z_impl_zsock_sendmsg
                0x0000000008003490       0x58 zephyr/subsys/net/libsubsys__net.a(sockets.c.obj)
                0x0000000008003490                z_impl_zsock_sendmsg
 .text.z_impl_zsock_recvfrom
                0x00000000080034e8       0x6c zephyr/subsys/net/libsubsys__net.a(sockets.c.obj)
                0x00000000080034e8                z_impl_zsock_recvfrom
 .text.z_impl_zsock_getsockopt
                0x0000000008003554       0x68 zephyr/subsys/net/libsubsys__net.a(sockets.c.obj)
                0x0000000008003554                z_impl_zsock_getsockopt
 .text.z_impl_zsock_setsockopt
                0x00000000080035bc       0x68 zephyr/subsys/net/libsubsys__net.a(sockets.c.obj)
                0x00000000080035bc                z_impl_zsock_setsockopt
 .text.ipv4_multicast_group.constprop.0
                0x0000000008003624       0x50 zephyr/subsys/net/libsubsys__net.a(sockets_inet.c.obj)
 .text.zsock_socket_internal
                0x0000000008003674       0x88 zephyr/subsys/net/libsubsys__net.a(sockets_inet.c.obj)
 .text.zsock_accepted_cb
                0x00000000080036fc       0x4c zephyr/subsys/net/libsubsys__net.a(sockets_inet.c.obj)
 .text.send_check_and_wait
                0x0000000008003748       0xfc zephyr/subsys/net/libsubsys__net.a(sockets_inet.c.obj)
 .text.sock_ioctl_vmeth
                0x0000000008003844      0x1e4 zephyr/subsys/net/libsubsys__net.a(sockets_inet.c.obj)
 .text.zsock_close_ctx
                0x0000000008003a28       0x58 zephyr/subsys/net/libsubsys__net.a(sockets_inet.c.obj)
                0x0000000008003a28                zsock_close_ctx
 .text.zsock_shutdown_ctx
                0x0000000008003a80       0x68 zephyr/subsys/net/libsubsys__net.a(sockets_inet.c.obj)
                0x0000000008003a80                zsock_shutdown_ctx
 .text.zsock_bind_ctx
                0x0000000008003ae8       0x50 zephyr/subsys/net/libsubsys__net.a(sockets_inet.c.obj)
                0x0000000008003ae8                zsock_bind_ctx
 .text.zsock_connect_ctx
                0x0000000008003b38       0xd4 zephyr/subsys/net/libsubsys__net.a(sockets_inet.c.obj)
                0x0000000008003b38                zsock_connect_ctx
 .text.zsock_listen_ctx
                0x0000000008003c0c       0x50 zephyr/subsys/net/libsubsys__net.a(sockets_inet.c.obj)
                0x0000000008003c0c                zsock_listen_ctx
 .text.zsock_sendto_ctx
                0x0000000008003c5c      0x108 zephyr/subsys/net/libsubsys__net.a(sockets_inet.c.obj)
                0x0000000008003c5c                zsock_sendto_ctx
 .text.zsock_sendmsg_ctx
                0x0000000008003d64       0xb4 zephyr/subsys/net/libsubsys__net.a(sockets_inet.c.obj)
                0x0000000008003d64                zsock_sendmsg_ctx
 .text.zsock_wait_data
                0x0000000008003e18       0x64 zephyr/subsys/net/libsubsys__net.a(sockets_inet.c.obj)
                0x0000000008003e18                zsock_wait_data
 .text.zsock_accept_ctx
                0x0000000008003e7c      0x12c zephyr/subsys/net/libsubsys__net.a(sockets_inet.c.obj)
                0x0000000008003e7c                zsock_accept_ctx
 .text.zsock_recv_dgram
                0x0000000008003fa8      0x2ac zephyr/subsys/net/libsubsys__net.a(sockets_inet.c.obj)
 .text.zsock_recv_stream
                0x0000000008004254      0x184 zephyr/subsys/net/libsubsys__net.a(sockets_inet.c.obj)
 .text.zsock_recvfrom_ctx
                0x00000000080043d8       0x5c zephyr/subsys/net/libsubsys__net.a(sockets_inet.c.obj)
                0x00000000080043d8                zsock_recvfrom_ctx
 .text.zsock_recvmsg_ctx
                0x0000000008004434       0x70 zephyr/subsys/net/libsubsys__net.a(sockets_inet.c.obj)
                0x0000000008004434                zsock_recvmsg_ctx
 .text.zsock_getsockopt_ctx
                0x00000000080044a4      0x170 zephyr/subsys/net/libsubsys__net.a(sockets_inet.c.obj)
                0x00000000080044a4                zsock_getsockopt_ctx
 .text.zsock_setsockopt_ctx
                0x0000000008004614      0x1e4 zephyr/subsys/net/libsubsys__net.a(sockets_inet.c.obj)
                0x0000000008004614                zsock_setsockopt_ctx
 .text.zsock_getpeername_ctx
                0x00000000080047f8       0x74 zephyr/subsys/net/libsubsys__net.a(sockets_inet.c.obj)
                0x00000000080047f8                zsock_getpeername_ctx
 .text.zsock_getsockname_ctx
                0x000000000800486c       0x6c zephyr/subsys/net/libsubsys__net.a(sockets_inet.c.obj)
                0x000000000800486c                zsock_getsockname_ctx
 .text.z_impl_net_socket_service_register
                0x00000000080048d8      0x10c zephyr/subsys/net/libsubsys__net.a(sockets_service.c.obj)
                0x00000000080048d8                z_impl_net_socket_service_register
 .text.socket_service_thread
                0x00000000080049e4      0x1f8 zephyr/subsys/net/libsubsys__net.a(sockets_service.c.obj)
 .text.socket_service_init
                0x0000000008004bdc       0x44 zephyr/subsys/net/libsubsys__net.a(sockets_service.c.obj)
                0x0000000008004bdc                socket_service_init
 .text.ethernet_recv
                0x0000000008004c20      0x134 zephyr/subsys/net/l2/ethernet/libsubsys__net__l2__ethernet.a(ethernet.c.obj)
 .text.net_eth_broadcast_addr
                0x0000000008004d54        0x8 zephyr/subsys/net/l2/ethernet/libsubsys__net__l2__ethernet.a(ethernet.c.obj)
                0x0000000008004d54                net_eth_broadcast_addr
 .text.ethernet_mcast_monitor_cb
                0x0000000008004d5c       0x68 zephyr/subsys/net/l2/ethernet/libsubsys__net__l2__ethernet.a(ethernet.c.obj)
 .text.ethernet_send
                0x0000000008004dc4      0x1c0 zephyr/subsys/net/l2/ethernet/libsubsys__net__l2__ethernet.a(ethernet.c.obj)
 .text.ethernet_init
                0x0000000008004f84       0x58 zephyr/subsys/net/l2/ethernet/libsubsys__net__l2__ethernet.a(ethernet.c.obj)
                0x0000000008004f84                ethernet_init
 .text.arp_entry_get_last_from_table
                0x0000000008004fdc       0x28 zephyr/subsys/net/l2/ethernet/libsubsys__net__l2__ethernet.a(arp.c.obj)
 .text.arp_request_timeout
                0x0000000008005004       0xa8 zephyr/subsys/net/l2/ethernet/libsubsys__net__l2__ethernet.a(arp.c.obj)
 .text.net_arp_prepare
                0x00000000080050ac      0x2b8 zephyr/subsys/net/l2/ethernet/libsubsys__net__l2__ethernet.a(arp.c.obj)
                0x00000000080050ac                net_arp_prepare
 .text.net_arp_update
                0x0000000008005364      0x168 zephyr/subsys/net/l2/ethernet/libsubsys__net__l2__ethernet.a(arp.c.obj)
                0x0000000008005364                net_arp_update
 .text.net_arp_clear_cache
                0x00000000080054cc       0xd0 zephyr/subsys/net/l2/ethernet/libsubsys__net__l2__ethernet.a(arp.c.obj)
                0x00000000080054cc                net_arp_clear_cache
 .text.net_arp_clear_pending
                0x000000000800559c       0x28 zephyr/subsys/net/l2/ethernet/libsubsys__net__l2__ethernet.a(arp.c.obj)
                0x000000000800559c                net_arp_clear_pending
 .text.net_arp_init
                0x00000000080055c4       0x74 zephyr/subsys/net/l2/ethernet/libsubsys__net__l2__ethernet.a(arp.c.obj)
                0x00000000080055c4                net_arp_init
 .text.net_ipv4_is_ll_addr
                0x0000000008005638       0x18 zephyr/subsys/net/ip/libsubsys__net__ip.a(net_if.c.obj)
 .text.need_calc_checksum
                0x0000000008005650       0x64 zephyr/subsys/net/ip/libsubsys__net__ip.a(net_if.c.obj)
 .text.iface_router_update_timer
                0x00000000080056b4       0x7c zephyr/subsys/net/ip/libsubsys__net__ip.a(net_if.c.obj)
 .text.net_if_ipv4_get_best_match
                0x0000000008005730       0x98 zephyr/subsys/net/ip/libsubsys__net__ip.a(net_if.c.obj)
 .text.iface_router_expired
                0x00000000080057c8       0xa8 zephyr/subsys/net/ip/libsubsys__net__ip.a(net_if.c.obj)
 .text.net_if_get_default.part.0
                0x0000000008005870       0x18 zephyr/subsys/net/ip/libsubsys__net__ip.a(net_if.c.obj)
 .text.z_impl_net_if_get_by_index
                0x0000000008005888       0x24 zephyr/subsys/net/ip/libsubsys__net__ip.a(net_if.c.obj)
                0x0000000008005888                z_impl_net_if_get_by_index
 .text.net_if_lookup_by_dev
                0x00000000080058ac       0x28 zephyr/subsys/net/ip/libsubsys__net__ip.a(net_if.c.obj)
                0x00000000080058ac                net_if_lookup_by_dev
 .text.net_if_get_default
                0x00000000080058d4       0x24 zephyr/subsys/net/ip/libsubsys__net__ip.a(net_if.c.obj)
                0x00000000080058d4                net_if_get_default
 .text.net_if_mcast_mon_register
                0x00000000080058f8       0x44 zephyr/subsys/net/ip/libsubsys__net__ip.a(net_if.c.obj)
                0x00000000080058f8                net_if_mcast_mon_register
 .text.net_if_config_ipv4_get
                0x000000000800593c       0x68 zephyr/subsys/net/ip/libsubsys__net__ip.a(net_if.c.obj)
                0x000000000800593c                net_if_config_ipv4_get
 .text.net_if_ipv4_is_addr_bcast
                0x00000000080059a4       0x30 zephyr/subsys/net/ip/libsubsys__net__ip.a(net_if.c.obj)
                0x00000000080059a4                net_if_ipv4_is_addr_bcast
 .text.net_if_ipv4_select_src_addr
                0x00000000080059d4       0xc4 zephyr/subsys/net/ip/libsubsys__net__ip.a(net_if.c.obj)
                0x00000000080059d4                net_if_ipv4_select_src_addr
 .text.net_if_ipv4_addr_lookup
                0x0000000008005a98       0x54 zephyr/subsys/net/ip/libsubsys__net__ip.a(net_if.c.obj)
                0x0000000008005a98                net_if_ipv4_addr_lookup
 .text.net_if_ipv4_addr_add
                0x0000000008005aec       0xc8 zephyr/subsys/net/ip/libsubsys__net__ip.a(net_if.c.obj)
                0x0000000008005aec                net_if_ipv4_addr_add
 .text.net_if_ipv4_maddr_lookup
                0x0000000008005bb4       0x64 zephyr/subsys/net/ip/libsubsys__net__ip.a(net_if.c.obj)
                0x0000000008005bb4                net_if_ipv4_maddr_lookup
 .text.net_if_addr_unref
                0x0000000008005c18       0x94 zephyr/subsys/net/ip/libsubsys__net__ip.a(net_if.c.obj)
                0x0000000008005c18                net_if_addr_unref
 .text.net_if_call_link_cb
                0x0000000008005cac       0x4c zephyr/subsys/net/ip/libsubsys__net__ip.a(net_if.c.obj)
                0x0000000008005cac                net_if_call_link_cb
 .text.net_if_get_by_iface
                0x0000000008005cf8       0x2c zephyr/subsys/net/ip/libsubsys__net__ip.a(net_if.c.obj)
                0x0000000008005cf8                net_if_get_by_iface
 .text.update_operational_state
                0x0000000008005d24      0x1cc zephyr/subsys/net/ip/libsubsys__net__ip.a(net_if.c.obj)
 .text.net_if_tx.isra.0
                0x0000000008005ef0       0xfc zephyr/subsys/net/ip/libsubsys__net__ip.a(net_if.c.obj)
 .text.net_if_try_send_data
                0x0000000008005fec       0xe8 zephyr/subsys/net/ip/libsubsys__net__ip.a(net_if.c.obj)
                0x0000000008005fec                net_if_try_send_data
 .text.net_if_foreach
                0x00000000080060d4       0x24 zephyr/subsys/net/ip/libsubsys__net__ip.a(net_if.c.obj)
                0x00000000080060d4                net_if_foreach
 .text.net_if_up
                0x00000000080060f8       0x74 zephyr/subsys/net/ip/libsubsys__net__ip.a(net_if.c.obj)
                0x00000000080060f8                net_if_up
 .text.net_if_is_wifi
                0x000000000800616c       0x30 zephyr/subsys/net/ip/libsubsys__net__ip.a(net_if.c.obj)
                0x000000000800616c                net_if_is_wifi
 .text.net_if_set_name
                0x000000000800619c       0x64 zephyr/subsys/net/ip/libsubsys__net__ip.a(net_if.c.obj)
                0x000000000800619c                net_if_set_name
 .text.net_if_get_by_name
                0x0000000008006200       0x44 zephyr/subsys/net/ip/libsubsys__net__ip.a(net_if.c.obj)
                0x0000000008006200                net_if_get_by_name
 .text.net_if_init
                0x0000000008006244      0x1c4 zephyr/subsys/net/ip/libsubsys__net__ip.a(net_if.c.obj)
                0x0000000008006244                net_if_init
 .text.net_if_post_init
                0x0000000008006408       0x28 zephyr/subsys/net/ip/libsubsys__net__ip.a(net_if.c.obj)
                0x0000000008006408                net_if_post_init
 .text.z_impl_net_addr_ntop
                0x0000000008006430      0x1d8 zephyr/subsys/net/ip/libsubsys__net__ip.a(utils.c.obj)
                0x0000000008006430                z_impl_net_addr_ntop
 .text.net_sprint_addr
                0x0000000008006608       0x2c zephyr/subsys/net/ip/libsubsys__net__ip.a(utils.c.obj)
                0x0000000008006608                net_sprint_addr
 .text.z_impl_net_addr_pton
                0x0000000008006634      0x1b0 zephyr/subsys/net/ip/libsubsys__net__ip.a(utils.c.obj)
                0x0000000008006634                z_impl_net_addr_pton
 .text.net_ipv4_unspecified_address
                0x00000000080067e4        0x8 zephyr/subsys/net/ip/libsubsys__net__ip.a(utils.c.obj)
                0x00000000080067e4                net_ipv4_unspecified_address
 .text.net_ipv4_broadcast_address
                0x00000000080067ec        0x8 zephyr/subsys/net/ip/libsubsys__net__ip.a(utils.c.obj)
                0x00000000080067ec                net_ipv4_broadcast_address
 .text.mgmt_event_work_handler
                0x00000000080067f4      0x11c zephyr/subsys/net/ip/libsubsys__net__ip.a(net_mgmt.c.obj)
 .text.sys_slist_find_and_remove.constprop.0.isra.0
                0x0000000008006910       0x38 zephyr/subsys/net/ip/libsubsys__net__ip.a(net_mgmt.c.obj)
 .text.mgmt_rebuild_global_event_mask
                0x0000000008006948       0x5c zephyr/subsys/net/ip/libsubsys__net__ip.a(net_mgmt.c.obj)
 .text.net_mgmt_add_event_callback
                0x00000000080069a4       0x48 zephyr/subsys/net/ip/libsubsys__net__ip.a(net_mgmt.c.obj)
                0x00000000080069a4                net_mgmt_add_event_callback
 .text.net_mgmt_del_event_callback
                0x00000000080069ec       0x2c zephyr/subsys/net/ip/libsubsys__net__ip.a(net_mgmt.c.obj)
                0x00000000080069ec                net_mgmt_del_event_callback
 .text.net_mgmt_event_notify_with_info
                0x0000000008006a18       0x8c zephyr/subsys/net/ip/libsubsys__net__ip.a(net_mgmt.c.obj)
                0x0000000008006a18                net_mgmt_event_notify_with_info
 .text.net_mgmt_event_init
                0x0000000008006aa4       0x3c zephyr/subsys/net/ip/libsubsys__net__ip.a(net_mgmt.c.obj)
                0x0000000008006aa4                net_mgmt_event_init
 .text.net_context_packet_received
                0x0000000008006ae0       0xb0 zephyr/subsys/net/ip/libsubsys__net__ip.a(net_context.c.obj)
                0x0000000008006ae0                net_context_packet_received
 .text.check_used_port.constprop.0
                0x0000000008006b90       0xe4 zephyr/subsys/net/ip/libsubsys__net__ip.a(net_context.c.obj)
 .text.net_context_get
                0x0000000008006c74      0x18c zephyr/subsys/net/ip/libsubsys__net__ip.a(net_context.c.obj)
                0x0000000008006c74                net_context_get
 .text.net_context_put
                0x0000000008006e00       0x50 zephyr/subsys/net/ip/libsubsys__net__ip.a(net_context.c.obj)
                0x0000000008006e00                net_context_put
 .text.net_context_bind
                0x0000000008006e50      0x16c zephyr/subsys/net/ip/libsubsys__net__ip.a(net_context.c.obj)
                0x0000000008006e50                net_context_bind
 .text.net_context_create_ipv4_new
                0x0000000008006fbc       0x74 zephyr/subsys/net/ip/libsubsys__net__ip.a(net_context.c.obj)
                0x0000000008006fbc                net_context_create_ipv4_new
 .text.context_sendto
                0x0000000008007030      0x298 zephyr/subsys/net/ip/libsubsys__net__ip.a(net_context.c.obj)
 .text.net_context_recv
                0x00000000080072c8      0x14c zephyr/subsys/net/ip/libsubsys__net__ip.a(net_context.c.obj)
                0x00000000080072c8                net_context_recv
 .text.net_context_set_option
                0x0000000008007414      0x13c zephyr/subsys/net/ip/libsubsys__net__ip.a(net_context.c.obj)
                0x0000000008007414                net_context_set_option
 .text.net_context_get_option
                0x0000000008007550      0x148 zephyr/subsys/net/ip/libsubsys__net__ip.a(net_context.c.obj)
                0x0000000008007550                net_context_get_option
 .text.net_context_init
                0x0000000008007698       0x10 zephyr/subsys/net/ip/libsubsys__net__ip.a(net_context.c.obj)
                0x0000000008007698                net_context_init
 .text.net_pkt_get_reserve_data
                0x00000000080076a8       0x40 zephyr/subsys/net/ip/libsubsys__net__ip.a(net_pkt.c.obj)
                0x00000000080076a8                net_pkt_get_reserve_data
 .text.net_pkt_get_reserve_rx_data
                0x00000000080076e8        0xc zephyr/subsys/net/ip/libsubsys__net__ip.a(net_pkt.c.obj)
                0x00000000080076e8                net_pkt_get_reserve_rx_data
 .text.net_pkt_get_reserve_tx_data
                0x00000000080076f4        0xc zephyr/subsys/net/ip/libsubsys__net__ip.a(net_pkt.c.obj)
                0x00000000080076f4                net_pkt_get_reserve_tx_data
 .text.net_pkt_get_frag
                0x0000000008007700       0x20 zephyr/subsys/net/ip/libsubsys__net__ip.a(net_pkt.c.obj)
                0x0000000008007700                net_pkt_get_frag
 .text.pkt_alloc
                0x0000000008007720       0x50 zephyr/subsys/net/ip/libsubsys__net__ip.a(net_pkt.c.obj)
 .text.net_pkt_alloc
                0x0000000008007770       0x10 zephyr/subsys/net/ip/libsubsys__net__ip.a(net_pkt.c.obj)
                0x0000000008007770                net_pkt_alloc
 .text.net_pkt_rx_alloc
                0x0000000008007780       0x10 zephyr/subsys/net/ip/libsubsys__net__ip.a(net_pkt.c.obj)
                0x0000000008007780                net_pkt_rx_alloc
 .text.net_pkt_alloc_buffer_raw
                0x0000000008007790       0x74 zephyr/subsys/net/ip/libsubsys__net__ip.a(net_pkt.c.obj)
                0x0000000008007790                net_pkt_alloc_buffer_raw
 .text.net_pkt_alloc_buffer_with_reserve
                0x0000000008007804      0x100 zephyr/subsys/net/ip/libsubsys__net__ip.a(net_pkt.c.obj)
                0x0000000008007804                net_pkt_alloc_buffer_with_reserve
 .text.net_pkt_alloc_buffer
                0x0000000008007904       0x7c zephyr/subsys/net/ip/libsubsys__net__ip.a(net_pkt.c.obj)
                0x0000000008007904                net_pkt_alloc_buffer
 .text.net_pkt_alloc_with_buffer
                0x0000000008007980       0x24 zephyr/subsys/net/ip/libsubsys__net__ip.a(net_pkt.c.obj)
                0x0000000008007980                net_pkt_alloc_with_buffer
 .text.net_pkt_rx_alloc_with_buffer
                0x00000000080079a4       0x24 zephyr/subsys/net/ip/libsubsys__net__ip.a(net_pkt.c.obj)
                0x00000000080079a4                net_pkt_rx_alloc_with_buffer
 .text.net_pkt_get_data
                0x00000000080079c8       0x50 zephyr/subsys/net/ip/libsubsys__net__ip.a(net_pkt.c.obj)
                0x00000000080079c8                net_pkt_get_data
 .text.net_tc_submit_to_rx_queue
                0x0000000008007a18       0x18 zephyr/subsys/net/ip/libsubsys__net__ip.a(net_tc.c.obj)
                0x0000000008007a18                net_tc_submit_to_rx_queue
 .text.net_rx_priority2tc
                0x0000000008007a30       0x10 zephyr/subsys/net/ip/libsubsys__net__ip.a(net_tc.c.obj)
                0x0000000008007a30                net_rx_priority2tc
 .text.net_tc_rx_init
                0x0000000008007a40       0x68 zephyr/subsys/net/ip/libsubsys__net__ip.a(net_tc.c.obj)
                0x0000000008007a40                net_tc_rx_init
 .text.icmp_call_handlers
                0x0000000008007aa8       0x6c zephyr/subsys/net/ip/libsubsys__net__ip.a(icmp.c.obj)
 .text.net_icmp_init_ctx
                0x0000000008007b14       0x50 zephyr/subsys/net/ip/libsubsys__net__ip.a(icmp.c.obj)
                0x0000000008007b14                net_icmp_init_ctx
 .text.k_mutex_lock.constprop.0.isra.0
                0x0000000008007b64       0x10 zephyr/subsys/net/ip/libsubsys__net__ip.a(connection.c.obj)
 .text.k_mutex_unlock.constprop.0.isra.0
                0x0000000008007b74        0xc zephyr/subsys/net/ip/libsubsys__net__ip.a(connection.c.obj)
 .text.net_conn_change_local
                0x0000000008007b80       0x68 zephyr/subsys/net/ip/libsubsys__net__ip.a(connection.c.obj)
 .text.net_conn_change_remote
                0x0000000008007be8       0x68 zephyr/subsys/net/ip/libsubsys__net__ip.a(connection.c.obj)
 .text.conn_set_unused
                0x0000000008007c50       0x34 zephyr/subsys/net/ip/libsubsys__net__ip.a(connection.c.obj)
 .text.net_conn_register
                0x0000000008007c84      0x270 zephyr/subsys/net/ip/libsubsys__net__ip.a(connection.c.obj)
                0x0000000008007c84                net_conn_register
 .text.net_conn_unregister
                0x0000000008007ef4       0x78 zephyr/subsys/net/ip/libsubsys__net__ip.a(connection.c.obj)
                0x0000000008007ef4                net_conn_unregister
 .text.net_conn_update
                0x0000000008007f6c       0x58 zephyr/subsys/net/ip/libsubsys__net__ip.a(connection.c.obj)
                0x0000000008007f6c                net_conn_update
 .text.net_conn_input
                0x0000000008007fc4      0x244 zephyr/subsys/net/ip/libsubsys__net__ip.a(connection.c.obj)
                0x0000000008007fc4                net_conn_input
 .text.net_conn_init
                0x0000000008008208       0x3c zephyr/subsys/net/ip/libsubsys__net__ip.a(connection.c.obj)
                0x0000000008008208                net_conn_init
 .text.net_icmpv4_input
                0x0000000008008244       0x7c zephyr/subsys/net/ip/libsubsys__net__ip.a(icmpv4.c.obj)
                0x0000000008008244                net_icmpv4_input
 .text.net_icmpv4_init
                0x00000000080082c0       0x5c zephyr/subsys/net/ip/libsubsys__net__ip.a(icmpv4.c.obj)
                0x00000000080082c0                net_icmpv4_init
 .text.tcp_send
                0x000000000800831c       0x50 zephyr/subsys/net/ip/libsubsys__net__ip.a(tcp.c.obj)
 .text.th_get   0x000000000800836c      0x10c zephyr/subsys/net/ip/libsubsys__net__ip.a(tcp.c.obj)
 .text.tcp_send_timer_cancel
                0x0000000008008478       0x80 zephyr/subsys/net/ip/libsubsys__net__ip.a(tcp.c.obj)
 .text.tcp_enter_time_wait
                0x00000000080084f8       0x28 zephyr/subsys/net/ip/libsubsys__net__ip.a(tcp.c.obj)
 .text.tcp_send_process_no_lock
                0x0000000008008520      0x144 zephyr/subsys/net/ip/libsubsys__net__ip.a(tcp.c.obj)
 .text.tcp_conn_release
                0x0000000008008664      0x150 zephyr/subsys/net/ip/libsubsys__net__ip.a(tcp.c.obj)
 .text.tcp_endpoint_set
                0x00000000080087b4       0x34 zephyr/subsys/net/ip/libsubsys__net__ip.a(tcp.c.obj)
 .text.tcp_unsent_len
                0x00000000080087e8       0x54 zephyr/subsys/net/ip/libsubsys__net__ip.a(tcp.c.obj)
 .text.tcp_conn_unref.isra.0
                0x000000000800883c       0x38 zephyr/subsys/net/ip/libsubsys__net__ip.a(tcp.c.obj)
 .text.net_tcp_get
                0x0000000008008874      0x1fc zephyr/subsys/net/ip/libsubsys__net__ip.a(tcp.c.obj)
                0x0000000008008874                net_tcp_get
 .text.net_tcp_accept
                0x0000000008008a70       0x90 zephyr/subsys/net/ip/libsubsys__net__ip.a(tcp.c.obj)
                0x0000000008008a70                net_tcp_accept
 .text.net_tcp_finalize
                0x0000000008008b00       0x70 zephyr/subsys/net/ip/libsubsys__net__ip.a(tcp.c.obj)
                0x0000000008008b00                net_tcp_finalize
 .text.net_tcp_input
                0x0000000008008b70       0x58 zephyr/subsys/net/ip/libsubsys__net__ip.a(tcp.c.obj)
                0x0000000008008b70                net_tcp_input
 .text.tcp_out_ext
                0x0000000008008bc8      0x1d0 zephyr/subsys/net/ip/libsubsys__net__ip.a(tcp.c.obj)
 .text.tcp_send_zwp
                0x0000000008008d98       0xa4 zephyr/subsys/net/ip/libsubsys__net__ip.a(tcp.c.obj)
 .text.net_tcp_put
                0x0000000008008e3c       0xc4 zephyr/subsys/net/ip/libsubsys__net__ip.a(tcp.c.obj)
                0x0000000008008e3c                net_tcp_put
 .text.net_tcp_connect
                0x0000000008008f00      0x1ec zephyr/subsys/net/ip/libsubsys__net__ip.a(tcp.c.obj)
                0x0000000008008f00                net_tcp_connect
 .text.tcp_send_data
                0x00000000080090ec      0x164 zephyr/subsys/net/ip/libsubsys__net__ip.a(tcp.c.obj)
 .text.tcp_resend_data
                0x0000000008009250      0x1e4 zephyr/subsys/net/ip/libsubsys__net__ip.a(tcp.c.obj)
 .text.net_tcp_update_recv_wnd
                0x0000000008009434       0x48 zephyr/subsys/net/ip/libsubsys__net__ip.a(tcp.c.obj)
                0x0000000008009434                net_tcp_update_recv_wnd
 .text.tcp_data_get
                0x000000000800947c      0x110 zephyr/subsys/net/ip/libsubsys__net__ip.a(tcp.c.obj)
 .text.tcp_send_queued_data.part.0
                0x000000000800958c       0xa8 zephyr/subsys/net/ip/libsubsys__net__ip.a(tcp.c.obj)
 .text.tcp_recv
                0x0000000008009634     0x10f8 zephyr/subsys/net/ip/libsubsys__net__ip.a(tcp.c.obj)
 .text.net_tcp_init
                0x000000000800a72c       0x50 zephyr/subsys/net/ip/libsubsys__net__ip.a(tcp.c.obj)
                0x000000000800a72c                net_tcp_init
 .text.net_udp_finalize
                0x000000000800a77c       0x90 zephyr/subsys/net/ip/libsubsys__net__ip.a(udp.c.obj)
                0x000000000800a77c                net_udp_finalize
 .text.net_udp_input
                0x000000000800a80c       0x8c zephyr/subsys/net/ip/libsubsys__net__ip.a(udp.c.obj)
                0x000000000800a80c                net_udp_input
 .text.publish_decode
                0x000000000800a898       0x90 zephyr/subsys/net/lib/mqtt/libsubsys__net__lib__mqtt.a(mqtt_decoder.c.obj)
                0x000000000800a898                publish_decode
 .text.connect_request_encode
                0x000000000800a928      0x104 zephyr/subsys/net/lib/mqtt/libsubsys__net__lib__mqtt.a(mqtt_encoder.c.obj)
                0x000000000800a928                connect_request_encode
 .text.ping_request_encode
                0x000000000800aa2c       0x24 zephyr/subsys/net/lib/mqtt/libsubsys__net__lib__mqtt.a(mqtt_encoder.c.obj)
                0x000000000800aa2c                ping_request_encode
 .text.mqtt_read_message_chunk
                0x000000000800aa50      0x104 zephyr/subsys/net/lib/mqtt/libsubsys__net__lib__mqtt.a(mqtt_rx.c.obj)
 .text.mqtt_handle_rx
                0x000000000800ab54      0x1e0 zephyr/subsys/net/lib/mqtt/libsubsys__net__lib__mqtt.a(mqtt_rx.c.obj)
                0x000000000800ab54                mqtt_handle_rx
 .text.mqtt_client_tcp_connect
                0x000000000800ad34       0x48 zephyr/subsys/net/lib/mqtt/libsubsys__net__lib__mqtt.a(mqtt_transport_socket_tcp.c.obj)
                0x000000000800ad34                mqtt_client_tcp_connect
 .text.mqtt_client_tcp_write
                0x000000000800ad7c       0x44 zephyr/subsys/net/lib/mqtt/libsubsys__net__lib__mqtt.a(mqtt_transport_socket_tcp.c.obj)
                0x000000000800ad7c                mqtt_client_tcp_write
 .text.mqtt_client_tcp_write_msg
                0x000000000800adc0       0x84 zephyr/subsys/net/lib/mqtt/libsubsys__net__lib__mqtt.a(mqtt_transport_socket_tcp.c.obj)
                0x000000000800adc0                mqtt_client_tcp_write_msg
 .text.mqtt_client_tcp_read
                0x000000000800ae44       0x2c zephyr/subsys/net/lib/mqtt/libsubsys__net__lib__mqtt.a(mqtt_transport_socket_tcp.c.obj)
                0x000000000800ae44                mqtt_client_tcp_read
 .text.mqtt_client_tcp_disconnect
                0x000000000800ae70       0x38 zephyr/subsys/net/lib/mqtt/libsubsys__net__lib__mqtt.a(mqtt_transport_socket_tcp.c.obj)
                0x000000000800ae70                mqtt_client_tcp_disconnect
 .text.mqtt_transport_connect
                0x000000000800aea8       0x14 zephyr/subsys/net/lib/mqtt/libsubsys__net__lib__mqtt.a(mqtt_transport.c.obj)
                0x000000000800aea8                mqtt_transport_connect
 .text.mqtt_transport_write
                0x000000000800aebc       0x18 zephyr/subsys/net/lib/mqtt/libsubsys__net__lib__mqtt.a(mqtt_transport.c.obj)
                0x000000000800aebc                mqtt_transport_write
 .text.mqtt_transport_write_msg
                0x000000000800aed4       0x18 zephyr/subsys/net/lib/mqtt/libsubsys__net__lib__mqtt.a(mqtt_transport.c.obj)
                0x000000000800aed4                mqtt_transport_write_msg
 .text.mqtt_transport_read
                0x000000000800aeec       0x1c zephyr/subsys/net/lib/mqtt/libsubsys__net__lib__mqtt.a(mqtt_transport.c.obj)
                0x000000000800aeec                mqtt_transport_read
 .text.mqtt_client_disconnect
                0x000000000800af08       0x3c zephyr/subsys/net/lib/mqtt/libsubsys__net__lib__mqtt.a(mqtt.c.obj)
                0x000000000800af08                mqtt_client_disconnect
 .text.client_write
                0x000000000800af44       0x38 zephyr/subsys/net/lib/mqtt/libsubsys__net__lib__mqtt.a(mqtt.c.obj)
 .text.mqtt_connect
                0x000000000800af7c       0x9c zephyr/subsys/net/lib/mqtt/libsubsys__net__lib__mqtt.a(mqtt.c.obj)
                0x000000000800af7c                mqtt_connect
 .text.mqtt_publish
                0x000000000800b018       0xa0 zephyr/subsys/net/lib/mqtt/libsubsys__net__lib__mqtt.a(mqtt.c.obj)
                0x000000000800b018                mqtt_publish
 .text.mqtt_ping
                0x000000000800b0b8       0x68 zephyr/subsys/net/lib/mqtt/libsubsys__net__lib__mqtt.a(mqtt.c.obj)
                0x000000000800b0b8                mqtt_ping
 .text.services_notify_ready.constprop.0
                0x000000000800b120       0x28 zephyr/subsys/net/lib/config/libsubsys__net__lib__config.a(init.c.obj)
 .text.iface_up_handler.part.0
                0x000000000800b148       0x4c zephyr/subsys/net/lib/config/libsubsys__net__lib__config.a(init.c.obj)
 .text.iface_up_handler
                0x000000000800b194       0x14 zephyr/subsys/net/lib/config/libsubsys__net__lib__config.a(init.c.obj)
 .text.ipv4_addr_add_handler
                0x000000000800b1a8       0xf8 zephyr/subsys/net/lib/config/libsubsys__net__lib__config.a(init.c.obj)
 .text.net_config_init_by_iface
                0x000000000800b2a0      0x230 zephyr/subsys/net/lib/config/libsubsys__net__lib__config.a(init.c.obj)
                0x000000000800b2a0                net_config_init_by_iface
 .text.net_config_init_app
                0x000000000800b4d0       0x94 zephyr/subsys/net/lib/config/libsubsys__net__lib__config.a(init.c.obj)
                0x000000000800b4d0                net_config_init_app
 .text.init_app
                0x000000000800b564       0x14 zephyr/subsys/net/lib/config/libsubsys__net__lib__config.a(init.c.obj)
 .text.dhcpv4_set_timeout
                0x000000000800b578       0x24 zephyr/subsys/net/lib/dhcpv4/libsubsys__net__lib__dhcpv4.a(dhcpv4.c.obj)
 .text.dhcpv4_enter_bound
                0x000000000800b59c       0x68 zephyr/subsys/net/lib/dhcpv4/libsubsys__net__lib__dhcpv4.a(dhcpv4.c.obj)
 .text.k_mutex_lock.constprop.0.isra.0
                0x000000000800b604       0x10 zephyr/subsys/net/lib/dhcpv4/libsubsys__net__lib__dhcpv4.a(dhcpv4.c.obj)
 .text.k_mutex_unlock.constprop.0.isra.0
                0x000000000800b614        0xc zephyr/subsys/net/lib/dhcpv4/libsubsys__net__lib__dhcpv4.a(dhcpv4.c.obj)
 .text.dhcpv4_iface_event_handler
                0x000000000800b620       0x88 zephyr/subsys/net/lib/dhcpv4/libsubsys__net__lib__dhcpv4.a(dhcpv4.c.obj)
 .text.dhcpv4_start_internal
                0x000000000800b6a8       0x88 zephyr/subsys/net/lib/dhcpv4/libsubsys__net__lib__dhcpv4.a(dhcpv4.c.obj)
 .text.dhcpv4_create_message
                0x000000000800b730      0x1a0 zephyr/subsys/net/lib/dhcpv4/libsubsys__net__lib__dhcpv4.a(dhcpv4.c.obj)
 .text.dhcpv4_timeout
                0x000000000800b8d0      0x204 zephyr/subsys/net/lib/dhcpv4/libsubsys__net__lib__dhcpv4.a(dhcpv4.c.obj)
 .text.net_dhcpv4_input
                0x000000000800bad4      0x44c zephyr/subsys/net/lib/dhcpv4/libsubsys__net__lib__dhcpv4.a(dhcpv4.c.obj)
 .text.net_dhcpv4_init
                0x000000000800bf20       0x60 zephyr/subsys/net/lib/dhcpv4/libsubsys__net__lib__dhcpv4.a(dhcpv4.c.obj)
                0x000000000800bf20                net_dhcpv4_init
 .text.dns_dispatcher_svc_handler
                0x000000000800bf80      0x13c zephyr/subsys/net/lib/dns/libsubsys__net__lib__dns.a(dispatcher.c.obj)
                0x000000000800bf80                dns_dispatcher_svc_handler
 .text.dns_dispatcher_register
                0x000000000800c0bc      0x148 zephyr/subsys/net/lib/dns/libsubsys__net__lib__dns.a(dispatcher.c.obj)
                0x000000000800c0bc                dns_dispatcher_register
 .text.dns_dispatcher_unregister
                0x000000000800c204       0x98 zephyr/subsys/net/lib/dns/libsubsys__net__lib__dns.a(dispatcher.c.obj)
                0x000000000800c204                dns_dispatcher_unregister
 .text.dns_dispatcher_init
                0x000000000800c29c       0x10 zephyr/subsys/net/lib/dns/libsubsys__net__lib__dns.a(dispatcher.c.obj)
                0x000000000800c29c                dns_dispatcher_init
 .text.dns_resolve_close_locked
                0x000000000800c2ac       0x9c zephyr/subsys/net/lib/dns/libsubsys__net__lib__dns.a(resolve.c.obj)
 .text.dns_postprocess_server
                0x000000000800c348      0x134 zephyr/subsys/net/lib/dns/libsubsys__net__lib__dns.a(resolve.c.obj)
 .text.dns_resolve_init_locked
                0x000000000800c47c      0x220 zephyr/subsys/net/lib/dns/libsubsys__net__lib__dns.a(resolve.c.obj)
 .text.dns_resolve_init
                0x000000000800c69c       0x18 zephyr/subsys/net/lib/dns/libsubsys__net__lib__dns.a(resolve.c.obj)
                0x000000000800c69c                dns_resolve_init
 .text.dns_resolve_cancel_with_name
                0x000000000800c6b4       0xa8 zephyr/subsys/net/lib/dns/libsubsys__net__lib__dns.a(resolve.c.obj)
                0x000000000800c6b4                dns_resolve_cancel_with_name
 .text.dispatcher_cb
                0x000000000800c75c      0x380 zephyr/subsys/net/lib/dns/libsubsys__net__lib__dns.a(resolve.c.obj)
 .text.dns_resolve_reconfigure
                0x000000000800cadc       0xe8 zephyr/subsys/net/lib/dns/libsubsys__net__lib__dns.a(resolve.c.obj)
                0x000000000800cadc                dns_resolve_reconfigure
 .text.dns_resolve_get_default
                0x000000000800cbc4        0x8 zephyr/subsys/net/lib/dns/libsubsys__net__lib__dns.a(resolve.c.obj)
                0x000000000800cbc4                dns_resolve_get_default
 .text.dns_resolve_init_default
                0x000000000800cbcc       0x34 zephyr/subsys/net/lib/dns/libsubsys__net__lib__dns.a(resolve.c.obj)
                0x000000000800cbcc                dns_resolve_init_default
 .text.dns_init_resolver
                0x000000000800cc00        0xc zephyr/subsys/net/lib/dns/libsubsys__net__lib__dns.a(resolve.c.obj)
                0x000000000800cc00                dns_init_resolver
 .text.stm32_exti_isr
                0x000000000800cc0c       0x50 zephyr/drivers/interrupt_controller/libdrivers__interrupt_controller.a(intc_exti_stm32.c.obj)
 .text.stm32_fill_irq_table
                0x000000000800cc5c       0x18 zephyr/drivers/interrupt_controller/libdrivers__interrupt_controller.a(intc_exti_stm32.c.obj)
 .text.stm32_exti_init
                0x000000000800cc74       0xb4 zephyr/drivers/interrupt_controller/libdrivers__interrupt_controller.a(intc_exti_stm32.c.obj)
 .text.stm32_gpio_intc_enable_line
                0x000000000800cd28       0x2c zephyr/drivers/interrupt_controller/libdrivers__interrupt_controller.a(intc_exti_stm32.c.obj)
                0x000000000800cd28                stm32_gpio_intc_enable_line
 .text.stm32_gpio_intc_disable_line
                0x000000000800cd54       0x10 zephyr/drivers/interrupt_controller/libdrivers__interrupt_controller.a(intc_exti_stm32.c.obj)
                0x000000000800cd54                stm32_gpio_intc_disable_line
 .text.stm32_gpio_intc_select_line_trigger
                0x000000000800cd64       0x50 zephyr/drivers/interrupt_controller/libdrivers__interrupt_controller.a(intc_exti_stm32.c.obj)
                0x000000000800cd64                stm32_gpio_intc_select_line_trigger
 .text.stm32_gpio_intc_set_irq_callback
                0x000000000800cdb4       0x40 zephyr/drivers/interrupt_controller/libdrivers__interrupt_controller.a(intc_exti_stm32.c.obj)
                0x000000000800cdb4                stm32_gpio_intc_set_irq_callback
 .text.stm32_gpio_intc_remove_irq_callback
                0x000000000800cdf4       0x24 zephyr/drivers/interrupt_controller/libdrivers__interrupt_controller.a(intc_exti_stm32.c.obj)
                0x000000000800cdf4                stm32_gpio_intc_remove_irq_callback
 .text.stm32_exti_get_line_src_port
                0x000000000800ce18       0x30 zephyr/drivers/interrupt_controller/libdrivers__interrupt_controller.a(intc_exti_stm32.c.obj)
                0x000000000800ce18                stm32_exti_get_line_src_port
 .text.stm32_clock_control_get_subsys_rate
                0x000000000800ce48       0x9c zephyr/drivers/clock_control/libdrivers__clock_control.a(clock_stm32_ll_common.c.obj)
 .text.stm32_clock_control_init
                0x000000000800cee4      0x124 zephyr/drivers/clock_control/libdrivers__clock_control.a(clock_stm32_ll_common.c.obj)
                0x000000000800cee4                stm32_clock_control_init
 .text.get_pllsrc_frequency
                0x000000000800d008        0x8 zephyr/drivers/clock_control/libdrivers__clock_control.a(clock_stm32f2_f4_f7.c.obj)
                0x000000000800d008                get_pllsrc_frequency
 .text.config_pll_sysclock
                0x000000000800d010       0x60 zephyr/drivers/clock_control/libdrivers__clock_control.a(clock_stm32f2_f4_f7.c.obj)
                0x000000000800d010                config_pll_sysclock
 .text.config_enable_default_clocks
                0x000000000800d070       0x20 zephyr/drivers/clock_control/libdrivers__clock_control.a(clock_stm32f2_f4_f7.c.obj)
                0x000000000800d070                config_enable_default_clocks
 .text.uart_console_init
                0x000000000800d090       0x28 zephyr/drivers/console/libdrivers__console.a(uart_console.c.obj)
 .text.console_out
                0x000000000800d0b8       0x28 zephyr/drivers/console/libdrivers__console.a(uart_console.c.obj)
 .text.entropy_stm32_suspend.isra.0
                0x000000000800d0e0       0x24 zephyr/drivers/entropy/libdrivers__entropy.a(entropy_stm32.c.obj)
 .text.entropy_stm32_resume.isra.0
                0x000000000800d104       0x30 zephyr/drivers/entropy/libdrivers__entropy.a(entropy_stm32.c.obj)
 .text.start_pool_filling.constprop.0
                0x000000000800d134       0x38 zephyr/drivers/entropy/libdrivers__entropy.a(entropy_stm32.c.obj)
 .text.rng_pool_get
                0x000000000800d16c       0x94 zephyr/drivers/entropy/libdrivers__entropy.a(entropy_stm32.c.obj)
 .text.entropy_stm32_rng_get_entropy
                0x000000000800d200       0x58 zephyr/drivers/entropy/libdrivers__entropy.a(entropy_stm32.c.obj)
 .text.entropy_stm32_rng_init
                0x000000000800d258       0xbc zephyr/drivers/entropy/libdrivers__entropy.a(entropy_stm32.c.obj)
 .text.random_sample_get
                0x000000000800d314       0x60 zephyr/drivers/entropy/libdrivers__entropy.a(entropy_stm32.c.obj)
 .text.entropy_stm32_rng_get_entropy_isr
                0x000000000800d374       0xd4 zephyr/drivers/entropy/libdrivers__entropy.a(entropy_stm32.c.obj)
 .text.stm32_rng_isr
                0x000000000800d448       0xb8 zephyr/drivers/entropy/libdrivers__entropy.a(entropy_stm32.c.obj)
 .text.eth_stm32_hal_get_phy
                0x000000000800d500        0x8 zephyr/drivers/ethernet/libdrivers__ethernet.a(eth_stm32_hal.c.obj)
 .text.clock_control_on.constprop.0
                0x000000000800d508       0x18 zephyr/drivers/ethernet/libdrivers__ethernet.a(eth_stm32_hal.c.obj)
 .text.rx_thread
                0x000000000800d520       0xec zephyr/drivers/ethernet/libdrivers__ethernet.a(eth_stm32_hal.c.obj)
 .text.allocate_tx_buffer
                0x000000000800d60c       0x2c zephyr/drivers/ethernet/libdrivers__ethernet.a(eth_stm32_hal.c.obj)
 .text.eth_initialize
                0x000000000800d638       0xc8 zephyr/drivers/ethernet/libdrivers__ethernet.a(eth_stm32_hal.c.obj)
 .text.eth_iface_init
                0x000000000800d700      0x19c zephyr/drivers/ethernet/libdrivers__ethernet.a(eth_stm32_hal.c.obj)
 .text.phy_link_state_changed
                0x000000000800d89c       0x98 zephyr/drivers/ethernet/libdrivers__ethernet.a(eth_stm32_hal.c.obj)
 .text.HAL_ETH_RxAllocateCallback
                0x000000000800d934       0x40 zephyr/drivers/ethernet/libdrivers__ethernet.a(eth_stm32_hal.c.obj)
                0x000000000800d934                HAL_ETH_RxAllocateCallback
 .text.HAL_ETH_RxLinkCallback
                0x000000000800d974       0x30 zephyr/drivers/ethernet/libdrivers__ethernet.a(eth_stm32_hal.c.obj)
                0x000000000800d974                HAL_ETH_RxLinkCallback
 .text.HAL_ETH_TxFreeCallback
                0x000000000800d9a4       0x1c zephyr/drivers/ethernet/libdrivers__ethernet.a(eth_stm32_hal.c.obj)
                0x000000000800d9a4                HAL_ETH_TxFreeCallback
 .text.eth_tx   0x000000000800d9c0      0x22c zephyr/drivers/ethernet/libdrivers__ethernet.a(eth_stm32_hal.c.obj)
 .text.monitor_work_handler
                0x000000000800dbec       0xdc zephyr/drivers/ethernet/libdrivers__ethernet.a(phy_mii.c.obj)
 .text.phy_mii_initialize
                0x000000000800dcc8      0x154 zephyr/drivers/ethernet/libdrivers__ethernet.a(phy_mii.c.obj)
 .text.autoneg_work_handler
                0x000000000800de1c      0x1b0 zephyr/drivers/ethernet/libdrivers__ethernet.a(phy_mii.c.obj)
 .text.gpio_stm32_pin_interrupt_configure
                0x000000000800dfcc       0xb0 zephyr/drivers/gpio/libdrivers__gpio.a(gpio_stm32.c.obj)
 .text.gpio_stm32_init
                0x000000000800e07c       0x38 zephyr/drivers/gpio/libdrivers__gpio.a(gpio_stm32.c.obj)
 .text.z_impl_hwinfo_get_device_id
                0x000000000800e0b4       0x38 zephyr/drivers/hwinfo/libdrivers__hwinfo.a(hwinfo_stm32.c.obj)
                0x000000000800e0b4                z_impl_hwinfo_get_device_id
 .text.mdio_stm32_init
                0x000000000800e0ec       0x70 zephyr/drivers/mdio/libdrivers__mdio.a(mdio_stm32_hal.c.obj)
 .text.pinctrl_configure_pins
                0x000000000800e15c       0x84 zephyr/drivers/pinctrl/libdrivers__pinctrl.a(pinctrl_stm32.c.obj)
                0x000000000800e15c                pinctrl_configure_pins
 .text.uart_stm32_set_baudrate.part.0
                0x000000000800e1e0       0x14 zephyr/drivers/serial/libdrivers__serial.a(uart_stm32.c.obj)
 .text.uart_stm32_parameters_set
                0x000000000800e1f4      0x134 zephyr/drivers/serial/libdrivers__serial.a(uart_stm32.c.obj)
 .text.uart_stm32_init
                0x000000000800e328      0x1c8 zephyr/drivers/serial/libdrivers__serial.a(uart_stm32.c.obj)
 .text.uart_stm32_configure
                0x000000000800e4f0      0x160 zephyr/drivers/serial/libdrivers__serial.a(uart_stm32.c.obj)
 .text.elapsed  0x000000000800e650       0x4c zephyr/drivers/timer/libdrivers__timer.a(cortex_m_systick.c.obj)
 .text.sys_clock_driver_init
                0x000000000800e69c       0x38 zephyr/drivers/timer/libdrivers__timer.a(cortex_m_systick.c.obj)
 .text.sys_clock_isr
                0x000000000800e6d4       0x60 zephyr/drivers/timer/libdrivers__timer.a(cortex_m_systick.c.obj)
                0x000000000800e6d4                sys_clock_isr
 .text.sys_clock_set_timeout
                0x000000000800e734       0xfc zephyr/drivers/timer/libdrivers__timer.a(cortex_m_systick.c.obj)
                0x000000000800e734                sys_clock_set_timeout
 .text.sys_clock_elapsed
                0x000000000800e830       0x3c zephyr/drivers/timer/libdrivers__timer.a(cortex_m_systick.c.obj)
                0x000000000800e830                sys_clock_elapsed
 .text.sys_clock_cycle_get_32
                0x000000000800e86c       0x28 zephyr/drivers/timer/libdrivers__timer.a(cortex_m_systick.c.obj)
                0x000000000800e86c                sys_clock_cycle_get_32
 .text.HAL_RCC_GetSysClockFreq
                0x000000000800e894       0x5c modules/hal_stm32/stm32cube/lib..__modules__hal__stm32__stm32cube.a(stm32f7xx_hal_rcc.c.obj)
                0x000000000800e894                HAL_RCC_GetSysClockFreq
 .text.HAL_RCC_GetHCLKFreq
                0x000000000800e8f0        0xc modules/hal_stm32/stm32cube/lib..__modules__hal__stm32__stm32cube.a(stm32f7xx_hal_rcc.c.obj)
                0x000000000800e8f0                HAL_RCC_GetHCLKFreq
 .text.ETH_Prepare_Tx_Descriptors
                0x000000000800e8fc      0x164 modules/hal_stm32/stm32cube/lib..__modules__hal__stm32__stm32cube.a(stm32f7xx_hal_eth.c.obj)
 .text.ETH_SetMACConfig
                0x000000000800ea60       0xf0 modules/hal_stm32/stm32cube/lib..__modules__hal__stm32__stm32cube.a(stm32f7xx_hal_eth.c.obj)
 .text.ETH_SetDMAConfig
                0x000000000800eb50       0xb4 modules/hal_stm32/stm32cube/lib..__modules__hal__stm32__stm32cube.a(stm32f7xx_hal_eth.c.obj)
 .text.ETH_UpdateDescriptor
                0x000000000800ec04       0x8c modules/hal_stm32/stm32cube/lib..__modules__hal__stm32__stm32cube.a(stm32f7xx_hal_eth.c.obj)
 .text.HAL_ETH_Init
                0x000000000800ec90      0x1fc modules/hal_stm32/stm32cube/lib..__modules__hal__stm32__stm32cube.a(stm32f7xx_hal_eth.c.obj)
                0x000000000800ec90                HAL_ETH_Init
 .text.HAL_ETH_IRQHandler
                0x000000000800ee8c       0xdc modules/hal_stm32/stm32cube/lib..__modules__hal__stm32__stm32cube.a(stm32f7xx_hal_eth.c.obj)
                0x000000000800ee8c                HAL_ETH_IRQHandler
 .text.HAL_ETH_SetMDIOClockRange
                0x000000000800ef68       0x54 modules/hal_stm32/stm32cube/lib..__modules__hal__stm32__stm32cube.a(stm32f7xx_hal_eth.c.obj)
                0x000000000800ef68                HAL_ETH_SetMDIOClockRange
 .text.HAL_ETH_SetMACFilterConfig
                0x000000000800efbc       0x70 modules/hal_stm32/stm32cube/lib..__modules__hal__stm32__stm32cube.a(stm32f7xx_hal_eth.c.obj)
                0x000000000800efbc                HAL_ETH_SetMACFilterConfig
 .text.LL_SetFlashLatency
                0x000000000800f02c       0xe0 modules/hal_stm32/stm32cube/lib..__modules__hal__stm32__stm32cube.a(stm32f7xx_ll_utils.c.obj)
                0x000000000800f02c                LL_SetFlashLatency
 .text.k_sys_fatal_error_handler
                0x000000000800f10c       0x20 zephyr/kernel/libkernel.a(fatal.c.obj)
                0x000000000800f10c                k_sys_fatal_error_handler
 .text.z_fatal_error
                0x000000000800f12c       0xe8 zephyr/kernel/libkernel.a(fatal.c.obj)
                0x000000000800f12c                z_fatal_error
 .text.z_sys_init_run_level
                0x000000000800f214       0x30 zephyr/kernel/libkernel.a(init.c.obj)
 .text.bg_thread_main
                0x000000000800f244       0xc0 zephyr/kernel/libkernel.a(init.c.obj)
 .text.z_bss_zero
                0x000000000800f304       0x2c zephyr/kernel/libkernel.a(init.c.obj)
                0x000000000800f304                z_bss_zero
 .text.z_init_cpu
                0x000000000800f330       0x70 zephyr/kernel/libkernel.a(init.c.obj)
                0x000000000800f330                z_init_cpu
 .text.z_cstart
                0x000000000800f3a0       0xcc zephyr/kernel/libkernel.a(init.c.obj)
                0x000000000800f3a0                z_cstart
 .text.statics_init
                0x000000000800f46c       0x24 zephyr/kernel/libkernel.a(kheap.c.obj)
 .text.init_mem_slab_obj_core_list
                0x000000000800f490       0x24 zephyr/kernel/libkernel.a(mem_slab.c.obj)
 .text.k_mem_slab_alloc
                0x000000000800f4b4       0x5c zephyr/kernel/libkernel.a(mem_slab.c.obj)
                0x000000000800f4b4                k_mem_slab_alloc
 .text.z_impl_k_msgq_put
                0x000000000800f510       0xbc zephyr/kernel/libkernel.a(msg_q.c.obj)
                0x000000000800f510                z_impl_k_msgq_put
 .text.z_impl_k_msgq_get
                0x000000000800f5cc       0xc4 zephyr/kernel/libkernel.a(msg_q.c.obj)
                0x000000000800f5cc                z_impl_k_msgq_get
 .text.z_impl_k_mutex_lock
                0x000000000800f690       0xf0 zephyr/kernel/libkernel.a(mutex.c.obj)
                0x000000000800f690                z_impl_k_mutex_lock
 .text.z_impl_k_mutex_unlock
                0x000000000800f780       0xa0 zephyr/kernel/libkernel.a(mutex.c.obj)
                0x000000000800f780                z_impl_k_mutex_unlock
 .text.z_impl_k_queue_get
                0x000000000800f820       0x64 zephyr/kernel/libkernel.a(queue.c.obj)
                0x000000000800f820                z_impl_k_queue_get
 .text.z_impl_k_sem_give
                0x000000000800f884       0x74 zephyr/kernel/libkernel.a(sem.c.obj)
                0x000000000800f884                z_impl_k_sem_give
 .text.z_impl_k_sem_take
                0x000000000800f8f8       0x4c zephyr/kernel/libkernel.a(sem.c.obj)
                0x000000000800f8f8                z_impl_k_sem_take
 .text.z_impl_k_sem_reset
                0x000000000800f944       0x80 zephyr/kernel/libkernel.a(sem.c.obj)
                0x000000000800f944                z_impl_k_sem_reset
 .text.work_queue_main
                0x000000000800f9c4      0x14c zephyr/kernel/libkernel.a(work.c.obj)
 .text.submit_to_queue_locked
                0x000000000800fb10       0xb0 zephyr/kernel/libkernel.a(work.c.obj)
 .text.k_work_submit
                0x000000000800fbc0        0xc zephyr/kernel/libkernel.a(work.c.obj)
                0x000000000800fbc0                k_work_submit
 .text.k_work_queue_start
                0x000000000800fbcc       0x7c zephyr/kernel/libkernel.a(work.c.obj)
                0x000000000800fbcc                k_work_queue_start
 .text.k_work_schedule_for_queue
                0x000000000800fc48       0x54 zephyr/kernel/libkernel.a(work.c.obj)
                0x000000000800fc48                k_work_schedule_for_queue
 .text.k_work_reschedule_for_queue
                0x000000000800fc9c       0x5c zephyr/kernel/libkernel.a(work.c.obj)
                0x000000000800fc9c                k_work_reschedule_for_queue
 .text.k_work_reschedule
                0x000000000800fcf8        0xc zephyr/kernel/libkernel.a(work.c.obj)
                0x000000000800fcf8                k_work_reschedule
 .text.z_impl_k_condvar_signal
                0x000000000800fd04       0x4c zephyr/kernel/libkernel.a(condvar.c.obj)
                0x000000000800fd04                z_impl_k_condvar_signal
 .text.z_impl_k_condvar_broadcast
                0x000000000800fd50       0x70 zephyr/kernel/libkernel.a(condvar.c.obj)
                0x000000000800fd50                z_impl_k_condvar_broadcast
 .text.z_impl_k_condvar_wait
                0x000000000800fdc0       0x4c zephyr/kernel/libkernel.a(condvar.c.obj)
                0x000000000800fdc0                z_impl_k_condvar_wait
 .text.z_setup_new_thread
                0x000000000800fe0c       0x9c zephyr/kernel/libkernel.a(thread.c.obj)
                0x000000000800fe0c                z_setup_new_thread
 .text.z_impl_k_thread_create
                0x000000000800fea8       0x58 zephyr/kernel/libkernel.a(thread.c.obj)
                0x000000000800fea8                z_impl_k_thread_create
 .text.z_dummy_thread_init
                0x000000000800ff00       0x18 zephyr/kernel/libkernel.a(thread.c.obj)
                0x000000000800ff00                z_dummy_thread_init
 .text.z_swap_irqlock
                0x000000000800ff18       0x30 zephyr/kernel/libkernel.a(sched.c.obj)
 .text.ready_thread
                0x000000000800ff48       0x84 zephyr/kernel/libkernel.a(sched.c.obj)
 .text.unready_thread
                0x000000000800ffcc       0x54 zephyr/kernel/libkernel.a(sched.c.obj)
 .text.add_thread_timeout
                0x0000000008010020       0x1c zephyr/kernel/libkernel.a(sched.c.obj)
 .text.move_thread_to_end_of_prio_q
                0x000000000801003c       0x90 zephyr/kernel/libkernel.a(sched.c.obj)
                0x000000000801003c                move_thread_to_end_of_prio_q
 .text.z_pend_curr
                0x00000000080100cc       0x44 zephyr/kernel/libkernel.a(sched.c.obj)
                0x00000000080100cc                z_pend_curr
 .text.z_thread_prio_set
                0x0000000008010110       0xe4 zephyr/kernel/libkernel.a(sched.c.obj)
                0x0000000008010110                z_thread_prio_set
 .text.z_reschedule
                0x00000000080101f4       0x24 zephyr/kernel/libkernel.a(sched.c.obj)
                0x00000000080101f4                z_reschedule
 .text.z_reschedule_irqlock
                0x0000000008010218       0x28 zephyr/kernel/libkernel.a(sched.c.obj)
                0x0000000008010218                z_reschedule_irqlock
 .text.k_sched_lock
                0x0000000008010240       0x28 zephyr/kernel/libkernel.a(sched.c.obj)
                0x0000000008010240                k_sched_lock
 .text.k_sched_unlock
                0x0000000008010268       0x68 zephyr/kernel/libkernel.a(sched.c.obj)
                0x0000000008010268                k_sched_unlock
 .text.z_sched_init
                0x00000000080102d0       0x10 zephyr/kernel/libkernel.a(sched.c.obj)
                0x00000000080102d0                z_sched_init
 .text.z_impl_k_yield
                0x00000000080102e0       0x88 zephyr/kernel/libkernel.a(sched.c.obj)
                0x00000000080102e0                z_impl_k_yield
 .text.z_tick_sleep
                0x0000000008010368       0x78 zephyr/kernel/libkernel.a(sched.c.obj)
 .text.z_impl_k_wakeup
                0x00000000080103e0       0x48 zephyr/kernel/libkernel.a(sched.c.obj)
                0x00000000080103e0                z_impl_k_wakeup
 .text.z_impl_k_sched_current_thread_query
                0x0000000008010428        0xc zephyr/kernel/libkernel.a(sched.c.obj)
                0x0000000008010428                z_impl_k_sched_current_thread_query
 .text.z_thread_abort
                0x0000000008010434      0x138 zephyr/kernel/libkernel.a(sched.c.obj)
                0x0000000008010434                z_thread_abort
 .text.z_sched_wait
                0x000000000801056c       0x24 zephyr/kernel/libkernel.a(sched.c.obj)
                0x000000000801056c                z_sched_wait
 .text.slice_timeout
                0x0000000008010590       0x20 zephyr/kernel/libkernel.a(timeslicing.c.obj)
 .text.thread_is_sliceable
                0x00000000080105b0       0x3c zephyr/kernel/libkernel.a(timeslicing.c.obj)
                0x00000000080105b0                thread_is_sliceable
 .text.z_reset_time_slice
                0x00000000080105ec       0x50 zephyr/kernel/libkernel.a(timeslicing.c.obj)
                0x00000000080105ec                z_reset_time_slice
 .text.z_time_slice
                0x000000000801063c       0x60 zephyr/kernel/libkernel.a(timeslicing.c.obj)
                0x000000000801063c                z_time_slice
 .text.z_data_copy
                0x000000000801069c       0x50 zephyr/kernel/libkernel.a(xip.c.obj)
                0x000000000801069c                z_data_copy
 .text.first    0x00000000080106ec       0x10 zephyr/kernel/libkernel.a(timeout.c.obj)
 .text.elapsed  0x00000000080106fc       0x14 zephyr/kernel/libkernel.a(timeout.c.obj)
 .text.remove_timeout
                0x0000000008010710       0x38 zephyr/kernel/libkernel.a(timeout.c.obj)
 .text.timeout_rem
                0x0000000008010748       0x30 zephyr/kernel/libkernel.a(timeout.c.obj)
 .text.z_add_timeout
                0x0000000008010778      0x124 zephyr/kernel/libkernel.a(timeout.c.obj)
                0x0000000008010778                z_add_timeout
 .text.sys_clock_announce
                0x000000000801089c       0xc0 zephyr/kernel/libkernel.a(timeout.c.obj)
                0x000000000801089c                sys_clock_announce
 .text.sys_clock_tick_get
                0x000000000801095c       0x30 zephyr/kernel/libkernel.a(timeout.c.obj)
                0x000000000801095c                sys_clock_tick_get
 .text.z_timer_expiration_handler
                0x000000000801098c       0xe0 zephyr/kernel/libkernel.a(timer.c.obj)
                0x000000000801098c                z_timer_expiration_handler
 .text.z_impl_k_timer_start
                0x0000000008010a6c       0x74 zephyr/kernel/libkernel.a(timer.c.obj)
                0x0000000008010a6c                z_impl_k_timer_start
 .text.clear_event_registrations
                0x0000000008010ae0       0x60 zephyr/kernel/libkernel.a(poll.c.obj)
 .text.z_impl_k_poll
                0x0000000008010b40       0xb0 zephyr/kernel/libkernel.a(poll.c.obj)
                0x0000000008010b40                z_impl_k_poll
 .text.z_impl_k_poll_signal_raise
                0x0000000008010bf0       0x50 zephyr/kernel/libkernel.a(poll.c.obj)
                0x0000000008010bf0                z_impl_k_poll_signal_raise
 .text.z_thread_alloc_helper
                0x0000000008010c40       0x4c zephyr/kernel/libkernel.a(mempool.c.obj)
 .text.z_thread_malloc
                0x0000000008010c8c       0x10 zephyr/kernel/libkernel.a(mempool.c.obj)
                0x0000000008010c8c                z_thread_malloc
 .text.boot_banner
                0x0000000008010c9c        0xc zephyr/kernel/libkernel.a(banner.c.obj)
                0x0000000008010c9c                boot_banner
 .text.k_sys_work_q_init
                0x0000000008010ca8       0x2c zephyr/kernel/libkernel.a(system_work_q.c.obj)
 .text.snprintf
                0x0000000008010cd4       0x58 c:\zephyr-sdk-0.16.5\arm-zephyr-eabi\bin\../lib/gcc/../../picolibc/arm-zephyr-eabi/lib/thumb/v7e-m/nofp\libc.a(libc_tinystdio_snprintf.c.o)
                0x0000000008010cd4                snprintf
 .text.strtol   0x0000000008010d2c       0xec c:\zephyr-sdk-0.16.5\arm-zephyr-eabi\bin\../lib/gcc/../../picolibc/arm-zephyr-eabi/lib/thumb/v7e-m/nofp\libc.a(libc_tinystdio_strtol.c.o)
                0x0000000008010d2c                strtol
 .text.strtoul  0x0000000008010e18       0xcc c:\zephyr-sdk-0.16.5\arm-zephyr-eabi\bin\../lib/gcc/../../picolibc/arm-zephyr-eabi/lib/thumb/v7e-m/nofp\libc.a(libc_tinystdio_strtoul.c.o)
                0x0000000008010e18                strtoul
 .text.skip_to_arg
                0x0000000008010ee4      0x138 c:\zephyr-sdk-0.16.5\arm-zephyr-eabi\bin\../lib/gcc/../../picolibc/arm-zephyr-eabi/lib/thumb/v7e-m/nofp\libc.a(libc_tinystdio_vfprintf.c.o)
 .text.vfprintf
                0x000000000801101c      0x9f8 c:\zephyr-sdk-0.16.5\arm-zephyr-eabi\bin\../lib/gcc/../../picolibc/arm-zephyr-eabi/lib/thumb/v7e-m/nofp\libc.a(libc_tinystdio_vfprintf.c.o)
                0x000000000801101c                __d_vfprintf
 .text.div10    0x0000000008011a14       0x28 c:\zephyr-sdk-0.16.5\arm-zephyr-eabi\bin\../lib/gcc/../../picolibc/arm-zephyr-eabi/lib/thumb/v7e-m/nofp\libc.a(libc_tinystdio_dtoa_ryu.c.o)
 .text.__dtoa_engine
                0x0000000008011a3c      0x49c c:\zephyr-sdk-0.16.5\arm-zephyr-eabi\bin\../lib/gcc/../../picolibc/arm-zephyr-eabi/lib/thumb/v7e-m/nofp\libc.a(libc_tinystdio_dtoa_ryu.c.o)
                0x0000000008011a3c                __dtoa_engine
 .text.__log10Pow2
                0x0000000008011ed8        0xc c:\zephyr-sdk-0.16.5\arm-zephyr-eabi\bin\../lib/gcc/../../picolibc/arm-zephyr-eabi/lib/thumb/v7e-m/nofp\libc.a(libc_tinystdio_ryu_log10.c.o)
                0x0000000008011ed8                __log10Pow2
 .text.__log10Pow5
                0x0000000008011ee4        0xc c:\zephyr-sdk-0.16.5\arm-zephyr-eabi\bin\../lib/gcc/../../picolibc/arm-zephyr-eabi/lib/thumb/v7e-m/nofp\libc.a(libc_tinystdio_ryu_log10.c.o)
                0x0000000008011ee4                __log10Pow5
 .text.__pow5bits
                0x0000000008011ef0       0x10 c:\zephyr-sdk-0.16.5\arm-zephyr-eabi\bin\../lib/gcc/../../picolibc/arm-zephyr-eabi/lib/thumb/v7e-m/nofp\libc.a(libc_tinystdio_ryu_pow5bits.c.o)
                0x0000000008011ef0                __pow5bits
 .text.__pow5Factor
                0x0000000008011f00       0x30 c:\zephyr-sdk-0.16.5\arm-zephyr-eabi\bin\../lib/gcc/../../picolibc/arm-zephyr-eabi/lib/thumb/v7e-m/nofp\libc.a(libc_tinystdio_ryu_table.c.o)
                0x0000000008011f00                __pow5Factor
 .text.__double_computePow5
                0x0000000008011f30       0xe8 c:\zephyr-sdk-0.16.5\arm-zephyr-eabi\bin\../lib/gcc/../../picolibc/arm-zephyr-eabi/lib/thumb/v7e-m/nofp\libc.a(libc_tinystdio_ryu_table.c.o)
                0x0000000008011f30                __double_computePow5
 .text.__double_computeInvPow5
                0x0000000008012018       0xf8 c:\zephyr-sdk-0.16.5\arm-zephyr-eabi\bin\../lib/gcc/../../picolibc/arm-zephyr-eabi/lib/thumb/v7e-m/nofp\libc.a(libc_tinystdio_ryu_table.c.o)
                0x0000000008012018                __double_computeInvPow5
 .text._OffsetAbsSyms
                0x0000000008012110        0x2 zephyr/CMakeFiles/offsets.dir/./arch/arm/core/offsets/offsets.c.obj
                0x0000000008012110                _OffsetAbsSyms
 .text.net_if_flag_is_set
                0x0000000008012112       0x18 app/libapp.a(main.c.obj)
 .text.z_log_msg_simple_create_0
                0x000000000801212a        0x4 app/libapp.a(main.c.obj)
 .text.net_if_is_up.part.0
                0x000000000801212e       0x1a app/libapp.a(main.c.obj)
 .text.sys_rand32_get
                0x0000000008012148       0x14 app/libapp.a(main.c.obj)
 .text.k_sleep.isra.0
                0x000000000801215c        0x4 app/libapp.a(main.c.obj)
 .text.crc32_ieee
                0x0000000008012160        0xa zephyr/libzephyr.a(crc32_sw.c.obj)
                0x0000000008012160                crc32_ieee
 .text.crc16_reflect
                0x000000000801216a       0x2a zephyr/libzephyr.a(crc16_sw.c.obj)
                0x000000000801216a                crc16_reflect
 .text.chunk_size
                0x0000000008012194        0xa zephyr/libzephyr.a(heap.c.obj)
 .text.free_list_add
                0x000000000801219e       0x4e zephyr/libzephyr.a(heap.c.obj)
 .text.free_list_remove_bidx
                0x00000000080121ec       0x3a zephyr/libzephyr.a(heap.c.obj)
 .text.free_list_remove
                0x0000000008012226       0x1a zephyr/libzephyr.a(heap.c.obj)
 .text.alloc_chunk
                0x0000000008012240       0x6e zephyr/libzephyr.a(heap.c.obj)
 .text.merge_chunks
                0x00000000080122ae       0x2c zephyr/libzephyr.a(heap.c.obj)
 .text.split_chunks
                0x00000000080122da       0x34 zephyr/libzephyr.a(heap.c.obj)
 .text.free_chunk
                0x000000000801230e       0x62 zephyr/libzephyr.a(heap.c.obj)
 .text.sys_heap_free
                0x0000000008012370       0x1e zephyr/libzephyr.a(heap.c.obj)
                0x0000000008012370                sys_heap_free
 .text.sys_heap_alloc
                0x000000000801238e       0x52 zephyr/libzephyr.a(heap.c.obj)
                0x000000000801238e                sys_heap_alloc
 .text.sys_heap_noalign_alloc
                0x00000000080123e0        0x6 zephyr/libzephyr.a(heap.c.obj)
                0x00000000080123e0                sys_heap_noalign_alloc
 .text.sys_heap_init
                0x00000000080123e6       0x7a zephyr/libzephyr.a(heap.c.obj)
                0x00000000080123e6                sys_heap_init
 .text.cbpprintf_external
                0x0000000008012460       0x62 zephyr/libzephyr.a(cbprintf_packaged.c.obj)
                0x0000000008012460                cbpprintf_external
 .text.is_ptr   0x00000000080124c2       0x4a zephyr/libzephyr.a(cbprintf_packaged.c.obj)
                0x00000000080124c2                is_ptr
 .text.arch_printk_char_out
                0x000000000801250c        0x4 zephyr/libzephyr.a(printk.c.obj)
                0x000000000801250c                arch_printk_char_out
 .text.printk   0x0000000008012510       0x1a zephyr/libzephyr.a(printk.c.obj)
                0x0000000008012510                printk
 .text.zvfs_fdtable_call_ioctl
                0x000000000801252a       0x1e zephyr/libzephyr.a(fdtable.c.obj)
 .text.k_mutex_lock.constprop.0.isra.0
                0x0000000008012548        0x4 zephyr/libzephyr.a(fdtable.c.obj)
 .text.k_mutex_unlock.isra.0
                0x000000000801254c        0x4 zephyr/libzephyr.a(fdtable.c.obj)
 .text.zvfs_free_fd
                0x0000000008012550        0x4 zephyr/libzephyr.a(fdtable.c.obj)
                0x0000000008012550                zvfs_free_fd
 .text.free_space
                0x0000000008012554       0x26 zephyr/libzephyr.a(mpsc_pbuf.c.obj)
 .text.get_usage
                0x000000000801257a       0x22 zephyr/libzephyr.a(mpsc_pbuf.c.obj)
 .text.idx_inc  0x000000000801259c       0x1c zephyr/libzephyr.a(mpsc_pbuf.c.obj)
 .text.rd_idx_inc
                0x00000000080125b8       0x18 zephyr/libzephyr.a(mpsc_pbuf.c.obj)
 .text.add_skip_item
                0x00000000080125d0       0x3a zephyr/libzephyr.a(mpsc_pbuf.c.obj)
 .text.drop_item_locked
                0x000000000801260a      0x100 zephyr/libzephyr.a(mpsc_pbuf.c.obj)
 .text.post_drop_action
                0x000000000801270a       0x36 zephyr/libzephyr.a(mpsc_pbuf.c.obj)
 .text.max_utilization_update
                0x0000000008012740       0x1a zephyr/libzephyr.a(mpsc_pbuf.c.obj)
 .text.mpsc_pbuf_init
                0x000000000801275a       0x42 zephyr/libzephyr.a(mpsc_pbuf.c.obj)
                0x000000000801275a                mpsc_pbuf_init
 .text.mpsc_pbuf_alloc
                0x000000000801279c       0xfe zephyr/libzephyr.a(mpsc_pbuf.c.obj)
                0x000000000801279c                mpsc_pbuf_alloc
 .text.mpsc_pbuf_commit
                0x000000000801289a       0x3e zephyr/libzephyr.a(mpsc_pbuf.c.obj)
                0x000000000801289a                mpsc_pbuf_commit
 .text.mpsc_pbuf_claim
                0x00000000080128d8       0xa8 zephyr/libzephyr.a(mpsc_pbuf.c.obj)
                0x00000000080128d8                mpsc_pbuf_claim
 .text.mpsc_pbuf_free
                0x0000000008012980       0x76 zephyr/libzephyr.a(mpsc_pbuf.c.obj)
                0x0000000008012980                mpsc_pbuf_free
 .text.mpsc_pbuf_is_pending
                0x00000000080129f6       0x32 zephyr/libzephyr.a(mpsc_pbuf.c.obj)
                0x00000000080129f6                mpsc_pbuf_is_pending
 .text.setup_bundle_data.constprop.0
                0x0000000008012a28       0x3e zephyr/libzephyr.a(bitarray.c.obj)
 .text.set_region
                0x0000000008012a66       0x90 zephyr/libzephyr.a(bitarray.c.obj)
 .text.match_region
                0x0000000008012af6       0x8c zephyr/libzephyr.a(bitarray.c.obj)
 .text.sys_bitarray_test_and_set_bit
                0x0000000008012b82       0x4e zephyr/libzephyr.a(bitarray.c.obj)
                0x0000000008012b82                sys_bitarray_test_and_set_bit
 .text.sys_bitarray_alloc