Archive member included to satisfy reference by file (symbol)

app/libapp.a(main.c.obj)      (--whole-archive)
zephyr/libzephyr.a(heap.c.obj)
                              (--whole-archive)
zephyr/libzephyr.a(cbprintf_packaged.c.obj)
                              (--whole-archive)
zephyr/libzephyr.a(printk.c.obj)
                              (--whole-archive)
zephyr/libzephyr.a(sem.c.obj)
                              (--whole-archive)
zephyr/libzephyr.a(thread_entry.c.obj)
                              (--whole-archive)
zephyr/libzephyr.a(cbprintf_complete.c.obj)
                              (--whole-archive)
zephyr/libzephyr.a(cbprintf.c.obj)
                              (--whole-archive)
zephyr/libzephyr.a(assert.c.obj)
                              (--whole-archive)
zephyr/libzephyr.a(mpsc_pbuf.c.obj)
                              (--whole-archive)
zephyr/libzephyr.a(reboot.c.obj)
                              (--whole-archive)
zephyr/libzephyr.a(dec.c.obj)
                              (--whole-archive)
zephyr/libzephyr.a(hex.c.obj)
                              (--whole-archive)
zephyr/libzephyr.a(rb.c.obj)  (--whole-archive)
zephyr/libzephyr.a(timeutil.c.obj)
                              (--whole-archive)
zephyr/libzephyr.a(bitarray.c.obj)
                              (--whole-archive)
zephyr/libzephyr.a(ring_buffer.c.obj)
                              (--whole-archive)
zephyr/libzephyr.a(last_section_id.c.obj)
                              (--whole-archive)
zephyr/libzephyr.a(configs.c.obj)
                              (--whole-archive)
zephyr/libzephyr.a(stm32cube_hal.c.obj)
                              (--whole-archive)
zephyr/libzephyr.a(soc_config.c.obj)
                              (--whole-archive)
zephyr/libzephyr.a(soc.c.obj)
                              (--whole-archive)
zephyr/libzephyr.a(log_core.c.obj)
                              (--whole-archive)
zephyr/libzephyr.a(log_mgmt.c.obj)
                              (--whole-archive)
zephyr/libzephyr.a(log_cache.c.obj)
                              (--whole-archive)
zephyr/libzephyr.a(log_msg.c.obj)
                              (--whole-archive)
zephyr/libzephyr.a(log_output.c.obj)
                              (--whole-archive)
zephyr/libzephyr.a(log_backend_uart.c.obj)
                              (--whole-archive)
zephyr/libzephyr.a(mem_attr.c.obj)
                              (--whole-archive)
zephyr/libzephyr.a(tracing_none.c.obj)
                              (--whole-archive)
zephyr/arch/common/libarch__common.a(sw_isr_common.c.obj)
                              (--whole-archive)
zephyr/arch/arch/arm/core/libarch__arm__core.a(fatal.c.obj)
                              (--whole-archive)
zephyr/arch/arch/arm/core/libarch__arm__core.a(nmi.c.obj)
                              (--whole-archive)
zephyr/arch/arch/arm/core/libarch__arm__core.a(nmi_on_reset.S.obj)
                              (--whole-archive)
zephyr/arch/arch/arm/core/cortex_m/libarch__arm__core__cortex_m.a(exc_exit.c.obj)
                              (--whole-archive)
zephyr/arch/arch/arm/core/cortex_m/libarch__arm__core__cortex_m.a(fault.c.obj)
                              (--whole-archive)
zephyr/arch/arch/arm/core/cortex_m/libarch__arm__core__cortex_m.a(fault_s.S.obj)
                              (--whole-archive)
zephyr/arch/arch/arm/core/cortex_m/libarch__arm__core__cortex_m.a(fpu.c.obj)
                              (--whole-archive)
zephyr/arch/arch/arm/core/cortex_m/libarch__arm__core__cortex_m.a(reset.S.obj)
                              (--whole-archive)
zephyr/arch/arch/arm/core/cortex_m/libarch__arm__core__cortex_m.a(scb.c.obj)
                              (--whole-archive)
zephyr/arch/arch/arm/core/cortex_m/libarch__arm__core__cortex_m.a(thread_abort.c.obj)
                              (--whole-archive)
zephyr/arch/arch/arm/core/cortex_m/libarch__arm__core__cortex_m.a(vector_table.S.obj)
                              (--whole-archive)
zephyr/arch/arch/arm/core/cortex_m/libarch__arm__core__cortex_m.a(swap_helper.S.obj)
                              (--whole-archive)
zephyr/arch/arch/arm/core/cortex_m/libarch__arm__core__cortex_m.a(irq_manage.c.obj)
                              (--whole-archive)
zephyr/arch/arch/arm/core/cortex_m/libarch__arm__core__cortex_m.a(prep_c.c.obj)
                              (--whole-archive)
zephyr/arch/arch/arm/core/cortex_m/libarch__arm__core__cortex_m.a(thread.c.obj)
                              (--whole-archive)
zephyr/arch/arch/arm/core/cortex_m/libarch__arm__core__cortex_m.a(cpu_idle.c.obj)
                              (--whole-archive)
zephyr/arch/arch/arm/core/cortex_m/libarch__arm__core__cortex_m.a(irq_init.c.obj)
                              (--whole-archive)
zephyr/arch/arch/arm/core/cortex_m/libarch__arm__core__cortex_m.a(isr_wrapper.c.obj)
                              (--whole-archive)
zephyr/arch/arch/arm/core/mpu/libarch__arm__core__mpu.a(arm_core_mpu.c.obj)
[...]
Memory Configuration

Name             Origin             Length             Attributes
FLASH            0x0000000008000000 0x0000000000100000 xr
RAM              0x0000000020010000 0x0000000000040000 xw
BACKUP_SRAM      0x0000000040024000 0x0000000000001000 rw
QSPI_PLACEHOLDER 0x0000000090000000 0x0000000010000000 rw
SRAM0            0x0000000020010000 0x0000000000040000 rw
DTCM             0x0000000020000000 0x0000000000010000 rw
IDT_LIST         0x00000000ffff7fff 0x0000000000008000 xw
*default*        0x0000000000000000 0xffffffffffffffff

Linker script and memory map

LOAD zephyr/CMakeFiles/zephyr_pre0.dir/misc/empty_file.c.obj
LOAD zephyr/CMakeFiles/offsets.dir/./arch/arm/core/offsets/offsets.c.obj
LOAD app/libapp.a
LOAD zephyr/libzephyr.a
LOAD zephyr/arch/common/libarch__common.a
LOAD zephyr/arch/arch/arm/core/libarch__arm__core.a
LOAD zephyr/arch/arch/arm/core/cortex_m/libarch__arm__core__cortex_m.a
LOAD zephyr/arch/arch/arm/core/mpu/libarch__arm__core__mpu.a
LOAD zephyr/lib/libc/newlib/liblib__libc__newlib.a
LOAD zephyr/lib/libc/common/liblib__libc__common.a
LOAD zephyr/drivers/interrupt_controller/libdrivers__interrupt_controller.a
LOAD zephyr/drivers/clock_control/libdrivers__clock_control.a
LOAD zephyr/drivers/console/libdrivers__console.a
LOAD zephyr/drivers/gpio/libdrivers__gpio.a
LOAD zephyr/drivers/lora/libloramac-node.a
LOAD zephyr/drivers/pinctrl/libdrivers__pinctrl.a
LOAD zephyr/drivers/reset/libdrivers__reset.a
LOAD zephyr/drivers/serial/libdrivers__serial.a
LOAD zephyr/drivers/spi/libdrivers__spi.a
LOAD zephyr/drivers/timer/libdrivers__timer.a
LOAD modules/hal_stm32/stm32cube/lib..__modules__hal__stm32__stm32cube.a
LOAD zephyr/kernel/libkernel.a
LOAD zephyr/arch/common/libisr_tables.a
LOAD C:/zephyr-sdk-0.16.5/arm-zephyr-eabi/arm-zephyr-eabi/lib/thumb/v7e-m/nofp\libm.a
LOAD C:/zephyr-sdk-0.16.5/arm-zephyr-eabi/arm-zephyr-eabi/lib/thumb/v7e-m/nofp\libc.a
LOAD c:/zephyr-sdk-0.16.5/arm-zephyr-eabi/bin/../lib/gcc/arm-zephyr-eabi/12.2.0/thumb/v7e-m/nofp\libgcc.a
LOAD C:/zephyr-sdk-0.16.5/arm-zephyr-eabi/arm-zephyr-eabi/lib/thumb/v7e-m/nofp\libc.a
                0x0000000000000020                _region_min_align = 0x20

.rel.plt        0x0000000008000000        0x0
 *(SORT_BY_ALIGNMENT(.rel.plt))
                [!provide]                        PROVIDE (__rel_iplt_start = .)
 *(SORT_BY_ALIGNMENT(.rel.iplt))
 .rel.iplt      0x0000000008000000        0x0 app/libapp.a(main.c.obj)
                [!provide]                        PROVIDE (__rel_iplt_end = .)

.rela.plt       0x0000000000000000        0x0
 *(SORT_BY_ALIGNMENT(.rela.plt))
                [!provide]                        PROVIDE (__rela_iplt_start = .)
 *(SORT_BY_ALIGNMENT(.rela.iplt))
                [!provide]                        PROVIDE (__rela_iplt_end = .)

.rel.dyn
 *(SORT_BY_ALIGNMENT(.rel.*))

.rela.dyn
 *(SORT_BY_ALIGNMENT(.rela.*))

/DISCARD/
 *(SORT_BY_ALIGNMENT(.plt))

/DISCARD/
 *(SORT_BY_ALIGNMENT(.iplt))
                0x0000000008000000                __rom_region_start = 0x8000000

rom_start       0x0000000008000000      0x1c8
                0x0000000008000000                __rom_start_address = .
 FILL mask 0x00
                0x0000000008000000                . = (. + (0x0 - (. - __rom_start_address)))
                0x0000000008000000                . = ALIGN (0x4)
                0x0000000008000000                . = ALIGN (0x80)
                0x0000000008000000                . = ALIGN (0x200)
                0x0000000008000000                _vector_start = .
 *(SORT_BY_ALIGNMENT(.exc_vector_table))
 *(SORT_BY_ALIGNMENT(.exc_vector_table.*))
 .exc_vector_table._vector_table_section
                0x0000000008000000       0x40 zephyr/arch/arch/arm/core/cortex_m/libarch__arm__core__cortex_m.a(vector_table.S.obj)
                0x0000000008000000                _vector_table
 *(SORT_BY_ALIGNMENT(.vectors))
                0x00000000080001c8                _vector_end = .
                0x0000000008000040                . = ALIGN (0x4)
 *(SORT_BY_ALIGNMENT(.gnu.linkonce.irq_vector_table*))
 .gnu.linkonce.irq_vector_table
                0x0000000008000040      0x188 zephyr/arch/common/libisr_tables.a(isr_tables.c.obj)
                0x0000000008000040                _irq_vector_table
                0x00000000080001c8                _vector_end = .

text            0x0000000008000200     0xf7e8
                0x0000000008000200                __text_region_start = .
 *(SORT_BY_ALIGNMENT(.text))
 .text          0x0000000008000200       0xdc C:/zephyr-sdk-0.16.5/arm-zephyr-eabi/arm-zephyr-eabi/lib/thumb/v7e-m/nofp\libc.a(lib_a-strlen.o)
                0x0000000008000200                strlen
 *fill*         0x00000000080002dc        0x4 
 .text          0x00000000080002e0       0xa0 C:/zephyr-sdk-0.16.5/arm-zephyr-eabi/arm-zephyr-eabi/lib/thumb/v7e-m/nofp\libc.a(lib_a-memchr.o)
                0x00000000080002e0                memchr
 .text          0x0000000008000380      0x134 C:/zephyr-sdk-0.16.5/arm-zephyr-eabi/arm-zephyr-eabi/lib/thumb/v7e-m/nofp\libc.a(lib_a-memcpy.o)
                0x0000000008000380                memcpy
 .text          0x00000000080004b4      0x378 c:/zephyr-sdk-0.16.5/arm-zephyr-eabi/bin/../lib/gcc/arm-zephyr-eabi/12.2.0/thumb/v7e-m/nofp\libgcc.a(_arm_addsubdf3.o)
                0x00000000080004b4                __aeabi_drsub
                0x00000000080004bc                __aeabi_dsub
                0x00000000080004bc                __subdf3
                0x00000000080004c0                __aeabi_dadd
                0x00000000080004c0                __adddf3
                0x0000000008000738                __floatunsidf
                0x0000000008000738                __aeabi_ui2d
                0x0000000008000758                __floatsidf
                0x0000000008000758                __aeabi_i2d
                0x000000000800077c                __aeabi_f2d
                0x000000000800077c                __extendsfdf2
                0x00000000080007c0                __floatundidf
                0x00000000080007c0                __aeabi_ul2d
                0x00000000080007d0                __floatdidf
                0x00000000080007d0                __aeabi_l2d
 .text          0x000000000800082c      0x424 c:/zephyr-sdk-0.16.5/arm-zephyr-eabi/bin/../lib/gcc/arm-zephyr-eabi/12.2.0/thumb/v7e-m/nofp\libgcc.a(_arm_muldivdf3.o)
                0x000000000800082c                __aeabi_dmul
                0x000000000800082c                __muldf3
                0x0000000008000a80                __divdf3
                0x0000000008000a80                __aeabi_ddiv
 .text          0x0000000008000c50      0x110 c:/zephyr-sdk-0.16.5/arm-zephyr-eabi/bin/../lib/gcc/arm-zephyr-eabi/12.2.0/thumb/v7e-m/nofp\libgcc.a(_arm_cmpdf2.o)
                0x0000000008000c50                __gtdf2
                0x0000000008000c50                __gedf2
                0x0000000008000c58                __ltdf2
                0x0000000008000c58                __ledf2
                0x0000000008000c60                __nedf2
                0x0000000008000c60                __eqdf2
                0x0000000008000c60                __cmpdf2
                0x0000000008000cdc                __aeabi_cdrcmple
                0x0000000008000cec                __aeabi_cdcmpeq
                0x0000000008000cec                __aeabi_cdcmple
                0x0000000008000cfc                __aeabi_dcmpeq
                0x0000000008000d10                __aeabi_dcmplt
                0x0000000008000d24                __aeabi_dcmple
                0x0000000008000d38                __aeabi_dcmpge
                0x0000000008000d4c                __aeabi_dcmpgt
 .text          0x0000000008000d60       0x2c c:/zephyr-sdk-0.16.5/arm-zephyr-eabi/bin/../lib/gcc/arm-zephyr-eabi/12.2.0/thumb/v7e-m/nofp\libgcc.a(_arm_unorddf2.o)
                0x0000000008000d60                __unorddf2
                0x0000000008000d60                __aeabi_dcmpun
 .text          0x0000000008000d8c       0x50 c:/zephyr-sdk-0.16.5/arm-zephyr-eabi/bin/../lib/gcc/arm-zephyr-eabi/12.2.0/thumb/v7e-m/nofp\libgcc.a(_arm_fixdfsi.o)
                0x0000000008000d8c                __aeabi_d2iz
                0x0000000008000d8c                __fixdfsi
 .text          0x0000000008000ddc       0x30 c:/zephyr-sdk-0.16.5/arm-zephyr-eabi/bin/../lib/gcc/arm-zephyr-eabi/12.2.0/thumb/v7e-m/nofp\libgcc.a(_aeabi_uldivmod.o)
                0x0000000008000ddc                __aeabi_uldivmod
 .text          0x0000000008000e0c        0x4 c:/zephyr-sdk-0.16.5/arm-zephyr-eabi/bin/../lib/gcc/arm-zephyr-eabi/12.2.0/thumb/v7e-m/nofp\libgcc.a(_dvmd_tls.o)
                0x0000000008000e0c                __aeabi_idiv0
                0x0000000008000e0c                __aeabi_ldiv0
 .text          0x0000000008000e10      0x2a0 c:/zephyr-sdk-0.16.5/arm-zephyr-eabi/bin/../lib/gcc/arm-zephyr-eabi/12.2.0/thumb/v7e-m/nofp\libgcc.a(_udivmoddi4.o)
                0x0000000008000e10                __udivmoddi4
 *(SORT_BY_ALIGNMENT(.text.*))
 .text._dtoa_r  0x00000000080010b0      0xe48 C:/zephyr-sdk-0.16.5/arm-zephyr-eabi/arm-zephyr-eabi/lib/thumb/v7e-m/nofp\libc.a(lib_a-dtoa.o)
                0x00000000080010b0                _dtoa_r
 .text.lora_receive_cb.part.0
                0x0000000008001ef8       0x14 app/libapp.a(main.c.obj)
 .text.process_sensor_data
                0x0000000008001f0c      0x214 app/libapp.a(main.c.obj)
 .text.lora_receive_cb
                0x0000000008002120       0x58 app/libapp.a(main.c.obj)
 .text.status_thread
                0x0000000008002178       0xf8 app/libapp.a(main.c.obj)
 .text.main     0x0000000008002270      0x204 app/libapp.a(main.c.obj)
                0x0000000008002270                main
 .text.cbvprintf_package
                0x0000000008002474      0x3a4 zephyr/libzephyr.a(cbprintf_packaged.c.obj)
                0x0000000008002474                cbvprintf_package
 .text.cbprintf_package_convert
                0x0000000008002818      0x3cc zephyr/libzephyr.a(cbprintf_packaged.c.obj)
                0x0000000008002818                cbprintf_package_convert
 .text.__printk_hook_install
                0x0000000008002be4        0xc zephyr/libzephyr.a(printk.c.obj)
                0x0000000008002be4                __printk_hook_install
 .text.vsnprintk
                0x0000000008002bf0       0x2c zephyr/libzephyr.a(printk.c.obj)
                0x0000000008002bf0                vsnprintk
 .text.extract_decimal
                0x0000000008002c1c       0x2c zephyr/libzephyr.a(cbprintf_complete.c.obj)
 .text.encode_uint
                0x0000000008002c48       0x9c zephyr/libzephyr.a(cbprintf_complete.c.obj)
 .text.z_cbvprintf_impl
                0x0000000008002ce4      0x76c zephyr/libzephyr.a(cbprintf_complete.c.obj)
                0x0000000008002ce4                z_cbvprintf_impl
 .text.st_stm32_common_config
                0x0000000008003450       0x14 zephyr/libzephyr.a(soc_config.c.obj)
 .text.soc_early_init_hook
                0x0000000008003464       0x28 zephyr/libzephyr.a(soc.c.obj)
                0x0000000008003464                soc_early_init_hook
 .text.activate_foreach_backend
                0x000000000800348c       0x64 zephyr/libzephyr.a(log_core.c.obj)
 .text.enable_logger
                0x00000000080034f0       0x5c zephyr/libzephyr.a(log_core.c.obj)
 .text.log_process_thread_timer_expiry_fn
                0x000000000800354c        0xc zephyr/libzephyr.a(log_core.c.obj)
 .text.z_log_init
                0x0000000008003558       0x94 zephyr/libzephyr.a(log_core.c.obj)
 .text.log_format_func_t_get
                0x00000000080035ec        0xc zephyr/libzephyr.a(log_core.c.obj)
                0x00000000080035ec                log_format_func_t_get
 .text.log_set_timestamp_func
                0x00000000080035f8       0x20 zephyr/libzephyr.a(log_core.c.obj)
                0x00000000080035f8                log_set_timestamp_func
 .text.z_log_notify_backend_enabled
                0x0000000008003618       0x1c zephyr/libzephyr.a(log_core.c.obj)
                0x0000000008003618                z_log_notify_backend_enabled
 .text.z_log_dropped
                0x0000000008003634       0x44 zephyr/libzephyr.a(log_core.c.obj)
                0x0000000008003634                z_log_dropped
 .text.z_log_dropped_read_and_clear
                0x0000000008003678       0x20 zephyr/libzephyr.a(log_core.c.obj)
                0x0000000008003678                z_log_dropped_read_and_clear
 .text.dropped_notify
                0x0000000008003698       0x30 zephyr/libzephyr.a(log_core.c.obj)
                0x0000000008003698                dropped_notify
 .text.z_log_msg_init
                0x00000000080036c8       0x20 zephyr/libzephyr.a(log_core.c.obj)
                0x00000000080036c8                z_log_msg_init
 .text.log_core_init
                0x00000000080036e8       0x50 zephyr/libzephyr.a(log_core.c.obj)
                0x00000000080036e8                log_core_init
 .text.z_log_msg_alloc
                0x0000000008003738       0x10 zephyr/libzephyr.a(log_core.c.obj)
                0x0000000008003738                z_log_msg_alloc
 .text.z_log_msg_local_claim
                0x0000000008003748        0xc zephyr/libzephyr.a(log_core.c.obj)
                0x0000000008003748                z_log_msg_local_claim
 .text.z_log_msg_free
                0x0000000008003754       0x10 zephyr/libzephyr.a(log_core.c.obj)
                0x0000000008003754                z_log_msg_free
 .text.z_log_msg_pending
                0x0000000008003764        0xc zephyr/libzephyr.a(log_core.c.obj)
                0x0000000008003764                z_log_msg_pending
 .text.z_impl_log_process
                0x0000000008003770       0xb4 zephyr/libzephyr.a(log_core.c.obj)
                0x0000000008003770                z_impl_log_process
 .text.z_impl_log_panic
                0x0000000008003824       0x44 zephyr/libzephyr.a(log_core.c.obj)
                0x0000000008003824                z_impl_log_panic
 .text.log_process_thread_func
                0x0000000008003868       0x9c zephyr/libzephyr.a(log_core.c.obj)
 .text.z_log_msg_post_finalize
                0x0000000008003904       0x78 zephyr/libzephyr.a(log_core.c.obj)
 .text.z_log_msg_commit
                0x000000000800397c       0x24 zephyr/libzephyr.a(log_core.c.obj)
                0x000000000800397c                z_log_msg_commit
 .text.log_source_name_get
                0x00000000080039a0       0x1c zephyr/libzephyr.a(log_mgmt.c.obj)
                0x00000000080039a0                log_source_name_get
 .text.z_impl_z_log_msg_static_create
                0x00000000080039bc      0x108 zephyr/libzephyr.a(log_msg.c.obj)
                0x00000000080039bc                z_impl_z_log_msg_static_create
 .text.z_log_msg_runtime_vcreate
                0x0000000008003ac4       0xa0 zephyr/libzephyr.a(log_msg.c.obj)
                0x0000000008003ac4                z_log_msg_runtime_vcreate
 .text.log_msg_get_source_id
                0x0000000008003b64       0x18 zephyr/libzephyr.a(log_msg.c.obj)
                0x0000000008003b64                log_msg_get_source_id
 .text.print_formatted
                0x0000000008003b7c       0x24 zephyr/libzephyr.a(log_output.c.obj)
 .text.newline_print
                0x0000000008003ba0       0x1c zephyr/libzephyr.a(log_output.c.obj)
 .text.log_output_process
                0x0000000008003bbc      0x2dc zephyr/libzephyr.a(log_output.c.obj)
                0x0000000008003bbc                log_output_process
 .text.log_output_dropped_process
                0x0000000008003e98       0x58 zephyr/libzephyr.a(log_output.c.obj)
                0x0000000008003e98                log_output_dropped_process
 .text.log_output_timestamp_freq_set
                0x0000000008003ef0       0x2c zephyr/libzephyr.a(log_output.c.obj)
                0x0000000008003ef0                log_output_timestamp_freq_set
 .text.char_out
                0x0000000008003f1c       0x24 zephyr/libzephyr.a(log_backend_uart.c.obj)
 .text.mem_attr_get_regions
                0x0000000008003f40        0xc zephyr/libzephyr.a(mem_attr.c.obj)
                0x0000000008003f40                mem_attr_get_regions
 .text.z_arm_fatal_error
                0x0000000008003f4c       0xb8 zephyr/arch/arch/arm/core/libarch__arm__core.a(fatal.c.obj)
                0x0000000008003f4c                z_arm_fatal_error
 .text.z_arm_nmi
                0x0000000008004004       0x14 zephyr/arch/arch/arm/core/libarch__arm__core.a(nmi.c.obj)
                0x0000000008004004                z_arm_nmi
 .text.z_SysNmiOnReset
                0x0000000008004018        0x8 zephyr/arch/arch/arm/core/libarch__arm__core.a(nmi_on_reset.S.obj)
                0x0000000008004018                z_SysNmiOnReset
 .text._HandlerModeExit
                0x0000000008004020       0x20 zephyr/arch/arch/arm/core/cortex_m/libarch__arm__core__cortex_m.a(exc_exit.c.obj)
                0x0000000008004020                z_arm_int_exit
                0x0000000008004020                z_arm_exc_exit
 .text.bus_fault.constprop.0
                0x0000000008004040       0xd0 zephyr/arch/arch/arm/core/cortex_m/libarch__arm__core__cortex_m.a(fault.c.obj)
 .text.usage_fault.constprop.0
                0x0000000008004110       0xa8 zephyr/arch/arch/arm/core/cortex_m/libarch__arm__core__cortex_m.a(fault.c.obj)
 .text.mem_manage_fault
                0x00000000080041b8      0x104 zephyr/arch/arch/arm/core/cortex_m/libarch__arm__core__cortex_m.a(fault.c.obj)
 .text.z_arm_fault
                0x00000000080042bc      0x1d4 zephyr/arch/arch/arm/core/cortex_m/libarch__arm__core__cortex_m.a(fault.c.obj)
                0x00000000080042bc                z_arm_fault
 .text.z_arm_fault_init
                0x0000000008004490       0x18 zephyr/arch/arch/arm/core/cortex_m/libarch__arm__core__cortex_m.a(fault.c.obj)
                0x0000000008004490                z_arm_fault_init
 .text.__fault  0x00000000080044a8       0x14 zephyr/arch/arch/arm/core/cortex_m/libarch__arm__core__cortex_m.a(fault_s.S.obj)
                0x00000000080044a8                z_arm_usage_fault
                0x00000000080044a8                z_arm_mpu_fault
                0x00000000080044a8                z_arm_exc_spurious
                0x00000000080044a8                z_arm_debug_monitor
                0x00000000080044a8                z_arm_hard_fault
                0x00000000080044a8                z_arm_bus_fault
 .text._reset_section
                0x00000000080044bc       0x34 zephyr/arch/arch/arm/core/cortex_m/libarch__arm__core__cortex_m.a(reset.S.obj)
                0x00000000080044bc                __start
                0x00000000080044bc                z_arm_reset
 .text.z_impl_k_thread_abort
                0x00000000080044f0       0x2c zephyr/arch/arch/arm/core/cortex_m/libarch__arm__core__cortex_m.a(thread_abort.c.obj)
                0x00000000080044f0                z_impl_k_thread_abort
 .text.z_arm_pendsv
                0x000000000800451c       0x54 zephyr/arch/arch/arm/core/cortex_m/libarch__arm__core__cortex_m.a(swap_helper.S.obj)
                0x000000000800451c                z_arm_pendsv
 .text.z_arm_svc
                0x0000000008004570       0x24 zephyr/arch/arch/arm/core/cortex_m/libarch__arm__core__cortex_m.a(swap_helper.S.obj)
                0x0000000008004570                z_arm_svc
 .text.arm_irq_enable
                0x0000000008004594       0x1c zephyr/arch/arch/arm/core/cortex_m/libarch__arm__core__cortex_m.a(irq_manage.c.obj)
                0x0000000008004594                arm_irq_enable
 .text.arm_irq_priority_set
                0x00000000080045b0       0x2c zephyr/arch/arch/arm/core/cortex_m/libarch__arm__core__cortex_m.a(irq_manage.c.obj)
                0x00000000080045b0                arm_irq_priority_set
 .text.relocate_vector_table
                0x00000000080045dc       0x1c zephyr/arch/arch/arm/core/cortex_m/libarch__arm__core__cortex_m.a(prep_c.c.obj)
                0x00000000080045dc                relocate_vector_table
 .text.z_prep_c
                0x00000000080045f8       0x38 zephyr/arch/arch/arm/core/cortex_m/libarch__arm__core__cortex_m.a(prep_c.c.obj)
                0x00000000080045f8                z_prep_c
 .text.arch_new_thread
                0x0000000008004630       0x2c zephyr/arch/arch/arm/core/cortex_m/libarch__arm__core__cortex_m.a(thread.c.obj)
                0x0000000008004630                arch_new_thread
 .text.z_check_thread_stack_fail
                0x000000000800465c       0x2c zephyr/arch/arch/arm/core/cortex_m/libarch__arm__core__cortex_m.a(thread.c.obj)
                0x000000000800465c                z_check_thread_stack_fail
 .text.arch_switch_to_main_thread
                0x0000000008004688       0x34 zephyr/arch/arch/arm/core/cortex_m/libarch__arm__core__cortex_m.a(thread.c.obj)
                0x0000000008004688                arch_switch_to_main_thread
 .text.z_arm_cpu_idle_init
                0x00000000080046bc        0xc zephyr/arch/arch/arm/core/cortex_m/libarch__arm__core__cortex_m.a(cpu_idle.c.obj)
                0x00000000080046bc                z_arm_cpu_idle_init
 .text.z_arm_interrupt_init
                0x00000000080046c8       0x18 zephyr/arch/arch/arm/core/cortex_m/libarch__arm__core__cortex_m.a(irq_init.c.obj)
                0x00000000080046c8                z_arm_interrupt_init
 .text._isr_wrapper
                0x00000000080046e0       0x24 zephyr/arch/arch/arm/core/cortex_m/libarch__arm__core__cortex_m.a(isr_wrapper.c.obj)
                0x00000000080046e0                _isr_wrapper
 .text.z_arm_configure_static_mpu_regions
                0x0000000008004704       0x18 zephyr/arch/arch/arm/core/mpu/libarch__arm__core__mpu.a(arm_core_mpu.c.obj)
                0x0000000008004704                z_arm_configure_static_mpu_regions
 .text.z_arm_configure_dynamic_mpu_regions
                0x000000000800471c       0x20 zephyr/arch/arch/arm/core/mpu/libarch__arm__core__mpu.a(arm_core_mpu.c.obj)
                0x000000000800471c                z_arm_configure_dynamic_mpu_regions
 .text.region_allocate_and_init
                0x000000000800473c       0x54 zephyr/arch/arch/arm/core/mpu/libarch__arm__core__mpu.a(arm_mpu.c.obj)
 .text.mpu_configure_regions
                0x0000000008004790       0x68 zephyr/arch/arch/arm/core/mpu/libarch__arm__core__mpu.a(arm_mpu.c.obj)
 .text.arm_core_mpu_enable
                0x00000000080047f8       0x18 zephyr/arch/arch/arm/core/mpu/libarch__arm__core__mpu.a(arm_mpu.c.obj)
                0x00000000080047f8                arm_core_mpu_enable
 .text.arm_core_mpu_disable
                0x0000000008004810       0x14 zephyr/arch/arch/arm/core/mpu/libarch__arm__core__mpu.a(arm_mpu.c.obj)
                0x0000000008004810                arm_core_mpu_disable
 .text.arm_core_mpu_configure_static_mpu_regions
                0x0000000008004824       0x14 zephyr/arch/arch/arm/core/mpu/libarch__arm__core__mpu.a(arm_mpu.c.obj)
                0x0000000008004824                arm_core_mpu_configure_static_mpu_regions
 .text.arm_core_mpu_configure_dynamic_mpu_regions
                0x0000000008004838       0x38 zephyr/arch/arch/arm/core/mpu/libarch__arm__core__mpu.a(arm_mpu.c.obj)
                0x0000000008004838                arm_core_mpu_configure_dynamic_mpu_regions
 .text.z_arm_mpu_init
                0x0000000008004870      0x17c zephyr/arch/arch/arm/core/mpu/libarch__arm__core__mpu.a(arm_mpu.c.obj)
                0x0000000008004870                z_arm_mpu_init
 .text.__stdout_hook_install
                0x00000000080049ec        0xc zephyr/lib/libc/newlib/liblib__libc__newlib.a(libc-hooks.c.obj)
                0x00000000080049ec                __stdout_hook_install
 .text.z_impl_zephyr_read_stdin
                0x00000000080049f8       0x28 zephyr/lib/libc/newlib/liblib__libc__newlib.a(libc-hooks.c.obj)
                0x00000000080049f8                z_impl_zephyr_read_stdin
 .text.z_impl_zephyr_write_stdout
                0x0000000008004a20       0x30 zephyr/lib/libc/newlib/liblib__libc__newlib.a(libc-hooks.c.obj)
                0x0000000008004a20                z_impl_zephyr_write_stdout
 .text._sbrk    0x0000000008004a50       0x28 zephyr/lib/libc/newlib/liblib__libc__newlib.a(libc-hooks.c.obj)
                0x0000000008004a50                sbrk
                0x0000000008004a50                _sbrk
 .text.abort    0x0000000008004a78       0x1c zephyr/lib/libc/common/liblib__libc__common.a(abort.c.obj)
                0x0000000008004a78                abort
 .text.stm32_exti_isr
                0x0000000008004a94       0x50 zephyr/drivers/interrupt_controller/libdrivers__interrupt_controller.a(intc_exti_stm32.c.obj)
 .text.stm32_fill_irq_table
                0x0000000008004ae4       0x18 zephyr/drivers/interrupt_controller/libdrivers__interrupt_controller.a(intc_exti_stm32.c.obj)
 .text.stm32_exti_init
                0x0000000008004afc       0xb4 zephyr/drivers/interrupt_controller/libdrivers__interrupt_controller.a(intc_exti_stm32.c.obj)
 .text.stm32_gpio_intc_enable_line
                0x0000000008004bb0       0x2c zephyr/drivers/interrupt_controller/libdrivers__interrupt_controller.a(intc_exti_stm32.c.obj)
                0x0000000008004bb0                stm32_gpio_intc_enable_line
 .text.stm32_gpio_intc_disable_line
                0x0000000008004bdc       0x10 zephyr/drivers/interrupt_controller/libdrivers__interrupt_controller.a(intc_exti_stm32.c.obj)
                0x0000000008004bdc                stm32_gpio_intc_disable_line
 .text.stm32_gpio_intc_select_line_trigger
                0x0000000008004bec       0x50 zephyr/drivers/interrupt_controller/libdrivers__interrupt_controller.a(intc_exti_stm32.c.obj)
                0x0000000008004bec                stm32_gpio_intc_select_line_trigger
 .text.stm32_gpio_intc_set_irq_callback
                0x0000000008004c3c       0x40 zephyr/drivers/interrupt_controller/libdrivers__interrupt_controller.a(intc_exti_stm32.c.obj)
                0x0000000008004c3c                stm32_gpio_intc_set_irq_callback
 .text.stm32_gpio_intc_remove_irq_callback
                0x0000000008004c7c       0x24 zephyr/drivers/interrupt_controller/libdrivers__interrupt_controller.a(intc_exti_stm32.c.obj)
                0x0000000008004c7c                stm32_gpio_intc_remove_irq_callback
 .text.stm32_exti_get_line_src_port
                0x0000000008004ca0       0x30 zephyr/drivers/interrupt_controller/libdrivers__interrupt_controller.a(intc_exti_stm32.c.obj)
                0x0000000008004ca0                stm32_exti_get_line_src_port
 .text.stm32_clock_control_get_subsys_rate
                0x0000000008004cd0       0x9c zephyr/drivers/clock_control/libdrivers__clock_control.a(clock_stm32_ll_common.c.obj)
 .text.stm32_clock_control_init
                0x0000000008004d6c      0x124 zephyr/drivers/clock_control/libdrivers__clock_control.a(clock_stm32_ll_common.c.obj)
                0x0000000008004d6c                stm32_clock_control_init
 .text.get_pllsrc_frequency
                0x0000000008004e90        0x8 zephyr/drivers/clock_control/libdrivers__clock_control.a(clock_stm32f2_f4_f7.c.obj)
                0x0000000008004e90                get_pllsrc_frequency
 .text.config_pll_sysclock
                0x0000000008004e98       0x60 zephyr/drivers/clock_control/libdrivers__clock_control.a(clock_stm32f2_f4_f7.c.obj)
                0x0000000008004e98                config_pll_sysclock
 .text.config_enable_default_clocks
                0x0000000008004ef8       0x20 zephyr/drivers/clock_control/libdrivers__clock_control.a(clock_stm32f2_f4_f7.c.obj)
                0x0000000008004ef8                config_enable_default_clocks
 .text.uart_console_init
                0x0000000008004f18       0x28 zephyr/drivers/console/libdrivers__console.a(uart_console.c.obj)
 .text.console_out
                0x0000000008004f40       0x28 zephyr/drivers/console/libdrivers__console.a(uart_console.c.obj)
 .text.gpio_stm32_pin_interrupt_configure
                0x0000000008004f68       0xb0 zephyr/drivers/gpio/libdrivers__gpio.a(gpio_stm32.c.obj)
 .text.gpio_stm32_init
                0x0000000008005018       0x38 zephyr/drivers/gpio/libdrivers__gpio.a(gpio_stm32.c.obj)
 .text.timer_callback
                0x0000000008005050        0xc zephyr/drivers/lora/libloramac-node.a(hal_common.c.obj)
 .text.RtcGetTimerElapsedTime
                0x000000000800505c       0x14 zephyr/drivers/lora/libloramac-node.a(hal_common.c.obj)
                0x000000000800505c                RtcGetTimerElapsedTime
 .text.RtcStopAlarm
                0x0000000008005070        0xc zephyr/drivers/lora/libloramac-node.a(hal_common.c.obj)
                0x0000000008005070                RtcStopAlarm
 .text.RtcSetAlarm
                0x000000000800507c       0x20 zephyr/drivers/lora/libloramac-node.a(hal_common.c.obj)
                0x000000000800507c                RtcSetAlarm
 .text.RtcSetTimerContext
                0x000000000800509c       0x10 zephyr/drivers/lora/libloramac-node.a(hal_common.c.obj)
                0x000000000800509c                RtcSetTimerContext
 .text.RtcGetTimerContext
                0x00000000080050ac        0xc zephyr/drivers/lora/libloramac-node.a(hal_common.c.obj)
                0x00000000080050ac                RtcGetTimerContext
 .text.modem_release.constprop.0
                0x00000000080050b8       0x54 zephyr/drivers/lora/libloramac-node.a(sx12xx_common.c.obj)
 .text.sx12xx_ev_tx_done
                0x000000000800510c       0x20 zephyr/drivers/lora/libloramac-node.a(sx12xx_common.c.obj)
 .text.sx12xx_ev_rx_error
                0x000000000800512c       0x40 zephyr/drivers/lora/libloramac-node.a(sx12xx_common.c.obj)
 .text.sx12xx_ev_rx_done
                0x000000000800516c       0xb0 zephyr/drivers/lora/libloramac-node.a(sx12xx_common.c.obj)
 .text.__sx12xx_configure_pin
                0x000000000800521c       0xd0 zephyr/drivers/lora/libloramac-node.a(sx12xx_common.c.obj)
                0x000000000800521c                __sx12xx_configure_pin
 .text.sx12xx_lora_send_async
                0x00000000080052ec       0x4c zephyr/drivers/lora/libloramac-node.a(sx12xx_common.c.obj)
                0x00000000080052ec                sx12xx_lora_send_async
 .text.sx12xx_lora_send
                0x0000000008005338       0xb8 zephyr/drivers/lora/libloramac-node.a(sx12xx_common.c.obj)
                0x0000000008005338                sx12xx_lora_send
 .text.sx12xx_lora_recv
                0x00000000080053f0       0xd4 zephyr/drivers/lora/libloramac-node.a(sx12xx_common.c.obj)
                0x00000000080053f0                sx12xx_lora_recv
 .text.sx12xx_lora_recv_async
                0x00000000080054c4       0x54 zephyr/drivers/lora/libloramac-node.a(sx12xx_common.c.obj)
                0x00000000080054c4                sx12xx_lora_recv_async
 .text.sx12xx_lora_config
                0x0000000008005518       0xbc zephyr/drivers/lora/libloramac-node.a(sx12xx_common.c.obj)
                0x0000000008005518                sx12xx_lora_config
 .text.sx12xx_lora_test_cw
                0x00000000080055d4       0x40 zephyr/drivers/lora/libloramac-node.a(sx12xx_common.c.obj)
                0x00000000080055d4                sx12xx_lora_test_cw
 .text.sx12xx_init
                0x0000000008005614       0x60 zephyr/drivers/lora/libloramac-node.a(sx12xx_common.c.obj)
                0x0000000008005614                sx12xx_init
 .text.sx127x_dio_work_handle
                0x0000000008005674       0x18 zephyr/drivers/lora/libloramac-node.a(sx127x.c.obj)
 .text.sx127x_irq_callback
                0x000000000800568c       0x60 zephyr/drivers/lora/libloramac-node.a(sx127x.c.obj)
 .text.SX1276ReadBuffer.part.0
                0x00000000080056ec       0x14 zephyr/drivers/lora/libloramac-node.a(sx127x.c.obj)
 .text.SX1276WriteBuffer.part.0
                0x0000000008005700       0x14 zephyr/drivers/lora/libloramac-node.a(sx127x.c.obj)
 .text.SX1276SetAntSwLowPower
                0x0000000008005714       0x10 zephyr/drivers/lora/libloramac-node.a(sx127x.c.obj)
                0x0000000008005714                SX1276SetAntSwLowPower
 .text.SX1276SetAntSw
                0x0000000008005724       0x14 zephyr/drivers/lora/libloramac-node.a(sx127x.c.obj)
                0x0000000008005724                SX1276SetAntSw
 .text.SX1276Reset
                0x0000000008005738       0x2c zephyr/drivers/lora/libloramac-node.a(sx127x.c.obj)
                0x0000000008005738                SX1276Reset
 .text.SX1276IoIrqInit
                0x0000000008005764      0x130 zephyr/drivers/lora/libloramac-node.a(sx127x.c.obj)
                0x0000000008005764                SX1276IoIrqInit
 .text.sx127x_read
                0x0000000008005894       0x3c zephyr/drivers/lora/libloramac-node.a(sx127x.c.obj)
                0x0000000008005894                sx127x_read
 .text.sx127x_lora_init.part.0
                0x00000000080058d0       0x9c zephyr/drivers/lora/libloramac-node.a(sx127x.c.obj)
 .text.sx127x_lora_init
                0x000000000800596c       0x50 zephyr/drivers/lora/libloramac-node.a(sx127x.c.obj)
 .text.sx127x_write
                0x00000000080059bc       0x3c zephyr/drivers/lora/libloramac-node.a(sx127x.c.obj)
                0x00000000080059bc                sx127x_write
 .text.SX1276SetRfTxPower
                0x00000000080059f8       0xa4 zephyr/drivers/lora/libloramac-node.a(sx127x.c.obj)
                0x00000000080059f8                SX1276SetRfTxPower
 .text.SX1276GetDio1PinState
                0x0000000008005a9c       0x2c zephyr/drivers/lora/libloramac-node.a(sx127x.c.obj)
                0x0000000008005a9c                SX1276GetDio1PinState
 .text.TimerInsertNewHeadTimer
                0x0000000008005ac8       0x18 zephyr/drivers/lora/libloramac-node.a(timer.c.obj)
 .text.TimerStart
                0x0000000008005ae0       0x70 zephyr/drivers/lora/libloramac-node.a(timer.c.obj)
                0x0000000008005ae0                TimerStart
 .text.TimerIrqHandler
                0x0000000008005b50       0x7c zephyr/drivers/lora/libloramac-node.a(timer.c.obj)
                0x0000000008005b50                TimerIrqHandler
 .text.TimerStop
                0x0000000008005bcc       0x54 zephyr/drivers/lora/libloramac-node.a(timer.c.obj)
                0x0000000008005bcc                TimerStop
 .text.GetFskBandwidthRegValue
                0x0000000008005c20       0x2c zephyr/drivers/lora/libloramac-node.a(sx1276.c.obj)
 .text.SX1276OnDio4Irq
                0x0000000008005c4c       0x1c zephyr/drivers/lora/libloramac-node.a(sx1276.c.obj)
 .text.SX1276GetStatus
                0x0000000008005c68        0xc zephyr/drivers/lora/libloramac-node.a(sx1276.c.obj)
                0x0000000008005c68                SX1276GetStatus
 .text.SX1276GetTimeOnAir
                0x0000000008005c74       0xdc zephyr/drivers/lora/libloramac-node.a(sx1276.c.obj)
                0x0000000008005c74                SX1276GetTimeOnAir
 .text.SX1276SetChannel
                0x0000000008005d50       0x48 zephyr/drivers/lora/libloramac-node.a(sx1276.c.obj)
                0x0000000008005d50                SX1276SetChannel
 .text.SX1276OnDio3Irq
                0x0000000008005d98       0x50 zephyr/drivers/lora/libloramac-node.a(sx1276.c.obj)
 .text.SX1276OnDio2Irq
                0x0000000008005de8       0xd4 zephyr/drivers/lora/libloramac-node.a(sx1276.c.obj)
 .text.SX1276OnDio1Irq
                0x0000000008005ebc      0x118 zephyr/drivers/lora/libloramac-node.a(sx1276.c.obj)
 .text.SX1276OnDio0Irq
                0x0000000008005fd4      0x260 zephyr/drivers/lora/libloramac-node.a(sx1276.c.obj)
 .text.RxChainCalibration
                0x0000000008006234       0x94 zephyr/drivers/lora/libloramac-node.a(sx1276.c.obj)
 .text.SX1276SetSleep
                0x00000000080062c8       0x3c zephyr/drivers/lora/libloramac-node.a(sx1276.c.obj)
                0x00000000080062c8                SX1276SetSleep
 .text.SX1276SetStby
                0x0000000008006304       0x34 zephyr/drivers/lora/libloramac-node.a(sx1276.c.obj)
                0x0000000008006304                SX1276SetStby
 .text.SX1276Send
                0x0000000008006338      0x194 zephyr/drivers/lora/libloramac-node.a(sx1276.c.obj)
                0x0000000008006338                SX1276Send
 .text.SX1276SetRx
                0x00000000080064cc      0x21c zephyr/drivers/lora/libloramac-node.a(sx1276.c.obj)
                0x00000000080064cc                SX1276SetRx
 .text.SX1276ReadRssi
                0x00000000080066e8       0x44 zephyr/drivers/lora/libloramac-node.a(sx1276.c.obj)
                0x00000000080066e8                SX1276ReadRssi
 .text.SX1276SetModem
                0x000000000800672c       0x74 zephyr/drivers/lora/libloramac-node.a(sx1276.c.obj)
                0x000000000800672c                SX1276SetModem
 .text.SX1276Init
                0x00000000080067a0       0x7c zephyr/drivers/lora/libloramac-node.a(sx1276.c.obj)
                0x00000000080067a0                SX1276Init
 .text.SX1276SetRxConfig
                0x000000000800681c      0x2a4 zephyr/drivers/lora/libloramac-node.a(sx1276.c.obj)
                0x000000000800681c                SX1276SetRxConfig
 .text.SX1276SetTxConfig
                0x0000000008006ac0      0x23c zephyr/drivers/lora/libloramac-node.a(sx1276.c.obj)
                0x0000000008006ac0                SX1276SetTxConfig
 .text.SX1276SetTxContinuousWave
                0x0000000008006cfc       0x84 zephyr/drivers/lora/libloramac-node.a(sx1276.c.obj)
                0x0000000008006cfc                SX1276SetTxContinuousWave
 .text.SX1276SetMaxPayloadLength
                0x0000000008006d80       0x34 zephyr/drivers/lora/libloramac-node.a(sx1276.c.obj)
                0x0000000008006d80                SX1276SetMaxPayloadLength
 .text.SX1276SetPublicNetwork
                0x0000000008006db4       0x28 zephyr/drivers/lora/libloramac-node.a(sx1276.c.obj)
                0x0000000008006db4                SX1276SetPublicNetwork
 .text.SX1276OnTimeoutIrq
                0x0000000008006ddc       0xc4 zephyr/drivers/lora/libloramac-node.a(sx1276.c.obj)
 .text.pinctrl_configure_pins
                0x0000000008006ea0       0x84 zephyr/drivers/pinctrl/libdrivers__pinctrl.a(pinctrl_stm32.c.obj)
                0x0000000008006ea0                pinctrl_configure_pins
 .text.uart_stm32_set_baudrate.part.0
                0x0000000008006f24       0x14 zephyr/drivers/serial/libdrivers__serial.a(uart_stm32.c.obj)
 .text.uart_stm32_parameters_set
                0x0000000008006f38      0x134 zephyr/drivers/serial/libdrivers__serial.a(uart_stm32.c.obj)
 .text.uart_stm32_init
                0x000000000800706c      0x1c8 zephyr/drivers/serial/libdrivers__serial.a(uart_stm32.c.obj)
 .text.uart_stm32_configure
                0x0000000008007234      0x160 zephyr/drivers/serial/libdrivers__serial.a(uart_stm32.c.obj)
 .text.spi_stm32_init
                0x0000000008007394      0x130 zephyr/drivers/spi/libdrivers__spi.a(spi_ll_stm32.c.obj)
 .text.spi_stm32_transceive
                0x00000000080074c4      0x54c zephyr/drivers/spi/libdrivers__spi.a(spi_ll_stm32.c.obj)
 .text.elapsed  0x0000000008007a10       0x4c zephyr/drivers/timer/libdrivers__timer.a(cortex_m_systick.c.obj)
 .text.sys_clock_driver_init
                0x0000000008007a5c       0x38 zephyr/drivers/timer/libdrivers__timer.a(cortex_m_systick.c.obj)
 .text.sys_clock_isr
                0x0000000008007a94       0x60 zephyr/drivers/timer/libdrivers__timer.a(cortex_m_systick.c.obj)
                0x0000000008007a94                sys_clock_isr
 .text.sys_clock_set_timeout
                0x0000000008007af4       0xfc zephyr/drivers/timer/libdrivers__timer.a(cortex_m_systick.c.obj)
                0x0000000008007af4                sys_clock_set_timeout
 .text.sys_clock_elapsed
                0x0000000008007bf0       0x3c zephyr/drivers/timer/libdrivers__timer.a(cortex_m_systick.c.obj)
                0x0000000008007bf0                sys_clock_elapsed
 .text.sys_clock_cycle_get_32
                0x0000000008007c2c       0x28 zephyr/drivers/timer/libdrivers__timer.a(cortex_m_systick.c.obj)
                0x0000000008007c2c                sys_clock_cycle_get_32
 .text.HAL_RCC_GetSysClockFreq
                0x0000000008007c54       0x5c modules/hal_stm32/stm32cube/lib..__modules__hal__stm32__stm32cube.a(stm32f7xx_hal_rcc.c.obj)
                0x0000000008007c54                HAL_RCC_GetSysClockFreq
 .text.LL_SetFlashLatency
                0x0000000008007cb0       0xe0 modules/hal_stm32/stm32cube/lib..__modules__hal__stm32__stm32cube.a(stm32f7xx_ll_utils.c.obj)
                0x0000000008007cb0                LL_SetFlashLatency
 .text.k_sys_fatal_error_handler
                0x0000000008007d90       0x20 zephyr/kernel/libkernel.a(fatal.c.obj)
                0x0000000008007d90                k_sys_fatal_error_handler
 .text.z_fatal_error
                0x0000000008007db0       0xe8 zephyr/kernel/libkernel.a(fatal.c.obj)
                0x0000000008007db0                z_fatal_error
 .text.z_sys_init_run_level
                0x0000000008007e98       0x30 zephyr/kernel/libkernel.a(init.c.obj)
 .text.bg_thread_main
                0x0000000008007ec8       0xc0 zephyr/kernel/libkernel.a(init.c.obj)
 .text.z_bss_zero
                0x0000000008007f88       0x2c zephyr/kernel/libkernel.a(init.c.obj)
                0x0000000008007f88                z_bss_zero
 .text.z_init_cpu
                0x0000000008007fb4       0x70 zephyr/kernel/libkernel.a(init.c.obj)
                0x0000000008007fb4                z_init_cpu
 .text.z_cstart
                0x0000000008008024       0xcc zephyr/kernel/libkernel.a(init.c.obj)
                0x0000000008008024                z_cstart
 .text.z_impl_k_mutex_lock
                0x00000000080080f0       0xf0 zephyr/kernel/libkernel.a(mutex.c.obj)
                0x00000000080080f0                z_impl_k_mutex_lock
 .text.z_impl_k_mutex_unlock
                0x00000000080081e0       0xa0 zephyr/kernel/libkernel.a(mutex.c.obj)
                0x00000000080081e0                z_impl_k_mutex_unlock
 .text.z_impl_k_sem_give
                0x0000000008008280       0x74 zephyr/kernel/libkernel.a(sem.c.obj)
                0x0000000008008280                z_impl_k_sem_give
 .text.z_impl_k_sem_take
                0x00000000080082f4       0x4c zephyr/kernel/libkernel.a(sem.c.obj)
                0x00000000080082f4                z_impl_k_sem_take
 .text.work_queue_main
                0x0000000008008340      0x14c zephyr/kernel/libkernel.a(work.c.obj)
 .text.submit_to_queue_locked
                0x000000000800848c       0xb0 zephyr/kernel/libkernel.a(work.c.obj)
 .text.k_work_submit
                0x000000000800853c        0xc zephyr/kernel/libkernel.a(work.c.obj)
                0x000000000800853c                k_work_submit
 .text.k_work_queue_start
                0x0000000008008548       0x7c zephyr/kernel/libkernel.a(work.c.obj)
                0x0000000008008548                k_work_queue_start
 .text.z_setup_new_thread
                0x00000000080085c4       0x80 zephyr/kernel/libkernel.a(thread.c.obj)
                0x00000000080085c4                z_setup_new_thread
 .text.z_impl_k_thread_create
                0x0000000008008644       0x58 zephyr/kernel/libkernel.a(thread.c.obj)
                0x0000000008008644                z_impl_k_thread_create
 .text.z_dummy_thread_init
                0x000000000800869c       0x18 zephyr/kernel/libkernel.a(thread.c.obj)
                0x000000000800869c                z_dummy_thread_init
 .text.z_swap_irqlock
                0x00000000080086b4       0x30 zephyr/kernel/libkernel.a(sched.c.obj)
 .text.ready_thread
                0x00000000080086e4       0x84 zephyr/kernel/libkernel.a(sched.c.obj)
 .text.unready_thread
                0x0000000008008768       0x54 zephyr/kernel/libkernel.a(sched.c.obj)
 .text.add_thread_timeout
                0x00000000080087bc       0x1c zephyr/kernel/libkernel.a(sched.c.obj)
 .text.move_thread_to_end_of_prio_q
                0x00000000080087d8       0x90 zephyr/kernel/libkernel.a(sched.c.obj)
                0x00000000080087d8                move_thread_to_end_of_prio_q
 .text.z_pend_curr
                0x0000000008008868       0x44 zephyr/kernel/libkernel.a(sched.c.obj)
                0x0000000008008868                z_pend_curr
 .text.z_thread_prio_set
                0x00000000080088ac       0xe4 zephyr/kernel/libkernel.a(sched.c.obj)
                0x00000000080088ac                z_thread_prio_set
 .text.z_reschedule
                0x0000000008008990       0x24 zephyr/kernel/libkernel.a(sched.c.obj)
                0x0000000008008990                z_reschedule
 .text.z_reschedule_irqlock
                0x00000000080089b4       0x28 zephyr/kernel/libkernel.a(sched.c.obj)
                0x00000000080089b4                z_reschedule_irqlock
 .text.k_sched_lock
                0x00000000080089dc       0x28 zephyr/kernel/libkernel.a(sched.c.obj)
                0x00000000080089dc                k_sched_lock
 .text.k_sched_unlock
                0x0000000008008a04       0x68 zephyr/kernel/libkernel.a(sched.c.obj)
                0x0000000008008a04                k_sched_unlock
 .text.z_sched_init
                0x0000000008008a6c       0x10 zephyr/kernel/libkernel.a(sched.c.obj)
                0x0000000008008a6c                z_sched_init
 .text.z_impl_k_yield
                0x0000000008008a7c       0x88 zephyr/kernel/libkernel.a(sched.c.obj)
                0x0000000008008a7c                z_impl_k_yield
 .text.z_tick_sleep
                0x0000000008008b04       0x78 zephyr/kernel/libkernel.a(sched.c.obj)
 .text.z_impl_k_wakeup
                0x0000000008008b7c       0x48 zephyr/kernel/libkernel.a(sched.c.obj)
                0x0000000008008b7c                z_impl_k_wakeup
 .text.z_impl_k_sched_current_thread_query
                0x0000000008008bc4        0xc zephyr/kernel/libkernel.a(sched.c.obj)
                0x0000000008008bc4                z_impl_k_sched_current_thread_query
 .text.z_thread_abort
                0x0000000008008bd0      0x138 zephyr/kernel/libkernel.a(sched.c.obj)
                0x0000000008008bd0                z_thread_abort
 .text.z_sched_wait
                0x0000000008008d08       0x24 zephyr/kernel/libkernel.a(sched.c.obj)
                0x0000000008008d08                z_sched_wait
 .text.slice_timeout
                0x0000000008008d2c       0x20 zephyr/kernel/libkernel.a(timeslicing.c.obj)
 .text.thread_is_sliceable
                0x0000000008008d4c       0x3c zephyr/kernel/libkernel.a(timeslicing.c.obj)
                0x0000000008008d4c                thread_is_sliceable
 .text.z_reset_time_slice
                0x0000000008008d88       0x50 zephyr/kernel/libkernel.a(timeslicing.c.obj)
                0x0000000008008d88                z_reset_time_slice
 .text.z_time_slice
                0x0000000008008dd8       0x60 zephyr/kernel/libkernel.a(timeslicing.c.obj)
                0x0000000008008dd8                z_time_slice
 .text.z_data_copy
                0x0000000008008e38       0x50 zephyr/kernel/libkernel.a(xip.c.obj)
                0x0000000008008e38                z_data_copy
 .text.first    0x0000000008008e88       0x10 zephyr/kernel/libkernel.a(timeout.c.obj)
 .text.elapsed  0x0000000008008e98       0x14 zephyr/kernel/libkernel.a(timeout.c.obj)
 .text.remove_timeout
                0x0000000008008eac       0x38 zephyr/kernel/libkernel.a(timeout.c.obj)
 .text.z_add_timeout
                0x0000000008008ee4      0x124 zephyr/kernel/libkernel.a(timeout.c.obj)
                0x0000000008008ee4                z_add_timeout
 .text.sys_clock_announce
                0x0000000008009008       0xc0 zephyr/kernel/libkernel.a(timeout.c.obj)
                0x0000000008009008                sys_clock_announce
 .text.sys_clock_tick_get
                0x00000000080090c8       0x30 zephyr/kernel/libkernel.a(timeout.c.obj)
                0x00000000080090c8                sys_clock_tick_get
 .text.z_timer_expiration_handler
                0x00000000080090f8       0xe0 zephyr/kernel/libkernel.a(timer.c.obj)
                0x00000000080090f8                z_timer_expiration_handler
 .text.z_impl_k_timer_start
                0x00000000080091d8       0x74 zephyr/kernel/libkernel.a(timer.c.obj)
                0x00000000080091d8                z_impl_k_timer_start
 .text.clear_event_registrations
                0x000000000800924c       0x60 zephyr/kernel/libkernel.a(poll.c.obj)
 .text.z_impl_k_poll
                0x00000000080092ac       0xb0 zephyr/kernel/libkernel.a(poll.c.obj)
                0x00000000080092ac                z_impl_k_poll
 .text.z_impl_k_poll_signal_raise
                0x000000000800935c       0x50 zephyr/kernel/libkernel.a(poll.c.obj)
                0x000000000800935c                z_impl_k_poll_signal_raise
 .text.boot_banner
                0x00000000080093ac        0xc zephyr/kernel/libkernel.a(banner.c.obj)
                0x00000000080093ac                boot_banner
 .text.k_sys_work_q_init
                0x00000000080093b8       0x2c zephyr/kernel/libkernel.a(system_work_q.c.obj)
 .text.malloc   0x00000000080093e4       0x10 C:/zephyr-sdk-0.16.5/arm-zephyr-eabi/arm-zephyr-eabi/lib/thumb/v7e-m/nofp\libc.a(lib_a-malloc.o)
                0x00000000080093e4                malloc
 .text.free     0x00000000080093f4       0x10 C:/zephyr-sdk-0.16.5/arm-zephyr-eabi/arm-zephyr-eabi/lib/thumb/v7e-m/nofp\libc.a(lib_a-malloc.o)
                0x00000000080093f4                free
 .text._malloc_r
                0x0000000008009404      0x578 C:/zephyr-sdk-0.16.5/arm-zephyr-eabi/arm-zephyr-eabi/lib/thumb/v7e-m/nofp\libc.a(lib_a-mallocr.o)
                0x0000000008009404                _malloc_r
 .text.memset   0x000000000800997c       0xa4 C:/zephyr-sdk-0.16.5/arm-zephyr-eabi/arm-zephyr-eabi/lib/thumb/v7e-m/nofp\libc.a(lib_a-memset.o)
                0x000000000800997c                memset
 .text.__malloc_lock
                0x0000000008009a20        0xc C:/zephyr-sdk-0.16.5/arm-zephyr-eabi/arm-zephyr-eabi/lib/thumb/v7e-m/nofp\libc.a(lib_a-mlock.o)
                0x0000000008009a20                __malloc_lock
 .text.__malloc_unlock
                0x0000000008009a2c        0xc C:/zephyr-sdk-0.16.5/arm-zephyr-eabi/arm-zephyr-eabi/lib/thumb/v7e-m/nofp\libc.a(lib_a-mlock.o)
                0x0000000008009a2c                __malloc_unlock
 .text._sbrk_r  0x0000000008009a38       0x24 C:/zephyr-sdk-0.16.5/arm-zephyr-eabi/arm-zephyr-eabi/lib/thumb/v7e-m/nofp\libc.a(lib_a-sbrkr.o)
                0x0000000008009a38                _sbrk_r
 .text.snprintf
                0x0000000008009a5c       0x88 C:/zephyr-sdk-0.16.5/arm-zephyr-eabi/arm-zephyr-eabi/lib/thumb/v7e-m/nofp\libc.a(lib_a-snprintf.o)
                0x0000000008009a5c                snprintf
 .text.strnlen  0x0000000008009ae4       0x24 C:/zephyr-sdk-0.16.5/arm-zephyr-eabi/arm-zephyr-eabi/lib/thumb/v7e-m/nofp\libc.a(lib_a-strnlen.o)
                0x0000000008009ae4                strnlen
 .text._svfprintf_r
                0x0000000008009b08     0x1a14 C:/zephyr-sdk-0.16.5/arm-zephyr-eabi/arm-zephyr-eabi/lib/thumb/v7e-m/nofp\libc.a(lib_a-svfprintf.o)
                0x0000000008009b08                _svfprintf_r
 .text.quorem   0x000000000800b51c      0x12c C:/zephyr-sdk-0.16.5/arm-zephyr-eabi/arm-zephyr-eabi/lib/thumb/v7e-m/nofp\libc.a(lib_a-dtoa.o)
 .text._malloc_trim_r
                0x000000000800b648       0x9c C:/zephyr-sdk-0.16.5/arm-zephyr-eabi/arm-zephyr-eabi/lib/thumb/v7e-m/nofp\libc.a(lib_a-freer.o)
                0x000000000800b648                _malloc_trim_r
 .text._free_r  0x000000000800b6e4      0x1fc C:/zephyr-sdk-0.16.5/arm-zephyr-eabi/arm-zephyr-eabi/lib/thumb/v7e-m/nofp\libc.a(lib_a-freer.o)
                0x000000000800b6e4                _free_r
 .text._localeconv_r
                0x000000000800b8e0        0x8 C:/zephyr-sdk-0.16.5/arm-zephyr-eabi/arm-zephyr-eabi/lib/thumb/v7e-m/nofp\libc.a(lib_a-localeconv.o)
                0x000000000800b8e0                _localeconv_r
 .text._Balloc  0x000000000800b8e8       0x4c C:/zephyr-sdk-0.16.5/arm-zephyr-eabi/arm-zephyr-eabi/lib/thumb/v7e-m/nofp\libc.a(lib_a-mprec.o)
                0x000000000800b8e8                _Balloc
 .text._Bfree   0x000000000800b934       0x14 C:/zephyr-sdk-0.16.5/arm-zephyr-eabi/arm-zephyr-eabi/lib/thumb/v7e-m/nofp\libc.a(lib_a-mprec.o)
                0x000000000800b934                _Bfree
 .text.__multadd
                0x000000000800b948       0xa0 C:/zephyr-sdk-0.16.5/arm-zephyr-eabi/arm-zephyr-eabi/lib/thumb/v7e-m/nofp\libc.a(lib_a-mprec.o)
                0x000000000800b948                __multadd
 .text.__hi0bits
                0x000000000800b9e8       0x44 C:/zephyr-sdk-0.16.5/arm-zephyr-eabi/arm-zephyr-eabi/lib/thumb/v7e-m/nofp\libc.a(lib_a-mprec.o)
                0x000000000800b9e8                __hi0bits
 .text.__lo0bits
                0x000000000800ba2c       0x60 C:/zephyr-sdk-0.16.5/arm-zephyr-eabi/arm-zephyr-eabi/lib/thumb/v7e-m/nofp\libc.a(lib_a-mprec.o)
                0x000000000800ba2c                __lo0bits
 .text.__i2b    0x000000000800ba8c       0x5c C:/zephyr-sdk-0.16.5/arm-zephyr-eabi/arm-zephyr-eabi/lib/thumb/v7e-m/nofp\libc.a(lib_a-mprec.o)
                0x000000000800ba8c                __i2b
 .text.__multiply
                0x000000000800bae8      0x16c C:/zephyr-sdk-0.16.5/arm-zephyr-eabi/arm-zephyr-eabi/lib/thumb/v7e-m/nofp\libc.a(lib_a-mprec.o)
                0x000000000800bae8                __multiply
 .text.__pow5mult
                0x000000000800bc54       0xb4 C:/zephyr-sdk-0.16.5/arm-zephyr-eabi/arm-zephyr-eabi/lib/thumb/v7e-m/nofp\libc.a(lib_a-mprec.o)
                0x000000000800bc54                __pow5mult
 .text.__lshift
                0x000000000800bd08       0xf0 C:/zephyr-sdk-0.16.5/arm-zephyr-eabi/arm-zephyr-eabi/lib/thumb/v7e-m/nofp\libc.a(lib_a-mprec.o)
                0x000000000800bd08                __lshift
 .text.__mcmp   0x000000000800bdf8       0x40 C:/zephyr-sdk-0.16.5/arm-zephyr-eabi/arm-zephyr-eabi/lib/thumb/v7e-m/nofp\libc.a(lib_a-mprec.o)
                0x000000000800bdf8                __mcmp
 .text.__mdiff  0x000000000800be38      0x164 C:/zephyr-sdk-0.16.5/arm-zephyr-eabi/arm-zephyr-eabi/lib/thumb/v7e-m/nofp\libc.a(lib_a-mprec.o)
                0x000000000800be38                __mdiff
 .text.__d2b    0x000000000800bf9c       0xbc C:/zephyr-sdk-0.16.5/arm-zephyr-eabi/arm-zephyr-eabi/lib/thumb/v7e-m/nofp\libc.a(lib_a-mprec.o)
                0x000000000800bf9c                __d2b
 .text.frexp    0x000000000800c058       0x70 C:/zephyr-sdk-0.16.5/arm-zephyr-eabi/arm-zephyr-eabi/lib/thumb/v7e-m/nofp\libc.a(lib_a-s_frexp.o)
                0x000000000800c058                frexp
 .text.strncpy  0x000000000800c0c8       0x68 C:/zephyr-sdk-0.16.5/arm-zephyr-eabi/arm-zephyr-eabi/lib/thumb/v7e-m/nofp\libc.a(lib_a-strncpy.o)
                0x000000000800c0c8                strncpy
 .text.__ssprint_r
                0x000000000800c130      0x108 C:/zephyr-sdk-0.16.5/arm-zephyr-eabi/arm-zephyr-eabi/lib/thumb/v7e-m/nofp\libc.a(lib_a-svfiprintf.o)
                0x000000000800c130                __ssprint_r
 .text.__assert_func
                0x000000000800c238       0x40 C:/zephyr-sdk-0.16.5/arm-zephyr-eabi/arm-zephyr-eabi/lib/thumb/v7e-m/nofp\libc.a(lib_a-assert.o)
                0x000000000800c238                __assert_func
 .text._calloc_r
                0x000000000800c278       0x60 C:/zephyr-sdk-0.16.5/arm-zephyr-eabi/arm-zephyr-eabi/lib/thumb/v7e-m/nofp\libc.a(lib_a-callocr.o)
                0x000000000800c278                _calloc_r
 .text.fiprintf
                0x000000000800c2d8       0x28 C:/zephyr-sdk-0.16.5/arm-zephyr-eabi/arm-zephyr-eabi/lib/thumb/v7e-m/nofp\libc.a(lib_a-fiprintf.o)
                0x000000000800c2d8                fiprintf
 .text.__ascii_mbtowc
                0x000000000800c300       0x2c C:/zephyr-sdk-0.16.5/arm-zephyr-eabi/arm-zephyr-eabi/lib/thumb/v7e-m/nofp\libc.a(lib_a-mbtowc_r.o)
                0x000000000800c300                __ascii_mbtowc
 .text.memmove  0x000000000800c32c      0x100 C:/zephyr-sdk-0.16.5/arm-zephyr-eabi/arm-zephyr-eabi/lib/thumb/v7e-m/nofp\libc.a(lib_a-memmove.o)
                0x000000000800c32c                memmove
 .text._realloc_r
                0x000000000800c42c      0x344 C:/zephyr-sdk-0.16.5/arm-zephyr-eabi/arm-zephyr-eabi/lib/thumb/v7e-m/nofp\libc.a(lib_a-reallocr.o)
                0x000000000800c42c                _realloc_r
 .text._vfiprintf_r
                0x000000000800c770      0xd98 C:/zephyr-sdk-0.16.5/arm-zephyr-eabi/arm-zephyr-eabi/lib/thumb/v7e-m/nofp\libc.a(lib_a-vfiprintf.o)
                0x000000000800c770                _vfiprintf_r
 .text.__sbprintf
                0x000000000800d508       0x80 C:/zephyr-sdk-0.16.5/arm-zephyr-eabi/arm-zephyr-eabi/lib/thumb/v7e-m/nofp\libc.a(lib_a-vfiprintf.o)
 .text.__ascii_wctomb
                0x000000000800d588       0x1c C:/zephyr-sdk-0.16.5/arm-zephyr-eabi/arm-zephyr-eabi/lib/thumb/v7e-m/nofp\libc.a(lib_a-wctomb_r.o)
                0x000000000800d588                __ascii_wctomb
 .text.__swsetup_r
                0x000000000800d5a4       0xc4 C:/zephyr-sdk-0.16.5/arm-zephyr-eabi/arm-zephyr-eabi/lib/thumb/v7e-m/nofp\libc.a(lib_a-wsetup.o)
                0x000000000800d5a4                __swsetup_r
 .text.__sflush_r
                0x000000000800d668      0x110 C:/zephyr-sdk-0.16.5/arm-zephyr-eabi/arm-zephyr-eabi/lib/thumb/v7e-m/nofp\libc.a(lib_a-fflush.o)
                0x000000000800d668                __sflush_r
 .text._fflush_r
                0x000000000800d778       0x5c C:/zephyr-sdk-0.16.5/arm-zephyr-eabi/arm-zephyr-eabi/lib/thumb/v7e-m/nofp\libc.a(lib_a-fflush.o)
                0x000000000800d778                _fflush_r
 .text._cleanup_r
                0x000000000800d7d4        0xc C:/zephyr-sdk-0.16.5/arm-zephyr-eabi/arm-zephyr-eabi/lib/thumb/v7e-m/nofp\libc.a(lib_a-findfp.o)
                0x000000000800d7d4                _cleanup_r
 .text.__sinit  0x000000000800d7e0      0x10c C:/zephyr-sdk-0.16.5/arm-zephyr-eabi/arm-zephyr-eabi/lib/thumb/v7e-m/nofp\libc.a(lib_a-findfp.o)
                0x000000000800d7e0                __sinit
 .text.__sfvwrite_r
                0x000000000800d8ec      0x2f8 C:/zephyr-sdk-0.16.5/arm-zephyr-eabi/arm-zephyr-eabi/lib/thumb/v7e-m/nofp\libc.a(lib_a-fvwrite.o)
                0x000000000800d8ec                __sfvwrite_r
 .text._fwalk_reent
                0x000000000800dbe4       0x48 C:/zephyr-sdk-0.16.5/arm-zephyr-eabi/arm-zephyr-eabi/lib/thumb/v7e-m/nofp\libc.a(lib_a-fwalk.o)
                0x000000000800dbe4                _fwalk_reent
 .text.__smakebuf_r
                0x000000000800dc2c       0xc4 C:/zephyr-sdk-0.16.5/arm-zephyr-eabi/arm-zephyr-eabi/lib/thumb/v7e-m/nofp\libc.a(lib_a-makebuf.o)
                0x000000000800dc2c                __smakebuf_r
 .text.__sread  0x000000000800dcf0       0x24 C:/zephyr-sdk-0.16.5/arm-zephyr-eabi/arm-zephyr-eabi/lib/thumb/v7e-m/nofp\libc.a(lib_a-stdio.o)
                0x000000000800dcf0                __sread
 .text.__swrite
                0x000000000800dd14       0x40 C:/zephyr-sdk-0.16.5/arm-zephyr-eabi/arm-zephyr-eabi/lib/thumb/v7e-m/nofp\libc.a(lib_a-stdio.o)
                0x000000000800dd14                __swrite
 .text.__sseek  0x000000000800dd54       0x24 C:/zephyr-sdk-0.16.5/arm-zephyr-eabi/arm-zephyr-eabi/lib/thumb/v7e-m/nofp\libc.a(lib_a-stdio.o)
                0x000000000800dd54                __sseek
 .text.__sclose
                0x000000000800dd78        0x8 C:/zephyr-sdk-0.16.5/arm-zephyr-eabi/arm-zephyr-eabi/lib/thumb/v7e-m/nofp\libc.a(lib_a-stdio.o)
                0x000000000800dd78                __sclose
 .text._write_r
                0x000000000800dd80       0x2c C:/zephyr-sdk-0.16.5/arm-zephyr-eabi/arm-zephyr-eabi/lib/thumb/v7e-m/nofp\libc.a(lib_a-writer.o)
                0x000000000800dd80                _write_r
 .text._close_r
                0x000000000800ddac       0x24 C:/zephyr-sdk-0.16.5/arm-zephyr-eabi/arm-zephyr-eabi/lib/thumb/v7e-m/nofp\libc.a(lib_a-closer.o)
                0x000000000800ddac                _close_r
 .text._fstat_r
                0x000000000800ddd0       0x2c C:/zephyr-sdk-0.16.5/arm-zephyr-eabi/arm-zephyr-eabi/lib/thumb/v7e-m/nofp\libc.a(lib_a-fstatr.o)
                0x000000000800ddd0                _fstat_r
 .text._isatty_r
                0x000000000800ddfc       0x24 C:/zephyr-sdk-0.16.5/arm-zephyr-eabi/arm-zephyr-eabi/lib/thumb/v7e-m/nofp\libc.a(lib_a-isattyr.o)
                0x000000000800ddfc                _isatty_r
 .text._lseek_r
                0x000000000800de20       0x2c C:/zephyr-sdk-0.16.5/arm-zephyr-eabi/arm-zephyr-eabi/lib/thumb/v7e-m/nofp\libc.a(lib_a-lseekr.o)
                0x000000000800de20                _lseek_r
 .text._read_r  0x000000000800de4c       0x2c C:/zephyr-sdk-0.16.5/arm-zephyr-eabi/arm-zephyr-eabi/lib/thumb/v7e-m/nofp\libc.a(lib_a-readr.o)
                0x000000000800de4c                _read_r
 .text._OffsetAbsSyms
                0x000000000800de78        0x2 zephyr/CMakeFiles/offsets.dir/./arch/arm/core/offsets/offsets.c.obj
                0x000000000800de78                _OffsetAbsSyms
 .text.k_uptime_get_32
                0x000000000800de7a       0x10 app/libapp.a(main.c.obj)
 .text.z_log_msg_simple_create_1
                0x000000000800de8a        0x4 app/libapp.a(main.c.obj)
 .text.gpio_pin_configure_dt.constprop.0
                0x000000000800de8e       0x36 app/libapp.a(main.c.obj)
 .text.gpio_pin_set_dt.isra.0
                0x000000000800dec4       0x28 app/libapp.a(main.c.obj)
 .text.k_msleep.isra.0
                0x000000000800deec        0xa app/libapp.a(main.c.obj)
 .text.gpio_is_ready_dt.isra.0
                0x000000000800def6        0x4 app/libapp.a(main.c.obj)
 .text.cbpprintf_external
                0x000000000800defa       0x62 zephyr/libzephyr.a(cbprintf_packaged.c.obj)
                0x000000000800defa                cbpprintf_external
 .text.is_ptr   0x000000000800df5c       0x4a zephyr/libzephyr.a(cbprintf_packaged.c.obj)
                0x000000000800df5c                is_ptr
 .text.arch_printk_char_out
                0x000000000800dfa6        0x4 zephyr/libzephyr.a(printk.c.obj)
                0x000000000800dfa6                arch_printk_char_out
 .text.str_out  0x000000000800dfaa       0x24 zephyr/libzephyr.a(printk.c.obj)
 .text.printk   0x000000000800dfce       0x1a zephyr/libzephyr.a(printk.c.obj)
                0x000000000800dfce                printk
 .text.snprintk
                0x000000000800dfe8       0x1a zephyr/libzephyr.a(printk.c.obj)
                0x000000000800dfe8                snprintk
 .text.z_thread_entry
                0x000000000800e002       0x14 zephyr/libzephyr.a(thread_entry.c.obj)
                0x000000000800e002                z_thread_entry
 .text.outs     0x000000000800e016       0x2e zephyr/libzephyr.a(cbprintf_complete.c.obj)
 .text.free_space
                0x000000000800e044       0x26 zephyr/libzephyr.a(mpsc_pbuf.c.obj)
 .text.get_usage
                0x000000000800e06a       0x22 zephyr/libzephyr.a(mpsc_pbuf.c.obj)
 .text.idx_inc  0x000000000800e08c       0x1c zephyr/libzephyr.a(mpsc_pbuf.c.obj)
 .text.rd_idx_inc
                0x000000000800e0a8       0x18 zephyr/libzephyr.a(mpsc_pbuf.c.obj)
 .text.add_skip_item
                0x000000000800e0c0       0x3a zephyr/libzephyr.a(mpsc_pbuf.c.obj)
 .text.drop_item_locked
                0x000000000800e0fa      0x100 zephyr/libzephyr.a(mpsc_pbuf.c.obj)
 .text.post_drop_action
                0x000000000800e1fa       0x36 zephyr/libzephyr.a(mpsc_pbuf.c.obj)
 .text.max_utilization_update
                0x000000000800e230       0x1a zephyr/libzephyr.a(mpsc_pbuf.c.obj)
 .text.mpsc_pbuf_init
                0x000000000800e24a       0x42 zephyr/libzephyr.a(mpsc_pbuf.c.obj)
                0x000000000800e24a                mpsc_pbuf_init
 .text.mpsc_pbuf_alloc
                0x000000000800e28c       0xfe zephyr/libzephyr.a(mpsc_pbuf.c.obj)
                0x000000000800e28c                mpsc_pbuf_alloc
 .text.mpsc_pbuf_commit
                0x000000000800e38a       0x3e zephyr/libzephyr.a(mpsc_pbuf.c.obj)
                0x000000000800e38a                mpsc_pbuf_commit
 .text.mpsc_pbuf_claim
                0x000000000800e3c8       0xa8 zephyr/libzephyr.a(mpsc_pbuf.c.obj)
                0x000000000800e3c8                mpsc_pbuf_claim
 .text.mpsc_pbuf_free
                0x000000000800e470       0x76 zephyr/libzephyr.a(mpsc_pbuf.c.obj)
                0x000000000800e470                mpsc_pbuf_free
 .text.mpsc_pbuf_is_pending
                0x000000000800e4e6       0x32 zephyr/libzephyr.a(mpsc_pbuf.c.obj)
                0x000000000800e4e6                mpsc_pbuf_is_pending
 .text._ConfigAbsSyms
                0x000000000800e518        0x2 zephyr/libzephyr.a(configs.c.obj)
                0x000000000800e518                _ConfigAbsSyms
 .text.log_msg_generic_get_wlen
                0x000000000800e51a       0x20 zephyr/libzephyr.a(log_core.c.obj)
 .text.dummy_timestamp
                0x000000000800e53a        0x4 zephyr/libzephyr.a(log_core.c.obj)
 .text.atomic_inc
                0x000000000800e53e       0x1a zephyr/libzephyr.a(log_core.c.obj)
 .text.default_lf_get_timestamp
                0x000000000800e558       0x10 zephyr/libzephyr.a(log_core.c.obj)
 .text.z_log_vprintk
                0x000000000800e568       0x1c zephyr/libzephyr.a(log_core.c.obj)
                0x000000000800e568                z_log_vprintk
 .text.z_log_notify_drop
                0x000000000800e584        0x6 zephyr/libzephyr.a(log_core.c.obj)
 .text.z_log_get_tag
                0x000000000800e58a        0x4 zephyr/libzephyr.a(log_core.c.obj)
                0x000000000800e58a                z_log_get_tag
 .text.log_backend_enable
                0x000000000800e58e       0x12 zephyr/libzephyr.a(log_mgmt.c.obj)
                0x000000000800e58e                log_backend_enable
 .text.z_cbprintf_cpy
                0x000000000800e5a0       0x2c zephyr/libzephyr.a(log_msg.c.obj)
 .text.z_log_msg_finalize
                0x000000000800e5cc       0x32 zephyr/libzephyr.a(log_msg.c.obj)
                0x000000000800e5cc                z_log_msg_finalize
 .text.z_log_msg_simple_create
                0x000000000800e5fe       0x6e zephyr/libzephyr.a(log_msg.c.obj)
 .text.z_impl_z_log_msg_simple_create_0
                0x000000000800e66c       0x12 zephyr/libzephyr.a(log_msg.c.obj)
                0x000000000800e66c                z_impl_z_log_msg_simple_create_0
 .text.z_impl_z_log_msg_simple_create_1
                0x000000000800e67e       0x14 zephyr/libzephyr.a(log_msg.c.obj)
                0x000000000800e67e                z_impl_z_log_msg_simple_create_1
 .text.log_output_write
                0x000000000800e692       0x1c zephyr/libzephyr.a(log_output.c.obj)
 .text.log_output_flush
                0x000000000800e6ae       0x1a zephyr/libzephyr.a(log_output.c.obj)
 .text.cbvprintf
                0x000000000800e6c8        0xe zephyr/libzephyr.a(log_output.c.obj)
 .text.out_func
                0x000000000800e6d6       0x36 zephyr/libzephyr.a(log_output.c.obj)
 .text.cr_out_func
                0x000000000800e70c       0x1c zephyr/libzephyr.a(log_output.c.obj)
 .text.log_output_msg_process
                0x000000000800e728       0x6c zephyr/libzephyr.a(log_output.c.obj)
                0x000000000800e728                log_output_msg_process
 .text.format_set
                0x000000000800e794        0xc zephyr/libzephyr.a(log_backend_uart.c.obj)
 .text.log_backend_uart_init
                0x000000000800e7a0        0xc zephyr/libzephyr.a(log_backend_uart.c.obj)
 .text.panic    0x000000000800e7ac       0x32 zephyr/libzephyr.a(log_backend_uart.c.obj)
 .text.dropped  0x000000000800e7de        0xa zephyr/libzephyr.a(log_backend_uart.c.obj)
 .text.process  0x000000000800e7e8       0x1e zephyr/libzephyr.a(log_backend_uart.c.obj)
 .text.z_do_kernel_oops
                0x000000000800e806        0x8 zephyr/arch/arch/arm/core/libarch__arm__core.a(fatal.c.obj)
                0x000000000800e806                z_do_kernel_oops
 .text.z_log_msg_simple_create_0.constprop.0
                0x000000000800e80e        0x8 zephyr/arch/arch/arm/core/cortex_m/libarch__arm__core__cortex_m.a(fault.c.obj)
 .text.z_irq_spurious
                0x000000000800e816        0x8 zephyr/arch/arch/arm/core/cortex_m/libarch__arm__core__cortex_m.a(irq_manage.c.obj)
                0x000000000800e816                z_irq_spurious
 .text.arch_irq_unlock_outlined
                0x000000000800e81e        0xe zephyr/arch/arch/arm/core/cortex_m/libarch__arm__core__cortex_m.a(thread.c.obj)
                0x000000000800e81e                arch_irq_unlock_outlined
 .text.arch_cpu_idle
                0x000000000800e82c       0x1a zephyr/arch/arch/arm/core/cortex_m/libarch__arm__core__cortex_m.a(cpu_idle.c.obj)
                0x000000000800e82c                arch_cpu_idle
 .text.size_to_mpu_rasr_size
                0x000000000800e846       0x20 zephyr/arch/arch/arm/core/mpu/libarch__arm__core__mpu.a(arm_mpu.c.obj)
 .text._stdin_hook_default
                0x000000000800e866        0x4 zephyr/lib/libc/newlib/liblib__libc__newlib.a(libc-hooks.c.obj)
 .text._stdout_hook_default
                0x000000000800e86a        0x6 zephyr/lib/libc/newlib/liblib__libc__newlib.a(libc-hooks.c.obj)
 .text.malloc_prepare
                0x000000000800e870        0x4 zephyr/lib/libc/newlib/liblib__libc__newlib.a(libc-hooks.c.obj)
 .text._read    0x000000000800e874        0x8 zephyr/lib/libc/newlib/liblib__libc__newlib.a(libc-hooks.c.obj)
                0x000000000800e874                _read
                0x000000000800e874                read
 .text._write   0x000000000800e87c        0x8 zephyr/lib/libc/newlib/liblib__libc__newlib.a(libc-hooks.c.obj)
                0x000000000800e87c                _write
                0x000000000800e87c                write
 .text._close   0x000000000800e884        0x6 zephyr/lib/libc/newlib/liblib__libc__newlib.a(libc-hooks.c.obj)
                0x000000000800e884                _close
                0x000000000800e884                close
 .text._lseek   0x000000000800e88a        0x4 zephyr/lib/libc/newlib/liblib__libc__newlib.a(libc-hooks.c.obj)
                0x000000000800e88a                _lseek
                0x000000000800e88a                lseek
 .text._isatty  0x000000000800e88e        0xa zephyr/lib/libc/newlib/liblib__libc__newlib.a(libc-hooks.c.obj)
                0x000000000800e88e                _isatty
                0x000000000800e88e                isatty
 .text._fstat   0x000000000800e898        0xa zephyr/lib/libc/newlib/liblib__libc__newlib.a(libc-hooks.c.obj)
                0x000000000800e898                fstat
                0x000000000800e898                _fstat
 .text.__retarget_lock_init_recursive
                0x000000000800e8a2       0x14 zephyr/lib/libc/newlib/liblib__libc__newlib.a(libc-hooks.c.obj)
                0x000000000800e8a2                __retarget_lock_init_recursive
 .text.__retarget_lock_close_recursive
                0x000000000800e8b6        0x4 zephyr/lib/libc/newlib/liblib__libc__newlib.a(libc-hooks.c.obj)
                0x000000000800e8b6                __retarget_lock_close_recursive
 .text.__retarget_lock_acquire_recursive
                0x000000000800e8ba        0xc zephyr/lib/libc/newlib/liblib__libc__newlib.a(libc-hooks.c.obj)
                0x000000000800e8ba                __retarget_lock_acquire_recursive
 .text.__retarget_lock_release_recursive
                0x000000000800e8c6        0x4 zephyr/lib/libc/newlib/liblib__libc__newlib.a(libc-hooks.c.obj)
                0x000000000800e8c6                __retarget_lock_release_recursive
 .text.stm32_gpio_intc_get_pin_irq_line
                0x000000000800e8ca        0x6 zephyr/drivers/interrupt_controller/libdrivers__interrupt_controller.a(intc_exti_stm32.c.obj)
                0x000000000800e8ca                stm32_gpio_intc_get_pin_irq_line
 .text.stm32_exti_set_line_src_port
                0x000000000800e8d0       0x36 zephyr/drivers/interrupt_controller/libdrivers__interrupt_controller.a(intc_exti_stm32.c.obj)
                0x000000000800e8d0                stm32_exti_set_line_src_port
 .text.stm32_clock_control_on
                0x000000000800e906       0x44 zephyr/drivers/clock_control/libdrivers__clock_control.a(clock_stm32_ll_common.c.obj)
 .text.stm32_clock_control_off
                0x000000000800e94a       0x2e zephyr/drivers/clock_control/libdrivers__clock_control.a(clock_stm32_ll_common.c.obj)
 .text.enabled_clock
                0x000000000800e978       0x20 zephyr/drivers/clock_control/libdrivers__clock_control.a(clock_stm32_ll_common.c.obj)
                0x000000000800e978                enabled_clock
 .text.stm32_clock_control_configure
                0x000000000800e998       0x52 zephyr/drivers/clock_control/libdrivers__clock_control.a(clock_stm32_ll_common.c.obj)
 .text.stm32_clock_control_get_status
                0x000000000800e9ea       0x38 zephyr/drivers/clock_control/libdrivers__clock_control.a(clock_stm32_ll_common.c.obj)
 .text.config_regulator_voltage
                0x000000000800ea22        0x2 zephyr/drivers/clock_control/libdrivers__clock_control.a(clock_stm32_ll_common.c.obj)
                0x000000000800ea22                config_regulator_voltage
 .text.gpio_stm32_port_get_raw
                0x000000000800ea24        0xc zephyr/drivers/gpio/libdrivers__gpio.a(gpio_stm32.c.obj)
 .text.gpio_stm32_port_set_masked_raw
                0x000000000800ea30       0x12 zephyr/drivers/gpio/libdrivers__gpio.a(gpio_stm32.c.obj)
 .text.gpio_stm32_port_set_bits_raw
                0x000000000800ea42        0xa zephyr/drivers/gpio/libdrivers__gpio.a(gpio_stm32.c.obj)
 .text.gpio_stm32_port_clear_bits_raw
                0x000000000800ea4c        0xc zephyr/drivers/gpio/libdrivers__gpio.a(gpio_stm32.c.obj)
 .text.gpio_stm32_port_toggle_bits
                0x000000000800ea58        0xe zephyr/drivers/gpio/libdrivers__gpio.a(gpio_stm32.c.obj)
 .text.gpio_stm32_manage_callback
                0x000000000800ea66       0x52 zephyr/drivers/gpio/libdrivers__gpio.a(gpio_stm32.c.obj)
 .text.gpio_stm32_configure_raw.isra.0
                0x000000000800eab8      0x114 zephyr/drivers/gpio/libdrivers__gpio.a(gpio_stm32.c.obj)
 .text.gpio_stm32_config
                0x000000000800ebcc       0xd8 zephyr/drivers/gpio/libdrivers__gpio.a(gpio_stm32.c.obj)
 .text.gpio_stm32_isr
                0x000000000800eca4       0x2c zephyr/drivers/gpio/libdrivers__gpio.a(gpio_stm32.c.obj)
 .text.gpio_stm32_configure
                0x000000000800ecd0       0x30 zephyr/drivers/gpio/libdrivers__gpio.a(gpio_stm32.c.obj)
                0x000000000800ecd0                gpio_stm32_configure
 .text.timer_work_handler
                0x000000000800ed00        0x4 zephyr/drivers/lora/libloramac-node.a(hal_common.c.obj)
 .text.k_uptime_get_32
                0x000000000800ed04       0x10 zephyr/drivers/lora/libloramac-node.a(hal_common.c.obj)
 .text.RtcGetTimerValue
                0x000000000800ed14        0x4 zephyr/drivers/lora/libloramac-node.a(hal_common.c.obj)
                0x000000000800ed14                RtcGetTimerValue
 .text.RtcGetMinimumTimeout
                0x000000000800ed18        0x4 zephyr/drivers/lora/libloramac-node.a(hal_common.c.obj)
                0x000000000800ed18                RtcGetMinimumTimeout
 .text.DelayMsMcu
                0x000000000800ed1c        0xa zephyr/drivers/lora/libloramac-node.a(hal_common.c.obj)
                0x000000000800ed1c                DelayMsMcu
 .text.RtcMs2Tick
                0x000000000800ed26        0x2 zephyr/drivers/lora/libloramac-node.a(hal_common.c.obj)
                0x000000000800ed26                RtcMs2Tick
 .text.RtcTick2Ms
                0x000000000800ed28        0x2 zephyr/drivers/lora/libloramac-node.a(hal_common.c.obj)
                0x000000000800ed28                RtcTick2Ms
 .text.BoardCriticalSectionBegin
                0x000000000800ed2a       0x12 zephyr/drivers/lora/libloramac-node.a(hal_common.c.obj)
                0x000000000800ed2a                BoardCriticalSectionBegin
 .text.BoardCriticalSectionEnd
                0x000000000800ed3c        0xc zephyr/drivers/lora/libloramac-node.a(hal_common.c.obj)
                0x000000000800ed3c                BoardCriticalSectionEnd
 .text.sx12xx_ev_tx_timed_out
                0x000000000800ed48        0x4 zephyr/drivers/lora/libloramac-node.a(sx12xx_common.c.obj)
 .text.SX1276CheckRfFrequency
                0x000000000800ed4c        0x4 zephyr/drivers/lora/libloramac-node.a(sx127x.c.obj)
                0x000000000800ed4c                SX1276CheckRfFrequency
 .text.gpio_pin_set_dt.isra.0
                0x000000000800ed50       0x28 zephyr/drivers/lora/libloramac-node.a(sx127x.c.obj)
 .text.SX1276GetBoardTcxoWakeupTime
                0x000000000800ed78        0x4 zephyr/drivers/lora/libloramac-node.a(sx127x.c.obj)
                0x000000000800ed78                SX1276GetBoardTcxoWakeupTime
 .text.SX1276SetBoardTcxo
                0x000000000800ed7c        0x2 zephyr/drivers/lora/libloramac-node.a(sx127x.c.obj)
                0x000000000800ed7c                SX1276SetBoardTcxo
 .text.SX1276ReadBuffer
                0x000000000800ed7e       0x1a zephyr/drivers/lora/libloramac-node.a(sx127x.c.obj)
                0x000000000800ed7e                SX1276ReadBuffer
 .text.SX1276WriteBuffer
                0x000000000800ed98       0x1a zephyr/drivers/lora/libloramac-node.a(sx127x.c.obj)
                0x000000000800ed98                SX1276WriteBuffer
 .text.memcpy1  0x000000000800edb2       0x14 zephyr/drivers/lora/libloramac-node.a(utilities.c.obj)
                0x000000000800edb2                memcpy1
 .text.TimerSetTimeout
                0x000000000800edc6       0x2c zephyr/drivers/lora/libloramac-node.a(timer.c.obj)
 .text.TimerInit
                0x000000000800edf2       0x10 zephyr/drivers/lora/libloramac-node.a(timer.c.obj)
                0x000000000800edf2                TimerInit
 .text.TimerSetValue
                0x000000000800ee02       0x22 zephyr/drivers/lora/libloramac-node.a(timer.c.obj)
                0x000000000800ee02                TimerSetValue
 .text.TimerGetCurrentTime
                0x000000000800ee24        0xe zephyr/drivers/lora/libloramac-node.a(timer.c.obj)
                0x000000000800ee24                TimerGetCurrentTime
 .text.TimerGetElapsedTime
                0x000000000800ee32       0x1e zephyr/drivers/lora/libloramac-node.a(timer.c.obj)
                0x000000000800ee32                TimerGetElapsedTime
 .text.DelayMs  0x000000000800ee50        0x4 zephyr/drivers/lora/libloramac-node.a(delay.c.obj)
                0x000000000800ee50                DelayMs
 .text.SX1276Write
                0x000000000800ee54       0x16 zephyr/drivers/lora/libloramac-node.a(sx1276.c.obj)
                0x000000000800ee54                SX1276Write
 .text.SX1276Read
                0x000000000800ee6a       0x16 zephyr/drivers/lora/libloramac-node.a(sx1276.c.obj)
                0x000000000800ee6a                SX1276Read
 .text.SX1276SetOpMode
                0x000000000800ee80       0x34 zephyr/drivers/lora/libloramac-node.a(sx1276.c.obj)
 .text.SX1276IsChannelFree
                0x000000000800eeb4       0x66 zephyr/drivers/lora/libloramac-node.a(sx1276.c.obj)
                0x000000000800eeb4                SX1276IsChannelFree
 .text.SX1276Random
                0x000000000800ef1a       0x3e zephyr/drivers/lora/libloramac-node.a(sx1276.c.obj)
                0x000000000800ef1a                SX1276Random
 .text.SX1276GetWakeupTime
                0x000000000800ef58        0xa zephyr/drivers/lora/libloramac-node.a(sx1276.c.obj)
                0x000000000800ef58                SX1276GetWakeupTime
 .text.pinctrl_lookup_state
                0x000000000800ef62       0x26 zephyr/drivers/pinctrl/libdrivers__pinctrl.a(common.c.obj)
                0x000000000800ef62                pinctrl_lookup_state
 .text.reset_stm32_status
                0x000000000800ef88       0x22 zephyr/drivers/reset/libdrivers__reset.a(reset_stm32.c.obj)
 .text.reset_stm32_line_assert
                0x000000000800efaa       0x1c zephyr/drivers/reset/libdrivers__reset.a(reset_stm32.c.obj)
 .text.reset_stm32_line_deassert
                0x000000000800efc6       0x1e zephyr/drivers/reset/libdrivers__reset.a(reset_stm32.c.obj)
 .text.reset_stm32_line_toggle
                0x000000000800efe4       0x16 zephyr/drivers/reset/libdrivers__reset.a(reset_stm32.c.obj)
 .text.uart_stm32_ll2cfg_databits
                0x000000000800effa       0x2a zephyr/drivers/serial/libdrivers__serial.a(uart_stm32.c.obj)
 .text.uart_stm32_err_check
                0x000000000800f024       0x5a zephyr/drivers/serial/libdrivers__serial.a(uart_stm32.c.obj)
 .text.uart_stm32_poll_out
                0x000000000800f07e       0x36 zephyr/drivers/serial/libdrivers__serial.a(uart_stm32.c.obj)
 .text.uart_stm32_poll_in
                0x000000000800f0b4       0x22 zephyr/drivers/serial/libdrivers__serial.a(uart_stm32.c.obj)
 .text.uart_stm32_config_get
                0x000000000800f0d6       0x92 zephyr/drivers/serial/libdrivers__serial.a(uart_stm32.c.obj)
 .text.uart_stm32_set_baudrate
                0x000000000800f168       0x3c zephyr/drivers/serial/libdrivers__serial.a(uart_stm32.c.obj)
 .text.spi_context_get_next_buf
                0x000000000800f1a4       0x2c zephyr/drivers/spi/libdrivers__spi.a(spi_ll_stm32.c.obj)
 .text.spi_context_buffers_setup
                0x000000000800f1d0       0x5e zephyr/drivers/spi/libdrivers__spi.a(spi_ll_stm32.c.obj)
 .text.ll_func_disable_spi
                0x000000000800f22e       0x1a zephyr/drivers/spi/libdrivers__spi.a(spi_ll_stm32.c.obj)
 .text.spi_stm32_send_next_frame
                0x000000000800f248       0x90 zephyr/drivers/spi/libdrivers__spi.a(spi_ll_stm32.c.obj)
 .text.spi_stm32_read_next_frame
                0x000000000800f2d8       0x84 zephyr/drivers/spi/libdrivers__spi.a(spi_ll_stm32.c.obj)
 .text.gpio_pin_set_dt.isra.0
                0x000000000800f35c       0x28 zephyr/drivers/spi/libdrivers__spi.a(spi_ll_stm32.c.obj)
 .text.spi_context_unlock_unconditionally
                0x000000000800f384       0x30 zephyr/drivers/spi/libdrivers__spi.a(spi_ll_stm32.c.obj)
 .text.spi_stm32_release
                0x000000000800f3b4       0x14 zephyr/drivers/spi/libdrivers__spi.a(spi_ll_stm32.c.obj)
 .text.z_impl_k_busy_wait
                0x000000000800f3c8       0x1c zephyr/kernel/libkernel.a(busy_wait.c.obj)
                0x000000000800f3c8                z_impl_k_busy_wait
 .text.z_device_state_init
                0x000000000800f3e4        0x2 zephyr/kernel/libkernel.a(device.c.obj)
                0x000000000800f3e4                z_device_state_init
 .text.z_impl_device_is_ready
                0x000000000800f3e6       0x16 zephyr/kernel/libkernel.a(device.c.obj)
                0x000000000800f3e6                z_impl_device_is_ready
 .text.arch_system_halt
                0x000000000800f3fc       0x10 zephyr/kernel/libkernel.a(fatal.c.obj)
                0x000000000800f3fc                arch_system_halt
 .text.do_device_init
                0x000000000800f40c       0x2e zephyr/kernel/libkernel.a(init.c.obj)
 .text.z_early_memset
                0x000000000800f43a        0x4 zephyr/kernel/libkernel.a(init.c.obj)
                0x000000000800f43a                z_early_memset
 .text.z_early_memcpy
                0x000000000800f43e        0x4 zephyr/kernel/libkernel.a(init.c.obj)
                0x000000000800f43e                z_early_memcpy
 .text.idle     0x000000000800f442       0x16 zephyr/kernel/libkernel.a(idle.c.obj)
                0x000000000800f442                idle
 .text.adjust_owner_prio.isra.0
                0x000000000800f458       0x10 zephyr/kernel/libkernel.a(mutex.c.obj)
 .text.z_impl_k_mutex_init
                0x000000000800f468        0xe zephyr/kernel/libkernel.a(mutex.c.obj)
                0x000000000800f468                z_impl_k_mutex_init
 .text.z_impl_k_sem_init
                0x000000000800f476       0x20 zephyr/kernel/libkernel.a(sem.c.obj)
                0x000000000800f476                z_impl_k_sem_init
 .text.flag_test_and_clear
                0x000000000800f496       0x16 zephyr/kernel/libkernel.a(work.c.obj)
 .text.notify_queue_locked.isra.0
                0x000000000800f4ac        0xe zephyr/kernel/libkernel.a(work.c.obj)
 .text.k_work_init
                0x000000000800f4ba       0x12 zephyr/kernel/libkernel.a(work.c.obj)
                0x000000000800f4ba                k_work_init
 .text.z_work_submit_to_queue
                0x000000000800f4cc       0x26 zephyr/kernel/libkernel.a(work.c.obj)
                0x000000000800f4cc                z_work_submit_to_queue
 .text.k_work_submit_to_queue
                0x000000000800f4f2       0x20 zephyr/kernel/libkernel.a(work.c.obj)
                0x000000000800f4f2                k_work_submit_to_queue
 .text.k_is_in_isr
                0x000000000800f512        0xc zephyr/kernel/libkernel.a(thread.c.obj)
                0x000000000800f512                k_is_in_isr
 .text.z_impl_k_thread_name_set
                0x000000000800f51e        0x6 zephyr/kernel/libkernel.a(thread.c.obj)
                0x000000000800f51e                z_impl_k_thread_name_set
 .text.k_thread_name_get
                0x000000000800f524        0x4 zephyr/kernel/libkernel.a(thread.c.obj)
                0x000000000800f524                k_thread_name_get
 .text.sys_dlist_remove
                0x000000000800f528       0x10 zephyr/kernel/libkernel.a(sched.c.obj)
 .text.unpend_thread_no_timeout
                0x000000000800f538       0x14 zephyr/kernel/libkernel.a(sched.c.obj)
 .text.add_to_waitq_locked
                0x000000000800f54c       0x50 zephyr/kernel/libkernel.a(sched.c.obj)
 .text.z_ready_thread
                0x000000000800f59c       0x1e zephyr/kernel/libkernel.a(sched.c.obj)
                0x000000000800f59c                z_ready_thread
 .text.z_unpend_thread_no_timeout
                0x000000000800f5ba       0x22 zephyr/kernel/libkernel.a(sched.c.obj)
                0x000000000800f5ba                z_unpend_thread_no_timeout
 .text.z_sched_wake_thread
                0x000000000800f5dc       0x3a zephyr/kernel/libkernel.a(sched.c.obj)
                0x000000000800f5dc                z_sched_wake_thread
 .text.z_thread_timeout
                0x000000000800f616        0x8 zephyr/kernel/libkernel.a(sched.c.obj)
                0x000000000800f616                z_thread_timeout
 .text.z_unpend1_no_timeout
                0x000000000800f61e       0x2c zephyr/kernel/libkernel.a(sched.c.obj)
                0x000000000800f61e                z_unpend1_no_timeout
 .text.z_unpend_thread
                0x000000000800f64a       0x10 zephyr/kernel/libkernel.a(sched.c.obj)
                0x000000000800f64a                z_unpend_thread
 .text.z_impl_k_sleep
                0x000000000800f65a       0x50 zephyr/kernel/libkernel.a(sched.c.obj)
                0x000000000800f65a                z_impl_k_sleep
 .text.z_sched_wake
                0x000000000800f6aa       0x44 zephyr/kernel/libkernel.a(sched.c.obj)
                0x000000000800f6aa                z_sched_wake
 .text.next_timeout
                0x000000000800f6ee       0x2e zephyr/kernel/libkernel.a(timeout.c.obj)
 .text.z_abort_timeout
                0x000000000800f71c       0x50 zephyr/kernel/libkernel.a(timeout.c.obj)
                0x000000000800f71c                z_abort_timeout
 .text.sys_clock_tick_get_32
                0x000000000800f76c        0x8 zephyr/kernel/libkernel.a(timeout.c.obj)
                0x000000000800f76c                sys_clock_tick_get_32
 .text.z_impl_k_uptime_ticks
                0x000000000800f774        0x4 zephyr/kernel/libkernel.a(timeout.c.obj)
                0x000000000800f774                z_impl_k_uptime_ticks
 .text.k_timer_init
                0x000000000800f778       0x18 zephyr/kernel/libkernel.a(timer.c.obj)
                0x000000000800f778                k_timer_init
 .text.z_impl_k_timer_stop
                0x000000000800f790       0x38 zephyr/kernel/libkernel.a(timer.c.obj)
                0x000000000800f790                z_impl_k_timer_stop
 .text.add_event
                0x000000000800f7c8       0x54 zephyr/kernel/libkernel.a(poll.c.obj)
 .text.register_events
                0x000000000800f81c      0x106 zephyr/kernel/libkernel.a(poll.c.obj)
 .text.signal_poll_event
                0x000000000800f922       0x86 zephyr/kernel/libkernel.a(poll.c.obj)
 .text.z_handle_obj_poll_events
                0x000000000800f9a8       0x3e zephyr/kernel/libkernel.a(poll.c.obj)
                0x000000000800f9a8                z_handle_obj_poll_events
 *(SORT_BY_ALIGNMENT(.TEXT.*))
 *(SORT_BY_ALIGNMENT(.gnu.linkonce.t.*))
 *(SORT_BY_ALIGNMENT(.glue_7t))
 .glue_7t       0x000000000800f9e6        0x0 linker stubs
 *(SORT_BY_ALIGNMENT(.glue_7))
 .glue_7        0x000000000800f9e6        0x0 linker stubs
 *(SORT_BY_ALIGNMENT(.vfp11_veneer))
 .vfp11_veneer  0x000000000800f9e6        0x0 linker stubs
 *(SORT_BY_ALIGNMENT(.v4_bx))
 .v4_bx         0x000000000800f9e6        0x0 linker stubs
                0x000000000800f9e8                . = ALIGN (0x4)
 *fill*         0x000000000800f9e6        0x2 
                0x000000000800f9e8                __text_region_end = .

.ARM.exidx      0x000000000800f9e8        0x8
                0x000000000800f9e8                __exidx_start = .
 *(SORT_BY_ALIGNMENT(.ARM.exidx*) SORT_BY_ALIGNMENT(gnu.linkonce.armexidx.*))
 .ARM.exidx     0x000000000800f9e8        0x8 c:/zephyr-sdk-0.16.5/arm-zephyr-eabi/bin/../lib/gcc/arm-zephyr-eabi/12.2.0/thumb/v7e-m/nofp\libgcc.a(_udivmoddi4.o)
                0x000000000800f9f0                __exidx_end = .
                0x000000000800f9f0                __rodata_region_start = .

initlevel       0x000000000800f9f0       0xc0
                0x000000000800f9f0                __init_start = .
                0x000000000800f9f0                __init_EARLY_start = .
 *(SORT_BY_NAME(SORT_BY_ALIGNMENT(.z_init_EARLY_P_?_*)))
 *(SORT_BY_NAME(SORT_BY_ALIGNMENT(.z_init_EARLY_P_??_*)))
 *(SORT_BY_NAME(SORT_BY_ALIGNMENT(.z_init_EARLY_P_???_*)))
                0x000000000800f9f0                __init_PRE_KERNEL_1_start = .
 *(SORT_BY_NAME(SORT_BY_ALIGNMENT(.z_init_PRE_KERNEL_1_P_?_*)))
 .z_init_PRE_KERNEL_1_P_1_SUB_00009_
                0x000000000800f9f0        0x8 zephyr/drivers/clock_control/libdrivers__clock_control.a(clock_stm32_ll_common.c.obj)
 .z_init_PRE_KERNEL_1_P_1_SUB_0_
                0x000000000800f9f8        0x8 zephyr/libzephyr.a(soc_config.c.obj)
 *(SORT_BY_NAME(SORT_BY_ALIGNMENT(.z_init_PRE_KERNEL_1_P_??_*)))
 .z_init_PRE_KERNEL_1_P_35_SUB_00053_
                0x000000000800fa00        0x8 zephyr/drivers/reset/libdrivers__reset.a(reset_stm32.c.obj)
 .z_init_PRE_KERNEL_1_P_40_SUB_00034_
                0x000000000800fa08        0x8 zephyr/drivers/gpio/libdrivers__gpio.a(gpio_stm32.c.obj)
 .z_init_PRE_KERNEL_1_P_40_SUB_00037_
                0x000000000800fa10        0x8 zephyr/drivers/gpio/libdrivers__gpio.a(gpio_stm32.c.obj)
 .z_init_PRE_KERNEL_1_P_40_SUB_00060_
                0x000000000800fa18        0x8 zephyr/drivers/interrupt_controller/libdrivers__interrupt_controller.a(intc_exti_stm32.c.obj)
 .z_init_PRE_KERNEL_1_P_40_SUB_00112_
                0x000000000800fa20        0x8 zephyr/drivers/gpio/libdrivers__gpio.a(gpio_stm32.c.obj)
 .z_init_PRE_KERNEL_1_P_40_SUB_00113_
                0x000000000800fa28        0x8 zephyr/drivers/gpio/libdrivers__gpio.a(gpio_stm32.c.obj)
 .z_init_PRE_KERNEL_1_P_40_SUB_00114_
                0x000000000800fa30        0x8 zephyr/drivers/gpio/libdrivers__gpio.a(gpio_stm32.c.obj)
 .z_init_PRE_KERNEL_1_P_40_SUB_00115_
                0x000000000800fa38        0x8 zephyr/drivers/gpio/libdrivers__gpio.a(gpio_stm32.c.obj)
 .z_init_PRE_KERNEL_1_P_40_SUB_00116_
                0x000000000800fa40        0x8 zephyr/drivers/gpio/libdrivers__gpio.a(gpio_stm32.c.obj)
 .z_init_PRE_KERNEL_1_P_40_SUB_00117_
                0x000000000800fa48        0x8 zephyr/drivers/gpio/libdrivers__gpio.a(gpio_stm32.c.obj)
 .z_init_PRE_KERNEL_1_P_40_SUB_00120_
                0x000000000800fa50        0x8 zephyr/drivers/gpio/libdrivers__gpio.a(gpio_stm32.c.obj)
 .z_init_PRE_KERNEL_1_P_40_SUB_00125_
                0x000000000800fa58        0x8 zephyr/drivers/gpio/libdrivers__gpio.a(gpio_stm32.c.obj)
 .z_init_PRE_KERNEL_1_P_40_SUB_00126_
                0x000000000800fa60        0x8 zephyr/drivers/gpio/libdrivers__gpio.a(gpio_stm32.c.obj)
 .z_init_PRE_KERNEL_1_P_50_SUB_00071_
                0x000000000800fa68        0x8 zephyr/drivers/serial/libdrivers__serial.a(uart_stm32.c.obj)
 .z_init_PRE_KERNEL_1_P_50_SUB_00079_
                0x000000000800fa70        0x8 zephyr/drivers/serial/libdrivers__serial.a(uart_stm32.c.obj)
 .z_init_PRE_KERNEL_1_P_60_SUB_0_
                0x000000000800fa78        0x8 zephyr/drivers/console/libdrivers__console.a(uart_console.c.obj)
 *(SORT_BY_NAME(SORT_BY_ALIGNMENT(.z_init_PRE_KERNEL_1_P_???_*)))
                0x000000000800fa80                __init_PRE_KERNEL_2_start = .
 *(SORT_BY_NAME(SORT_BY_ALIGNMENT(.z_init_PRE_KERNEL_2_P_?_*)))
 .z_init_PRE_KERNEL_2_P_0_SUB_0_
                0x000000000800fa80        0x8 zephyr/drivers/timer/libdrivers__timer.a(cortex_m_systick.c.obj)
 *(SORT_BY_NAME(SORT_BY_ALIGNMENT(.z_init_PRE_KERNEL_2_P_??_*)))
 *(SORT_BY_NAME(SORT_BY_ALIGNMENT(.z_init_PRE_KERNEL_2_P_???_*)))
                0x000000000800fa88                __init_POST_KERNEL_start = .
 *(SORT_BY_NAME(SORT_BY_ALIGNMENT(.z_init_POST_KERNEL_P_?_*)))
 .z_init_POST_KERNEL_P_0_SUB_0_
                0x000000000800fa88        0x8 zephyr/libzephyr.a(log_core.c.obj)
 *(SORT_BY_NAME(SORT_BY_ALIGNMENT(.z_init_POST_KERNEL_P_??_*)))
 .z_init_POST_KERNEL_P_35_SUB_0_
                0x000000000800fa90        0x8 zephyr/lib/libc/newlib/liblib__libc__newlib.a(libc-hooks.c.obj)
 .z_init_POST_KERNEL_P_40_SUB_0_
                0x000000000800fa98        0x8 zephyr/kernel/libkernel.a(system_work_q.c.obj)
 .z_init_POST_KERNEL_P_50_SUB_00124_
                0x000000000800faa0        0x8 zephyr/drivers/spi/libdrivers__spi.a(spi_ll_stm32.c.obj)
 .z_init_POST_KERNEL_P_90_SUB_00127_