Archive member included to satisfy reference by file (symbol)

app/libapp.a(main.c.obj)      (--whole-archive)
zephyr/libzephyr.a(crc32k_4_2_sw.c.obj)
                              (--whole-archive)
zephyr/libzephyr.a(crc32c_sw.c.obj)
                              (--whole-archive)
zephyr/libzephyr.a(crc32_sw.c.obj)
                              (--whole-archive)
zephyr/libzephyr.a(crc24_sw.c.obj)
                              (--whole-archive)
zephyr/libzephyr.a(crc16_sw.c.obj)
                              (--whole-archive)
zephyr/libzephyr.a(crc8_sw.c.obj)
                              (--whole-archive)
zephyr/libzephyr.a(crc7_sw.c.obj)
                              (--whole-archive)
zephyr/libzephyr.a(crc4_sw.c.obj)
                              (--whole-archive)
zephyr/libzephyr.a(heap.c.obj)
                              (--whole-archive)
zephyr/libzephyr.a(cbprintf_packaged.c.obj)
                              (--whole-archive)
zephyr/libzephyr.a(printk.c.obj)
                              (--whole-archive)
zephyr/libzephyr.a(sem.c.obj)
                              (--whole-archive)
zephyr/libzephyr.a(thread_entry.c.obj)
                              (--whole-archive)
zephyr/libzephyr.a(fdtable.c.obj)
                              (--whole-archive)
zephyr/libzephyr.a(cbprintf_complete.c.obj)
                              (--whole-archive)
zephyr/libzephyr.a(assert.c.obj)
                              (--whole-archive)
zephyr/libzephyr.a(mpsc_pbuf.c.obj)
                              (--whole-archive)
zephyr/libzephyr.a(reboot.c.obj)
                              (--whole-archive)
zephyr/libzephyr.a(dec.c.obj)
                              (--whole-archive)
zephyr/libzephyr.a(hex.c.obj)
                              (--whole-archive)
zephyr/libzephyr.a(rb.c.obj)  (--whole-archive)
zephyr/libzephyr.a(timeutil.c.obj)
                              (--whole-archive)
zephyr/libzephyr.a(bitarray.c.obj)
                              (--whole-archive)
zephyr/libzephyr.a(ring_buffer.c.obj)
                              (--whole-archive)
zephyr/libzephyr.a(last_section_id.c.obj)
                              (--whole-archive)
zephyr/libzephyr.a(configs.c.obj)
                              (--whole-archive)
zephyr/libzephyr.a(stm32cube_hal.c.obj)
                              (--whole-archive)
zephyr/libzephyr.a(soc_config.c.obj)
                              (--whole-archive)
zephyr/libzephyr.a(soc.c.obj)
                              (--whole-archive)
zephyr/libzephyr.a(log_core.c.obj)
                              (--whole-archive)
zephyr/libzephyr.a(log_mgmt.c.obj)
                              (--whole-archive)
zephyr/libzephyr.a(log_cache.c.obj)
                              (--whole-archive)
zephyr/libzephyr.a(log_msg.c.obj)
                              (--whole-archive)
zephyr/libzephyr.a(log_output.c.obj)
                              (--whole-archive)
zephyr/libzephyr.a(log_backend_uart.c.obj)
                              (--whole-archive)
zephyr/libzephyr.a(mem_attr.c.obj)
                              (--whole-archive)
zephyr/libzephyr.a(tracing_none.c.obj)
                              (--whole-archive)
zephyr/libzephyr.a(addr_utils.c.obj)
                              (--whole-archive)
zephyr/arch/common/libarch__common.a(sw_isr_common.c.obj)
                              (--whole-archive)
zephyr/arch/arch/arm/core/libarch__arm__core.a(fatal.c.obj)
                              (--whole-archive)
zephyr/arch/arch/arm/core/libarch__arm__core.a(nmi.c.obj)
                              (--whole-archive)
zephyr/arch/arch/arm/core/libarch__arm__core.a(nmi_on_reset.S.obj)
                              (--whole-archive)
zephyr/arch/arch/arm/core/libarch__arm__core.a(tls.c.obj)
                              (--whole-archive)
zephyr/arch/arch/arm/core/cortex_m/libarch__arm__core__cortex_m.a(exc_exit.c.obj)
                              (--whole-archive)
zephyr/arch/arch/arm/core/cortex_m/libarch__arm__core__cortex_m.a(fault.c.obj)
                              (--whole-archive)
zephyr/arch/arch/arm/core/cortex_m/libarch__arm__core__cortex_m.a(fault_s.S.obj)
                              (--whole-archive)
zephyr/arch/arch/arm/core/cortex_m/libarch__arm__core__cortex_m.a(fpu.c.obj)
                              (--whole-archive)
zephyr/arch/arch/arm/core/cortex_m/libarch__arm__core__cortex_m.a(reset.S.obj)
                              (--whole-archive)
zephyr/arch/arch/arm/core/cortex_m/libarch__arm__core__cortex_m.a(scb.c.obj)
                              (--whole-archive)
zephyr/arch/arch/arm/core/cortex_m/libarch__arm__core__cortex_m.a(thread_abort.c.obj)
                              (--whole-archive)
zephyr/arch/arch/arm/core/cortex_m/libarch__arm__core__cortex_m.a(vector_table.S.obj)
                              (--whole-archive)
zephyr/arch/arch/arm/core/cortex_m/libarch__arm__core__cortex_m.a(swap_helper.S.obj)
                              (--whole-archive)
[...]
Memory Configuration

Name             Origin             Length             Attributes
FLASH            0x0000000008000000 0x0000000000100000 xr
RAM              0x0000000020010000 0x0000000000040000 xw
BACKUP_SRAM      0x0000000040024000 0x0000000000001000 rw
QSPI_PLACEHOLDER 0x0000000090000000 0x0000000010000000 rw
SRAM0            0x0000000020010000 0x0000000000040000 rw
DTCM             0x0000000020000000 0x0000000000010000 rw
IDT_LIST         0x00000000ffff7fff 0x0000000000008000 xw
*default*        0x0000000000000000 0xffffffffffffffff

Linker script and memory map

                0x000000000800f39c                vfprintf = __l_vfprintf
                0x0000000000000000                vfscanf = __l_vfscanf
LOAD zephyr/CMakeFiles/zephyr_final.dir/misc/empty_file.c.obj
LOAD zephyr/CMakeFiles/zephyr_final.dir/isr_tables.c.obj
LOAD zephyr/CMakeFiles/offsets.dir/./arch/arm/core/offsets/offsets.c.obj
LOAD app/libapp.a
LOAD zephyr/libzephyr.a
LOAD zephyr/arch/common/libarch__common.a
LOAD zephyr/arch/arch/arm/core/libarch__arm__core.a
LOAD zephyr/arch/arch/arm/core/cortex_m/libarch__arm__core__cortex_m.a
LOAD zephyr/arch/arch/arm/core/mpu/libarch__arm__core__mpu.a
LOAD zephyr/lib/libc/picolibc/liblib__libc__picolibc.a
LOAD zephyr/lib/libc/common/liblib__libc__common.a
LOAD zephyr/lib/net_buf/liblib__net_buf.a
LOAD zephyr/lib/os/zvfs/liblib__os__zvfs.a
LOAD zephyr/subsys/random/libsubsys__random.a
LOAD zephyr/subsys/net/libsubsys__net.a
LOAD zephyr/subsys/net/l2/ethernet/libsubsys__net__l2__ethernet.a
LOAD zephyr/subsys/net/ip/libsubsys__net__ip.a
LOAD zephyr/subsys/net/lib/dhcpv4/libsubsys__net__lib__dhcpv4.a
LOAD zephyr/drivers/interrupt_controller/libdrivers__interrupt_controller.a
LOAD zephyr/drivers/clock_control/libdrivers__clock_control.a
LOAD zephyr/drivers/console/libdrivers__console.a
LOAD zephyr/drivers/entropy/libdrivers__entropy.a
LOAD zephyr/drivers/ethernet/libdrivers__ethernet.a
LOAD zephyr/drivers/gpio/libdrivers__gpio.a
LOAD zephyr/drivers/hwinfo/libdrivers__hwinfo.a
LOAD zephyr/drivers/mdio/libdrivers__mdio.a
LOAD zephyr/drivers/pinctrl/libdrivers__pinctrl.a
LOAD zephyr/drivers/reset/libdrivers__reset.a
LOAD zephyr/drivers/serial/libdrivers__serial.a
LOAD zephyr/drivers/timer/libdrivers__timer.a
LOAD modules/hal_stm32/stm32cube/lib..__modules__hal__stm32__stm32cube.a
LOAD zephyr/kernel/libkernel.a
LOAD zephyr/arch/common/libisr_tables.a
LOAD c:\zephyr-sdk-0.16.5\arm-zephyr-eabi\bin\../lib/gcc/../../picolibc/arm-zephyr-eabi/lib/thumb/v7e-m/nofp\libc.a
LOAD c:/zephyr-sdk-0.16.5/arm-zephyr-eabi/bin/../lib/gcc/arm-zephyr-eabi/12.2.0/thumb/v7e-m/nofp\libgcc.a
                0x0000000000000020                _region_min_align = 0x20

.rel.plt        0x0000000008000000        0x0
 *(SORT_BY_ALIGNMENT(.rel.plt))
                [!provide]                        PROVIDE (__rel_iplt_start = .)
 *(SORT_BY_ALIGNMENT(.rel.iplt))
 .rel.iplt      0x0000000008000000        0x0 zephyr/CMakeFiles/zephyr_final.dir/isr_tables.c.obj
                [!provide]                        PROVIDE (__rel_iplt_end = .)

.rela.plt       0x0000000000000000        0x0
 *(SORT_BY_ALIGNMENT(.rela.plt))
                [!provide]                        PROVIDE (__rela_iplt_start = .)
 *(SORT_BY_ALIGNMENT(.rela.iplt))
                [!provide]                        PROVIDE (__rela_iplt_end = .)

.rel.dyn
 *(SORT_BY_ALIGNMENT(.rel.*))

.rela.dyn
 *(SORT_BY_ALIGNMENT(.rela.*))

/DISCARD/
 *(SORT_BY_ALIGNMENT(.plt))

/DISCARD/
 *(SORT_BY_ALIGNMENT(.iplt))
                0x0000000008000000                __rom_region_start = 0x8000000

rom_start       0x0000000008000000      0x1c8
                0x0000000008000000                __rom_start_address = .
 FILL mask 0x00
                0x0000000008000000                . = (. + (0x0 - (. - __rom_start_address)))
                0x0000000008000000                . = ALIGN (0x4)
                0x0000000008000000                . = ALIGN (0x80)
                0x0000000008000000                . = ALIGN (0x200)
                0x0000000008000000                _vector_start = .
 *(SORT_BY_ALIGNMENT(.exc_vector_table))
 *(SORT_BY_ALIGNMENT(.exc_vector_table.*))
 .exc_vector_table._vector_table_section
                0x0000000008000000       0x40 zephyr/arch/arch/arm/core/cortex_m/libarch__arm__core__cortex_m.a(vector_table.S.obj)
                0x0000000008000000                _vector_table
 *(SORT_BY_ALIGNMENT(.vectors))
                0x00000000080001c8                _vector_end = .
                0x0000000008000040                . = ALIGN (0x4)
 *(SORT_BY_ALIGNMENT(.gnu.linkonce.irq_vector_table*))
 .gnu.linkonce.irq_vector_table
                0x0000000008000040      0x188 zephyr/CMakeFiles/zephyr_final.dir/isr_tables.c.obj
                0x0000000008000040                _irq_vector_table
                0x00000000080001c8                _vector_end = .

text            0x00000000080001c8    0x14fec
                0x00000000080001c8                __text_region_start = .
 *(SORT_BY_ALIGNMENT(.text))
 .text          0x00000000080001c8       0xa0 c:/zephyr-sdk-0.16.5/arm-zephyr-eabi/bin/../lib/gcc/arm-zephyr-eabi/12.2.0/thumb/v7e-m/nofp\libgcc.a(_aeabi_ldivmod.o)
                0x00000000080001c8                __aeabi_ldivmod
 .text          0x0000000008000268       0x30 c:/zephyr-sdk-0.16.5/arm-zephyr-eabi/bin/../lib/gcc/arm-zephyr-eabi/12.2.0/thumb/v7e-m/nofp\libgcc.a(_aeabi_uldivmod.o)
                0x0000000008000268                __aeabi_uldivmod
 .text          0x0000000008000298        0x4 c:/zephyr-sdk-0.16.5/arm-zephyr-eabi/bin/../lib/gcc/arm-zephyr-eabi/12.2.0/thumb/v7e-m/nofp\libgcc.a(_dvmd_tls.o)
                0x0000000008000298                __aeabi_idiv0
                0x0000000008000298                __aeabi_ldiv0
 .text          0x000000000800029c       0x10 c:\zephyr-sdk-0.16.5\arm-zephyr-eabi\bin\../lib/gcc/../../picolibc/arm-zephyr-eabi/lib/thumb/v7e-m/nofp\libc.a(strcpy.S.o)
                0x000000000800029c                strcpy
 .text          0x00000000080002ac       0x10 c:\zephyr-sdk-0.16.5\arm-zephyr-eabi\bin\../lib/gcc/../../picolibc/arm-zephyr-eabi/lib/thumb/v7e-m/nofp\libc.a(strlen.S.o)
                0x00000000080002ac                strlen
 .text          0x00000000080002bc      0x2a0 c:/zephyr-sdk-0.16.5/arm-zephyr-eabi/bin/../lib/gcc/arm-zephyr-eabi/12.2.0/thumb/v7e-m/nofp\libgcc.a(_udivmoddi4.o)
                0x00000000080002bc                __udivmoddi4
 *(SORT_BY_ALIGNMENT(.text.*))
 .text.dhcp_handler.part.0
                0x000000000800055c       0x20 app/libapp.a(main.c.obj)
 .text.dhcp_handler
                0x000000000800057c       0x10 app/libapp.a(main.c.obj)
 .text.handle_client
                0x000000000800058c       0xf8 app/libapp.a(main.c.obj)
 .text.main     0x0000000008000684      0x238 app/libapp.a(main.c.obj)
                0x0000000008000684                main
 .text.crc32_ieee_update
                0x00000000080008bc       0x3c zephyr/libzephyr.a(crc32_sw.c.obj)
                0x00000000080008bc                crc32_ieee_update
 .text.cbvprintf_package
                0x00000000080008f8      0x3a4 zephyr/libzephyr.a(cbprintf_packaged.c.obj)
                0x00000000080008f8                cbvprintf_package
 .text.cbprintf_package_convert
                0x0000000008000c9c      0x3cc zephyr/libzephyr.a(cbprintf_packaged.c.obj)
                0x0000000008000c9c                cbprintf_package_convert
 .text.__printk_hook_install
                0x0000000008001068        0xc zephyr/libzephyr.a(printk.c.obj)
                0x0000000008001068                __printk_hook_install
 .text.z_thread_entry
                0x0000000008001074       0x34 zephyr/libzephyr.a(thread_entry.c.obj)
                0x0000000008001074                z_thread_entry
 .text._check_fd
                0x00000000080010a8       0x38 zephyr/libzephyr.a(fdtable.c.obj)
 .text.z_fd_unref.isra.0
                0x00000000080010e0       0x4c zephyr/libzephyr.a(fdtable.c.obj)
 .text.zvfs_get_fd_obj_and_vtable
                0x000000000800112c       0x34 zephyr/libzephyr.a(fdtable.c.obj)
                0x000000000800112c                zvfs_get_fd_obj_and_vtable
 .text.zvfs_reserve_fd
                0x0000000008001160       0x8c zephyr/libzephyr.a(fdtable.c.obj)
                0x0000000008001160                zvfs_reserve_fd
 .text.zvfs_finalize_typed_fd
                0x00000000080011ec       0x50 zephyr/libzephyr.a(fdtable.c.obj)
                0x00000000080011ec                zvfs_finalize_typed_fd
 .text.zvfs_close
                0x000000000800123c       0x60 zephyr/libzephyr.a(fdtable.c.obj)
                0x000000000800123c                zvfs_close
 .text.st_stm32_common_config
                0x000000000800129c       0x14 zephyr/libzephyr.a(soc_config.c.obj)
 .text.soc_early_init_hook
                0x00000000080012b0       0x28 zephyr/libzephyr.a(soc.c.obj)
                0x00000000080012b0                soc_early_init_hook
 .text.activate_foreach_backend
                0x00000000080012d8       0x64 zephyr/libzephyr.a(log_core.c.obj)
 .text.enable_logger
                0x000000000800133c       0x5c zephyr/libzephyr.a(log_core.c.obj)
 .text.log_process_thread_timer_expiry_fn
                0x0000000008001398        0xc zephyr/libzephyr.a(log_core.c.obj)
 .text.z_log_init
                0x00000000080013a4       0x94 zephyr/libzephyr.a(log_core.c.obj)
 .text.log_format_func_t_get
                0x0000000008001438        0xc zephyr/libzephyr.a(log_core.c.obj)
                0x0000000008001438                log_format_func_t_get
 .text.log_set_timestamp_func
                0x0000000008001444       0x20 zephyr/libzephyr.a(log_core.c.obj)
                0x0000000008001444                log_set_timestamp_func
 .text.z_log_notify_backend_enabled
                0x0000000008001464       0x1c zephyr/libzephyr.a(log_core.c.obj)
                0x0000000008001464                z_log_notify_backend_enabled
 .text.z_log_dropped
                0x0000000008001480       0x44 zephyr/libzephyr.a(log_core.c.obj)
                0x0000000008001480                z_log_dropped
 .text.z_log_dropped_read_and_clear
                0x00000000080014c4       0x20 zephyr/libzephyr.a(log_core.c.obj)
                0x00000000080014c4                z_log_dropped_read_and_clear
 .text.dropped_notify
                0x00000000080014e4       0x30 zephyr/libzephyr.a(log_core.c.obj)
                0x00000000080014e4                dropped_notify
 .text.z_log_msg_init
                0x0000000008001514       0x20 zephyr/libzephyr.a(log_core.c.obj)
                0x0000000008001514                z_log_msg_init
 .text.log_core_init
                0x0000000008001534       0x50 zephyr/libzephyr.a(log_core.c.obj)
                0x0000000008001534                log_core_init
 .text.z_log_msg_alloc
                0x0000000008001584       0x10 zephyr/libzephyr.a(log_core.c.obj)
                0x0000000008001584                z_log_msg_alloc
 .text.z_log_msg_local_claim
                0x0000000008001594        0xc zephyr/libzephyr.a(log_core.c.obj)
                0x0000000008001594                z_log_msg_local_claim
 .text.z_log_msg_free
                0x00000000080015a0       0x10 zephyr/libzephyr.a(log_core.c.obj)
                0x00000000080015a0                z_log_msg_free
 .text.z_log_msg_pending
                0x00000000080015b0        0xc zephyr/libzephyr.a(log_core.c.obj)
                0x00000000080015b0                z_log_msg_pending
 .text.z_impl_log_process
                0x00000000080015bc       0xb4 zephyr/libzephyr.a(log_core.c.obj)
                0x00000000080015bc                z_impl_log_process
 .text.z_impl_log_panic
                0x0000000008001670       0x44 zephyr/libzephyr.a(log_core.c.obj)
                0x0000000008001670                z_impl_log_panic
 .text.log_process_thread_func
                0x00000000080016b4       0xa4 zephyr/libzephyr.a(log_core.c.obj)
 .text.z_log_msg_post_finalize
                0x0000000008001758       0x78 zephyr/libzephyr.a(log_core.c.obj)
 .text.z_log_msg_commit
                0x00000000080017d0       0x24 zephyr/libzephyr.a(log_core.c.obj)
                0x00000000080017d0                z_log_msg_commit
 .text.log_source_name_get
                0x00000000080017f4       0x1c zephyr/libzephyr.a(log_mgmt.c.obj)
                0x00000000080017f4                log_source_name_get
 .text.z_impl_z_log_msg_static_create
                0x0000000008001810      0x108 zephyr/libzephyr.a(log_msg.c.obj)
                0x0000000008001810                z_impl_z_log_msg_static_create
 .text.z_log_msg_runtime_vcreate
                0x0000000008001918       0xa0 zephyr/libzephyr.a(log_msg.c.obj)
                0x0000000008001918                z_log_msg_runtime_vcreate
 .text.log_msg_get_source_id
                0x00000000080019b8       0x18 zephyr/libzephyr.a(log_msg.c.obj)
                0x00000000080019b8                log_msg_get_source_id
 .text.print_formatted
                0x00000000080019d0       0x24 zephyr/libzephyr.a(log_output.c.obj)
 .text.newline_print
                0x00000000080019f4       0x1c zephyr/libzephyr.a(log_output.c.obj)
 .text.log_output_process
                0x0000000008001a10      0x2d4 zephyr/libzephyr.a(log_output.c.obj)
                0x0000000008001a10                log_output_process
 .text.log_output_dropped_process
                0x0000000008001ce4       0x58 zephyr/libzephyr.a(log_output.c.obj)
                0x0000000008001ce4                log_output_dropped_process
 .text.log_output_timestamp_freq_set
                0x0000000008001d3c       0x2c zephyr/libzephyr.a(log_output.c.obj)
                0x0000000008001d3c                log_output_timestamp_freq_set
 .text.char_out
                0x0000000008001d68       0x24 zephyr/libzephyr.a(log_backend_uart.c.obj)
 .text.mem_attr_get_regions
                0x0000000008001d8c        0xc zephyr/libzephyr.a(mem_attr.c.obj)
                0x0000000008001d8c                mem_attr_get_regions
 .text.z_arm_fatal_error
                0x0000000008001d98       0xb8 zephyr/arch/arch/arm/core/libarch__arm__core.a(fatal.c.obj)
                0x0000000008001d98                z_arm_fatal_error
 .text.z_arm_nmi
                0x0000000008001e50       0x14 zephyr/arch/arch/arm/core/libarch__arm__core.a(nmi.c.obj)
                0x0000000008001e50                z_arm_nmi
 .text.z_SysNmiOnReset
                0x0000000008001e64        0x8 zephyr/arch/arch/arm/core/libarch__arm__core.a(nmi_on_reset.S.obj)
                0x0000000008001e64                z_SysNmiOnReset
 .text.arch_tls_stack_setup
                0x0000000008001e6c       0x40 zephyr/arch/arch/arm/core/libarch__arm__core.a(tls.c.obj)
                0x0000000008001e6c                arch_tls_stack_setup
 .text._HandlerModeExit
                0x0000000008001eac       0x20 zephyr/arch/arch/arm/core/cortex_m/libarch__arm__core__cortex_m.a(exc_exit.c.obj)
                0x0000000008001eac                z_arm_int_exit
                0x0000000008001eac                z_arm_exc_exit
 .text.bus_fault.constprop.0
                0x0000000008001ecc       0xd0 zephyr/arch/arch/arm/core/cortex_m/libarch__arm__core__cortex_m.a(fault.c.obj)
 .text.usage_fault.constprop.0
                0x0000000008001f9c       0xa8 zephyr/arch/arch/arm/core/cortex_m/libarch__arm__core__cortex_m.a(fault.c.obj)
 .text.mem_manage_fault
                0x0000000008002044      0x104 zephyr/arch/arch/arm/core/cortex_m/libarch__arm__core__cortex_m.a(fault.c.obj)
 .text.z_arm_fault
                0x0000000008002148      0x1d4 zephyr/arch/arch/arm/core/cortex_m/libarch__arm__core__cortex_m.a(fault.c.obj)
                0x0000000008002148                z_arm_fault
 .text.z_arm_fault_init
                0x000000000800231c       0x18 zephyr/arch/arch/arm/core/cortex_m/libarch__arm__core__cortex_m.a(fault.c.obj)
                0x000000000800231c                z_arm_fault_init
 .text.__fault  0x0000000008002334       0x14 zephyr/arch/arch/arm/core/cortex_m/libarch__arm__core__cortex_m.a(fault_s.S.obj)
                0x0000000008002334                z_arm_usage_fault
                0x0000000008002334                z_arm_mpu_fault
                0x0000000008002334                z_arm_exc_spurious
                0x0000000008002334                z_arm_debug_monitor
                0x0000000008002334                z_arm_hard_fault
                0x0000000008002334                z_arm_bus_fault
 .text._reset_section
                0x0000000008002348       0x34 zephyr/arch/arch/arm/core/cortex_m/libarch__arm__core__cortex_m.a(reset.S.obj)
                0x0000000008002348                __start
                0x0000000008002348                z_arm_reset
 .text.z_impl_k_thread_abort
                0x000000000800237c       0x2c zephyr/arch/arch/arm/core/cortex_m/libarch__arm__core__cortex_m.a(thread_abort.c.obj)
                0x000000000800237c                z_impl_k_thread_abort
 .text.z_arm_pendsv
                0x00000000080023a8       0x60 zephyr/arch/arch/arm/core/cortex_m/libarch__arm__core__cortex_m.a(swap_helper.S.obj)
                0x00000000080023a8                z_arm_pendsv
 .text.z_arm_svc
                0x0000000008002408       0x24 zephyr/arch/arch/arm/core/cortex_m/libarch__arm__core__cortex_m.a(swap_helper.S.obj)
                0x0000000008002408                z_arm_svc
 .text.arm_irq_enable
                0x000000000800242c       0x1c zephyr/arch/arch/arm/core/cortex_m/libarch__arm__core__cortex_m.a(irq_manage.c.obj)
                0x000000000800242c                arm_irq_enable
 .text.arm_irq_disable
                0x0000000008002448       0x28 zephyr/arch/arch/arm/core/cortex_m/libarch__arm__core__cortex_m.a(irq_manage.c.obj)
                0x0000000008002448                arm_irq_disable
 .text.arm_irq_is_enabled
                0x0000000008002470       0x1c zephyr/arch/arch/arm/core/cortex_m/libarch__arm__core__cortex_m.a(irq_manage.c.obj)
                0x0000000008002470                arm_irq_is_enabled
 .text.arm_irq_priority_set
                0x000000000800248c       0x2c zephyr/arch/arch/arm/core/cortex_m/libarch__arm__core__cortex_m.a(irq_manage.c.obj)
                0x000000000800248c                arm_irq_priority_set
 .text.relocate_vector_table
                0x00000000080024b8       0x1c zephyr/arch/arch/arm/core/cortex_m/libarch__arm__core__cortex_m.a(prep_c.c.obj)
                0x00000000080024b8                relocate_vector_table
 .text.z_prep_c
                0x00000000080024d4       0x38 zephyr/arch/arch/arm/core/cortex_m/libarch__arm__core__cortex_m.a(prep_c.c.obj)
                0x00000000080024d4                z_prep_c
 .text.arch_new_thread
                0x000000000800250c       0x2c zephyr/arch/arch/arm/core/cortex_m/libarch__arm__core__cortex_m.a(thread.c.obj)
                0x000000000800250c                arch_new_thread
 .text.z_check_thread_stack_fail
                0x0000000008002538       0x2c zephyr/arch/arch/arm/core/cortex_m/libarch__arm__core__cortex_m.a(thread.c.obj)
                0x0000000008002538                z_check_thread_stack_fail
 .text.arch_switch_to_main_thread
                0x0000000008002564       0x3c zephyr/arch/arch/arm/core/cortex_m/libarch__arm__core__cortex_m.a(thread.c.obj)
                0x0000000008002564                arch_switch_to_main_thread
 .text.z_arm_cpu_idle_init
                0x00000000080025a0        0xc zephyr/arch/arch/arm/core/cortex_m/libarch__arm__core__cortex_m.a(cpu_idle.c.obj)
                0x00000000080025a0                z_arm_cpu_idle_init
 .text.z_arm_interrupt_init
                0x00000000080025ac       0x18 zephyr/arch/arch/arm/core/cortex_m/libarch__arm__core__cortex_m.a(irq_init.c.obj)
                0x00000000080025ac                z_arm_interrupt_init
 .text._isr_wrapper
                0x00000000080025c4       0x24 zephyr/arch/arch/arm/core/cortex_m/libarch__arm__core__cortex_m.a(isr_wrapper.c.obj)
                0x00000000080025c4                _isr_wrapper
 .text.z_arm_configure_static_mpu_regions
                0x00000000080025e8       0x18 zephyr/arch/arch/arm/core/mpu/libarch__arm__core__mpu.a(arm_core_mpu.c.obj)
                0x00000000080025e8                z_arm_configure_static_mpu_regions
 .text.z_arm_configure_dynamic_mpu_regions
                0x0000000008002600       0x20 zephyr/arch/arch/arm/core/mpu/libarch__arm__core__mpu.a(arm_core_mpu.c.obj)
                0x0000000008002600                z_arm_configure_dynamic_mpu_regions
 .text.region_allocate_and_init
                0x0000000008002620       0x54 zephyr/arch/arch/arm/core/mpu/libarch__arm__core__mpu.a(arm_mpu.c.obj)
 .text.mpu_configure_regions
                0x0000000008002674       0x68 zephyr/arch/arch/arm/core/mpu/libarch__arm__core__mpu.a(arm_mpu.c.obj)
 .text.arm_core_mpu_enable
                0x00000000080026dc       0x18 zephyr/arch/arch/arm/core/mpu/libarch__arm__core__mpu.a(arm_mpu.c.obj)
                0x00000000080026dc                arm_core_mpu_enable
 .text.arm_core_mpu_disable
                0x00000000080026f4       0x14 zephyr/arch/arch/arm/core/mpu/libarch__arm__core__mpu.a(arm_mpu.c.obj)
                0x00000000080026f4                arm_core_mpu_disable
 .text.arm_core_mpu_configure_static_mpu_regions
                0x0000000008002708       0x14 zephyr/arch/arch/arm/core/mpu/libarch__arm__core__mpu.a(arm_mpu.c.obj)
                0x0000000008002708                arm_core_mpu_configure_static_mpu_regions
 .text.arm_core_mpu_configure_dynamic_mpu_regions
                0x000000000800271c       0x38 zephyr/arch/arch/arm/core/mpu/libarch__arm__core__mpu.a(arm_mpu.c.obj)
                0x000000000800271c                arm_core_mpu_configure_dynamic_mpu_regions
 .text.z_arm_mpu_init
                0x0000000008002754      0x17c zephyr/arch/arch/arm/core/mpu/libarch__arm__core__mpu.a(arm_mpu.c.obj)
                0x0000000008002754                z_arm_mpu_init
 .text.cbvprintf
                0x00000000080028d0       0x38 zephyr/lib/libc/picolibc/liblib__libc__picolibc.a(cbprintf.c.obj)
                0x00000000080028d0                cbvprintf
 .text.z_impl_zephyr_fputc
                0x0000000008002908       0x10 zephyr/lib/libc/picolibc/liblib__libc__picolibc.a(stdio.c.obj)
                0x0000000008002908                z_impl_zephyr_fputc
 .text.__stdout_hook_install
                0x0000000008002918       0x18 zephyr/lib/libc/picolibc/liblib__libc__picolibc.a(stdio.c.obj)
                0x0000000008002918                __stdout_hook_install
 .text.malloc_prepare
                0x0000000008002930       0x24 zephyr/lib/libc/common/liblib__libc__common.a(malloc.c.obj)
 .text.net_buf_destroy
                0x0000000008002954       0x38 zephyr/lib/net_buf/liblib__net_buf.a(buf.c.obj)
 .text.net_buf_id
                0x000000000800298c       0x20 zephyr/lib/net_buf/liblib__net_buf.a(buf.c.obj)
                0x000000000800298c                net_buf_id
 .text.fixed_data_alloc
                0x00000000080029ac       0x24 zephyr/lib/net_buf/liblib__net_buf.a(buf.c.obj)
 .text.net_buf_alloc_len
                0x00000000080029d0       0xfc zephyr/lib/net_buf/liblib__net_buf.a(buf.c.obj)
                0x00000000080029d0                net_buf_alloc_len
 .text.net_buf_unref
                0x0000000008002acc       0x38 zephyr/lib/net_buf/liblib__net_buf.a(buf.c.obj)
                0x0000000008002acc                net_buf_unref
 .text.z_impl_sys_rand_get
                0x0000000008002b04       0x40 zephyr/subsys/random/libsubsys__random.a(random_entropy_device.c.obj)
                0x0000000008002b04                z_impl_sys_rand_get
 .text.z_impl_zsock_socket
                0x0000000008002b44       0x64 zephyr/subsys/net/libsubsys__net.a(sockets.c.obj)
                0x0000000008002b44                z_impl_zsock_socket
 .text.z_impl_zsock_bind
                0x0000000008002ba8       0x58 zephyr/subsys/net/libsubsys__net.a(sockets.c.obj)
                0x0000000008002ba8                z_impl_zsock_bind
 .text.z_impl_zsock_listen
                0x0000000008002c00       0x54 zephyr/subsys/net/libsubsys__net.a(sockets.c.obj)
                0x0000000008002c00                z_impl_zsock_listen
 .text.z_impl_zsock_accept
                0x0000000008002c54       0x58 zephyr/subsys/net/libsubsys__net.a(sockets.c.obj)
                0x0000000008002c54                z_impl_zsock_accept
 .text.z_impl_zsock_sendto
                0x0000000008002cac       0x6c zephyr/subsys/net/libsubsys__net.a(sockets.c.obj)
                0x0000000008002cac                z_impl_zsock_sendto
 .text.z_impl_zsock_recvfrom
                0x0000000008002d18       0x6c zephyr/subsys/net/libsubsys__net.a(sockets.c.obj)
                0x0000000008002d18                z_impl_zsock_recvfrom
 .text.z_impl_zsock_setsockopt
                0x0000000008002d84       0x68 zephyr/subsys/net/libsubsys__net.a(sockets.c.obj)
                0x0000000008002d84                z_impl_zsock_setsockopt
 .text.ipv4_multicast_group.constprop.0
                0x0000000008002dec       0x50 zephyr/subsys/net/libsubsys__net.a(sockets_inet.c.obj)
 .text.zsock_socket_internal
                0x0000000008002e3c       0x88 zephyr/subsys/net/libsubsys__net.a(sockets_inet.c.obj)
 .text.zsock_accepted_cb
                0x0000000008002ec4       0x4c zephyr/subsys/net/libsubsys__net.a(sockets_inet.c.obj)
 .text.send_check_and_wait
                0x0000000008002f10       0xfc zephyr/subsys/net/libsubsys__net.a(sockets_inet.c.obj)
 .text.sock_ioctl_vmeth
                0x000000000800300c      0x1e4 zephyr/subsys/net/libsubsys__net.a(sockets_inet.c.obj)
 .text.zsock_close_ctx
                0x00000000080031f0       0x58 zephyr/subsys/net/libsubsys__net.a(sockets_inet.c.obj)
                0x00000000080031f0                zsock_close_ctx
 .text.zsock_shutdown_ctx
                0x0000000008003248       0x68 zephyr/subsys/net/libsubsys__net.a(sockets_inet.c.obj)
                0x0000000008003248                zsock_shutdown_ctx
 .text.zsock_bind_ctx
                0x00000000080032b0       0x50 zephyr/subsys/net/libsubsys__net.a(sockets_inet.c.obj)
                0x00000000080032b0                zsock_bind_ctx
 .text.zsock_connect_ctx
                0x0000000008003300       0xd4 zephyr/subsys/net/libsubsys__net.a(sockets_inet.c.obj)
                0x0000000008003300                zsock_connect_ctx
 .text.zsock_listen_ctx
                0x00000000080033d4       0x50 zephyr/subsys/net/libsubsys__net.a(sockets_inet.c.obj)
                0x00000000080033d4                zsock_listen_ctx
 .text.zsock_sendto_ctx
                0x0000000008003424      0x108 zephyr/subsys/net/libsubsys__net.a(sockets_inet.c.obj)
                0x0000000008003424                zsock_sendto_ctx
 .text.zsock_sendmsg_ctx
                0x000000000800352c       0xb4 zephyr/subsys/net/libsubsys__net.a(sockets_inet.c.obj)
                0x000000000800352c                zsock_sendmsg_ctx
 .text.zsock_wait_data
                0x00000000080035e0       0x64 zephyr/subsys/net/libsubsys__net.a(sockets_inet.c.obj)
                0x00000000080035e0                zsock_wait_data
 .text.zsock_accept_ctx
                0x0000000008003644      0x12c zephyr/subsys/net/libsubsys__net.a(sockets_inet.c.obj)
                0x0000000008003644                zsock_accept_ctx
 .text.zsock_recv_dgram
                0x0000000008003770      0x2ac zephyr/subsys/net/libsubsys__net.a(sockets_inet.c.obj)
 .text.zsock_recv_stream
                0x0000000008003a1c      0x184 zephyr/subsys/net/libsubsys__net.a(sockets_inet.c.obj)
 .text.zsock_recvfrom_ctx
                0x0000000008003ba0       0x5c zephyr/subsys/net/libsubsys__net.a(sockets_inet.c.obj)
                0x0000000008003ba0                zsock_recvfrom_ctx
 .text.zsock_recvmsg_ctx
                0x0000000008003bfc       0x70 zephyr/subsys/net/libsubsys__net.a(sockets_inet.c.obj)
                0x0000000008003bfc                zsock_recvmsg_ctx
 .text.zsock_getsockopt_ctx
                0x0000000008003c6c      0x170 zephyr/subsys/net/libsubsys__net.a(sockets_inet.c.obj)
                0x0000000008003c6c                zsock_getsockopt_ctx
 .text.zsock_setsockopt_ctx
                0x0000000008003ddc      0x1e4 zephyr/subsys/net/libsubsys__net.a(sockets_inet.c.obj)
                0x0000000008003ddc                zsock_setsockopt_ctx
 .text.zsock_getpeername_ctx
                0x0000000008003fc0       0x74 zephyr/subsys/net/libsubsys__net.a(sockets_inet.c.obj)
                0x0000000008003fc0                zsock_getpeername_ctx
 .text.zsock_getsockname_ctx
                0x0000000008004034       0x6c zephyr/subsys/net/libsubsys__net.a(sockets_inet.c.obj)
                0x0000000008004034                zsock_getsockname_ctx
 .text.ethernet_recv
                0x00000000080040a0      0x134 zephyr/subsys/net/l2/ethernet/libsubsys__net__l2__ethernet.a(ethernet.c.obj)
 .text.net_eth_broadcast_addr
                0x00000000080041d4        0x8 zephyr/subsys/net/l2/ethernet/libsubsys__net__l2__ethernet.a(ethernet.c.obj)
                0x00000000080041d4                net_eth_broadcast_addr
 .text.ethernet_mcast_monitor_cb
                0x00000000080041dc       0x68 zephyr/subsys/net/l2/ethernet/libsubsys__net__l2__ethernet.a(ethernet.c.obj)
 .text.ethernet_send
                0x0000000008004244      0x1c0 zephyr/subsys/net/l2/ethernet/libsubsys__net__l2__ethernet.a(ethernet.c.obj)
 .text.ethernet_init
                0x0000000008004404       0x58 zephyr/subsys/net/l2/ethernet/libsubsys__net__l2__ethernet.a(ethernet.c.obj)
                0x0000000008004404                ethernet_init
 .text.arp_entry_get_last_from_table
                0x000000000800445c       0x28 zephyr/subsys/net/l2/ethernet/libsubsys__net__l2__ethernet.a(arp.c.obj)
 .text.arp_request_timeout
                0x0000000008004484       0xa8 zephyr/subsys/net/l2/ethernet/libsubsys__net__l2__ethernet.a(arp.c.obj)
 .text.net_arp_prepare
                0x000000000800452c      0x2b8 zephyr/subsys/net/l2/ethernet/libsubsys__net__l2__ethernet.a(arp.c.obj)
                0x000000000800452c                net_arp_prepare
 .text.net_arp_update
                0x00000000080047e4      0x168 zephyr/subsys/net/l2/ethernet/libsubsys__net__l2__ethernet.a(arp.c.obj)
                0x00000000080047e4                net_arp_update
 .text.net_arp_clear_cache
                0x000000000800494c       0xd0 zephyr/subsys/net/l2/ethernet/libsubsys__net__l2__ethernet.a(arp.c.obj)
                0x000000000800494c                net_arp_clear_cache
 .text.net_arp_clear_pending
                0x0000000008004a1c       0x28 zephyr/subsys/net/l2/ethernet/libsubsys__net__l2__ethernet.a(arp.c.obj)
                0x0000000008004a1c                net_arp_clear_pending
 .text.net_arp_init
                0x0000000008004a44       0x74 zephyr/subsys/net/l2/ethernet/libsubsys__net__l2__ethernet.a(arp.c.obj)
                0x0000000008004a44                net_arp_init
 .text.net_ipv4_is_ll_addr
                0x0000000008004ab8       0x18 zephyr/subsys/net/ip/libsubsys__net__ip.a(net_if.c.obj)
 .text.need_calc_checksum
                0x0000000008004ad0       0x64 zephyr/subsys/net/ip/libsubsys__net__ip.a(net_if.c.obj)
 .text.iface_router_update_timer
                0x0000000008004b34       0x7c zephyr/subsys/net/ip/libsubsys__net__ip.a(net_if.c.obj)
 .text.net_if_ipv4_get_best_match
                0x0000000008004bb0       0x98 zephyr/subsys/net/ip/libsubsys__net__ip.a(net_if.c.obj)
 .text.iface_router_expired
                0x0000000008004c48       0xa8 zephyr/subsys/net/ip/libsubsys__net__ip.a(net_if.c.obj)
 .text.net_if_get_default.part.0
                0x0000000008004cf0       0x18 zephyr/subsys/net/ip/libsubsys__net__ip.a(net_if.c.obj)
 .text.z_impl_net_if_get_by_index
                0x0000000008004d08       0x24 zephyr/subsys/net/ip/libsubsys__net__ip.a(net_if.c.obj)
                0x0000000008004d08                z_impl_net_if_get_by_index
 .text.net_if_get_default
                0x0000000008004d2c       0x24 zephyr/subsys/net/ip/libsubsys__net__ip.a(net_if.c.obj)
                0x0000000008004d2c                net_if_get_default
 .text.net_if_mcast_mon_register
                0x0000000008004d50       0x44 zephyr/subsys/net/ip/libsubsys__net__ip.a(net_if.c.obj)
                0x0000000008004d50                net_if_mcast_mon_register
 .text.net_if_config_ipv4_get
                0x0000000008004d94       0x68 zephyr/subsys/net/ip/libsubsys__net__ip.a(net_if.c.obj)
                0x0000000008004d94                net_if_config_ipv4_get
 .text.net_if_ipv4_is_addr_bcast
                0x0000000008004dfc       0x30 zephyr/subsys/net/ip/libsubsys__net__ip.a(net_if.c.obj)
                0x0000000008004dfc                net_if_ipv4_is_addr_bcast
 .text.net_if_ipv4_select_src_addr
                0x0000000008004e2c       0xc4 zephyr/subsys/net/ip/libsubsys__net__ip.a(net_if.c.obj)
                0x0000000008004e2c                net_if_ipv4_select_src_addr
 .text.net_if_ipv4_addr_lookup
                0x0000000008004ef0       0x54 zephyr/subsys/net/ip/libsubsys__net__ip.a(net_if.c.obj)
                0x0000000008004ef0                net_if_ipv4_addr_lookup
 .text.net_if_ipv4_addr_add
                0x0000000008004f44       0xc8 zephyr/subsys/net/ip/libsubsys__net__ip.a(net_if.c.obj)
                0x0000000008004f44                net_if_ipv4_addr_add
 .text.net_if_ipv4_maddr_lookup
                0x000000000800500c       0x64 zephyr/subsys/net/ip/libsubsys__net__ip.a(net_if.c.obj)
                0x000000000800500c                net_if_ipv4_maddr_lookup
 .text.net_if_addr_unref
                0x0000000008005070       0x94 zephyr/subsys/net/ip/libsubsys__net__ip.a(net_if.c.obj)
                0x0000000008005070                net_if_addr_unref
 .text.net_if_call_link_cb
                0x0000000008005104       0x4c zephyr/subsys/net/ip/libsubsys__net__ip.a(net_if.c.obj)
                0x0000000008005104                net_if_call_link_cb
 .text.net_if_get_by_iface
                0x0000000008005150       0x2c zephyr/subsys/net/ip/libsubsys__net__ip.a(net_if.c.obj)
                0x0000000008005150                net_if_get_by_iface
 .text.update_operational_state
                0x000000000800517c      0x1cc zephyr/subsys/net/ip/libsubsys__net__ip.a(net_if.c.obj)
 .text.net_if_tx.isra.0
                0x0000000008005348       0xfc zephyr/subsys/net/ip/libsubsys__net__ip.a(net_if.c.obj)
 .text.net_if_try_send_data
                0x0000000008005444       0xe8 zephyr/subsys/net/ip/libsubsys__net__ip.a(net_if.c.obj)
                0x0000000008005444                net_if_try_send_data
 .text.net_if_up
                0x000000000800552c       0x74 zephyr/subsys/net/ip/libsubsys__net__ip.a(net_if.c.obj)
                0x000000000800552c                net_if_up
 .text.net_if_is_wifi
                0x00000000080055a0       0x30 zephyr/subsys/net/ip/libsubsys__net__ip.a(net_if.c.obj)
                0x00000000080055a0                net_if_is_wifi
 .text.net_if_set_name
                0x00000000080055d0       0x64 zephyr/subsys/net/ip/libsubsys__net__ip.a(net_if.c.obj)
                0x00000000080055d0                net_if_set_name
 .text.net_if_get_by_name
                0x0000000008005634       0x44 zephyr/subsys/net/ip/libsubsys__net__ip.a(net_if.c.obj)
                0x0000000008005634                net_if_get_by_name
 .text.net_if_init
                0x0000000008005678      0x1c4 zephyr/subsys/net/ip/libsubsys__net__ip.a(net_if.c.obj)
                0x0000000008005678                net_if_init
 .text.net_if_post_init
                0x000000000800583c       0x28 zephyr/subsys/net/ip/libsubsys__net__ip.a(net_if.c.obj)
                0x000000000800583c                net_if_post_init
 .text.net_sprint_ll_addr_buf
                0x0000000008005864       0x58 zephyr/subsys/net/ip/libsubsys__net__ip.a(utils.c.obj)
                0x0000000008005864                net_sprint_ll_addr_buf
 .text.z_impl_net_addr_ntop
                0x00000000080058bc      0x1d8 zephyr/subsys/net/ip/libsubsys__net__ip.a(utils.c.obj)
                0x00000000080058bc                z_impl_net_addr_ntop
 .text.net_sprint_addr
                0x0000000008005a94       0x2c zephyr/subsys/net/ip/libsubsys__net__ip.a(utils.c.obj)
                0x0000000008005a94                net_sprint_addr
 .text.net_ipv4_unspecified_address
                0x0000000008005ac0        0x8 zephyr/subsys/net/ip/libsubsys__net__ip.a(utils.c.obj)
                0x0000000008005ac0                net_ipv4_unspecified_address
 .text.net_ipv4_broadcast_address
                0x0000000008005ac8        0x8 zephyr/subsys/net/ip/libsubsys__net__ip.a(utils.c.obj)
                0x0000000008005ac8                net_ipv4_broadcast_address
 .text.mgmt_event_work_handler
                0x0000000008005ad0      0x11c zephyr/subsys/net/ip/libsubsys__net__ip.a(net_mgmt.c.obj)
 .text.sys_slist_find_and_remove.constprop.0.isra.0
                0x0000000008005bec       0x38 zephyr/subsys/net/ip/libsubsys__net__ip.a(net_mgmt.c.obj)
 .text.mgmt_rebuild_global_event_mask
                0x0000000008005c24       0x5c zephyr/subsys/net/ip/libsubsys__net__ip.a(net_mgmt.c.obj)
 .text.net_mgmt_add_event_callback
                0x0000000008005c80       0x48 zephyr/subsys/net/ip/libsubsys__net__ip.a(net_mgmt.c.obj)
                0x0000000008005c80                net_mgmt_add_event_callback
 .text.net_mgmt_event_notify_with_info
                0x0000000008005cc8       0x8c zephyr/subsys/net/ip/libsubsys__net__ip.a(net_mgmt.c.obj)
                0x0000000008005cc8                net_mgmt_event_notify_with_info
 .text.net_mgmt_event_init
                0x0000000008005d54       0x3c zephyr/subsys/net/ip/libsubsys__net__ip.a(net_mgmt.c.obj)
                0x0000000008005d54                net_mgmt_event_init
 .text.net_context_packet_received
                0x0000000008005d90       0xb0 zephyr/subsys/net/ip/libsubsys__net__ip.a(net_context.c.obj)
                0x0000000008005d90                net_context_packet_received
 .text.check_used_port.constprop.0
                0x0000000008005e40       0xe4 zephyr/subsys/net/ip/libsubsys__net__ip.a(net_context.c.obj)
 .text.net_context_get
                0x0000000008005f24      0x18c zephyr/subsys/net/ip/libsubsys__net__ip.a(net_context.c.obj)
                0x0000000008005f24                net_context_get
 .text.net_context_put
                0x00000000080060b0       0x50 zephyr/subsys/net/ip/libsubsys__net__ip.a(net_context.c.obj)
                0x00000000080060b0                net_context_put
 .text.net_context_bind
                0x0000000008006100      0x16c zephyr/subsys/net/ip/libsubsys__net__ip.a(net_context.c.obj)
                0x0000000008006100                net_context_bind
 .text.net_context_create_ipv4_new
                0x000000000800626c       0x74 zephyr/subsys/net/ip/libsubsys__net__ip.a(net_context.c.obj)
                0x000000000800626c                net_context_create_ipv4_new
 .text.context_sendto
                0x00000000080062e0      0x298 zephyr/subsys/net/ip/libsubsys__net__ip.a(net_context.c.obj)
 .text.net_context_recv
                0x0000000008006578      0x14c zephyr/subsys/net/ip/libsubsys__net__ip.a(net_context.c.obj)
                0x0000000008006578                net_context_recv
 .text.net_context_set_option
                0x00000000080066c4      0x13c zephyr/subsys/net/ip/libsubsys__net__ip.a(net_context.c.obj)
                0x00000000080066c4                net_context_set_option
 .text.net_context_get_option
                0x0000000008006800      0x148 zephyr/subsys/net/ip/libsubsys__net__ip.a(net_context.c.obj)
                0x0000000008006800                net_context_get_option
 .text.net_context_init
                0x0000000008006948       0x10 zephyr/subsys/net/ip/libsubsys__net__ip.a(net_context.c.obj)
                0x0000000008006948                net_context_init
 .text.net_pkt_get_reserve_data
                0x0000000008006958       0x44 zephyr/subsys/net/ip/libsubsys__net__ip.a(net_pkt.c.obj)
                0x0000000008006958                net_pkt_get_reserve_data
 .text.net_pkt_get_reserve_rx_data
                0x000000000800699c        0xc zephyr/subsys/net/ip/libsubsys__net__ip.a(net_pkt.c.obj)
                0x000000000800699c                net_pkt_get_reserve_rx_data
 .text.net_pkt_get_reserve_tx_data
                0x00000000080069a8        0xc zephyr/subsys/net/ip/libsubsys__net__ip.a(net_pkt.c.obj)
                0x00000000080069a8                net_pkt_get_reserve_tx_data
 .text.net_pkt_get_frag
                0x00000000080069b4       0x20 zephyr/subsys/net/ip/libsubsys__net__ip.a(net_pkt.c.obj)
                0x00000000080069b4                net_pkt_get_frag
 .text.pkt_alloc
                0x00000000080069d4       0x50 zephyr/subsys/net/ip/libsubsys__net__ip.a(net_pkt.c.obj)
 .text.net_pkt_alloc
                0x0000000008006a24       0x10 zephyr/subsys/net/ip/libsubsys__net__ip.a(net_pkt.c.obj)
                0x0000000008006a24                net_pkt_alloc
 .text.net_pkt_rx_alloc
                0x0000000008006a34       0x10 zephyr/subsys/net/ip/libsubsys__net__ip.a(net_pkt.c.obj)
                0x0000000008006a34                net_pkt_rx_alloc
 .text.net_pkt_alloc_buffer_raw
                0x0000000008006a44       0x74 zephyr/subsys/net/ip/libsubsys__net__ip.a(net_pkt.c.obj)
                0x0000000008006a44                net_pkt_alloc_buffer_raw
 .text.net_pkt_alloc_buffer_with_reserve
                0x0000000008006ab8      0x100 zephyr/subsys/net/ip/libsubsys__net__ip.a(net_pkt.c.obj)
                0x0000000008006ab8                net_pkt_alloc_buffer_with_reserve
 .text.net_pkt_alloc_buffer
                0x0000000008006bb8       0x7c zephyr/subsys/net/ip/libsubsys__net__ip.a(net_pkt.c.obj)
                0x0000000008006bb8                net_pkt_alloc_buffer
 .text.net_pkt_alloc_with_buffer
                0x0000000008006c34       0x24 zephyr/subsys/net/ip/libsubsys__net__ip.a(net_pkt.c.obj)
                0x0000000008006c34                net_pkt_alloc_with_buffer
 .text.net_pkt_rx_alloc_with_buffer
                0x0000000008006c58       0x24 zephyr/subsys/net/ip/libsubsys__net__ip.a(net_pkt.c.obj)
                0x0000000008006c58                net_pkt_rx_alloc_with_buffer
 .text.net_pkt_get_data
                0x0000000008006c7c       0x50 zephyr/subsys/net/ip/libsubsys__net__ip.a(net_pkt.c.obj)
                0x0000000008006c7c                net_pkt_get_data
 .text.net_tc_submit_to_rx_queue
                0x0000000008006ccc       0x18 zephyr/subsys/net/ip/libsubsys__net__ip.a(net_tc.c.obj)
                0x0000000008006ccc                net_tc_submit_to_rx_queue
 .text.net_rx_priority2tc
                0x0000000008006ce4       0x10 zephyr/subsys/net/ip/libsubsys__net__ip.a(net_tc.c.obj)
                0x0000000008006ce4                net_rx_priority2tc
 .text.net_tc_rx_init
                0x0000000008006cf4       0x68 zephyr/subsys/net/ip/libsubsys__net__ip.a(net_tc.c.obj)
                0x0000000008006cf4                net_tc_rx_init
 .text.icmp_call_handlers
                0x0000000008006d5c       0x6c zephyr/subsys/net/ip/libsubsys__net__ip.a(icmp.c.obj)
 .text.net_icmp_init_ctx
                0x0000000008006dc8       0x50 zephyr/subsys/net/ip/libsubsys__net__ip.a(icmp.c.obj)
                0x0000000008006dc8                net_icmp_init_ctx
 .text.k_mutex_lock.constprop.0.isra.0
                0x0000000008006e18       0x10 zephyr/subsys/net/ip/libsubsys__net__ip.a(connection.c.obj)
 .text.k_mutex_unlock.constprop.0.isra.0
                0x0000000008006e28        0xc zephyr/subsys/net/ip/libsubsys__net__ip.a(connection.c.obj)
 .text.net_conn_change_local
                0x0000000008006e34       0x68 zephyr/subsys/net/ip/libsubsys__net__ip.a(connection.c.obj)
 .text.net_conn_change_remote
                0x0000000008006e9c       0x68 zephyr/subsys/net/ip/libsubsys__net__ip.a(connection.c.obj)
 .text.conn_set_unused
                0x0000000008006f04       0x34 zephyr/subsys/net/ip/libsubsys__net__ip.a(connection.c.obj)
 .text.net_conn_register
                0x0000000008006f38      0x270 zephyr/subsys/net/ip/libsubsys__net__ip.a(connection.c.obj)
                0x0000000008006f38                net_conn_register
 .text.net_conn_unregister
                0x00000000080071a8       0x78 zephyr/subsys/net/ip/libsubsys__net__ip.a(connection.c.obj)
                0x00000000080071a8                net_conn_unregister
 .text.net_conn_update
                0x0000000008007220       0x58 zephyr/subsys/net/ip/libsubsys__net__ip.a(connection.c.obj)
                0x0000000008007220                net_conn_update
 .text.net_conn_input
                0x0000000008007278      0x244 zephyr/subsys/net/ip/libsubsys__net__ip.a(connection.c.obj)
                0x0000000008007278                net_conn_input
 .text.net_conn_init
                0x00000000080074bc       0x3c zephyr/subsys/net/ip/libsubsys__net__ip.a(connection.c.obj)
                0x00000000080074bc                net_conn_init
 .text.net_icmpv4_input
                0x00000000080074f8       0x7c zephyr/subsys/net/ip/libsubsys__net__ip.a(icmpv4.c.obj)
                0x00000000080074f8                net_icmpv4_input
 .text.net_icmpv4_init
                0x0000000008007574       0x5c zephyr/subsys/net/ip/libsubsys__net__ip.a(icmpv4.c.obj)
                0x0000000008007574                net_icmpv4_init
 .text.tcp_send
                0x00000000080075d0       0x50 zephyr/subsys/net/ip/libsubsys__net__ip.a(tcp.c.obj)
 .text.th_get   0x0000000008007620      0x10c zephyr/subsys/net/ip/libsubsys__net__ip.a(tcp.c.obj)
 .text.tcp_send_timer_cancel
                0x000000000800772c       0x80 zephyr/subsys/net/ip/libsubsys__net__ip.a(tcp.c.obj)
 .text.tcp_enter_time_wait
                0x00000000080077ac       0x28 zephyr/subsys/net/ip/libsubsys__net__ip.a(tcp.c.obj)
 .text.tcp_send_process_no_lock
                0x00000000080077d4      0x144 zephyr/subsys/net/ip/libsubsys__net__ip.a(tcp.c.obj)
 .text.tcp_conn_release
                0x0000000008007918      0x150 zephyr/subsys/net/ip/libsubsys__net__ip.a(tcp.c.obj)
 .text.tcp_endpoint_set
                0x0000000008007a68       0x34 zephyr/subsys/net/ip/libsubsys__net__ip.a(tcp.c.obj)
 .text.tcp_unsent_len
                0x0000000008007a9c       0x54 zephyr/subsys/net/ip/libsubsys__net__ip.a(tcp.c.obj)
 .text.tcp_conn_unref.isra.0
                0x0000000008007af0       0x38 zephyr/subsys/net/ip/libsubsys__net__ip.a(tcp.c.obj)
 .text.net_tcp_get
                0x0000000008007b28      0x1f8 zephyr/subsys/net/ip/libsubsys__net__ip.a(tcp.c.obj)
                0x0000000008007b28                net_tcp_get
 .text.net_tcp_accept
                0x0000000008007d20       0x90 zephyr/subsys/net/ip/libsubsys__net__ip.a(tcp.c.obj)
                0x0000000008007d20                net_tcp_accept
 .text.net_tcp_finalize
                0x0000000008007db0       0x70 zephyr/subsys/net/ip/libsubsys__net__ip.a(tcp.c.obj)
                0x0000000008007db0                net_tcp_finalize
 .text.net_tcp_input
                0x0000000008007e20       0x58 zephyr/subsys/net/ip/libsubsys__net__ip.a(tcp.c.obj)
                0x0000000008007e20                net_tcp_input
 .text.tcp_out_ext
                0x0000000008007e78      0x1d0 zephyr/subsys/net/ip/libsubsys__net__ip.a(tcp.c.obj)
 .text.tcp_send_zwp
                0x0000000008008048       0xa4 zephyr/subsys/net/ip/libsubsys__net__ip.a(tcp.c.obj)
 .text.net_tcp_put
                0x00000000080080ec       0xc4 zephyr/subsys/net/ip/libsubsys__net__ip.a(tcp.c.obj)
                0x00000000080080ec                net_tcp_put
 .text.net_tcp_connect
                0x00000000080081b0      0x1ec zephyr/subsys/net/ip/libsubsys__net__ip.a(tcp.c.obj)
                0x00000000080081b0                net_tcp_connect
 .text.tcp_send_data
                0x000000000800839c      0x164 zephyr/subsys/net/ip/libsubsys__net__ip.a(tcp.c.obj)
 .text.tcp_resend_data
                0x0000000008008500      0x1e4 zephyr/subsys/net/ip/libsubsys__net__ip.a(tcp.c.obj)
 .text.net_tcp_update_recv_wnd
                0x00000000080086e4       0x48 zephyr/subsys/net/ip/libsubsys__net__ip.a(tcp.c.obj)
                0x00000000080086e4                net_tcp_update_recv_wnd
 .text.tcp_data_get
                0x000000000800872c      0x110 zephyr/subsys/net/ip/libsubsys__net__ip.a(tcp.c.obj)
 .text.tcp_send_queued_data.part.0
                0x000000000800883c       0xa8 zephyr/subsys/net/ip/libsubsys__net__ip.a(tcp.c.obj)
 .text.tcp_recv
                0x00000000080088e4     0x10f8 zephyr/subsys/net/ip/libsubsys__net__ip.a(tcp.c.obj)
 .text.net_tcp_init
                0x00000000080099dc       0x50 zephyr/subsys/net/ip/libsubsys__net__ip.a(tcp.c.obj)
                0x00000000080099dc                net_tcp_init
 .text.net_udp_finalize
                0x0000000008009a2c       0x90 zephyr/subsys/net/ip/libsubsys__net__ip.a(udp.c.obj)
                0x0000000008009a2c                net_udp_finalize
 .text.net_udp_input
                0x0000000008009abc       0x8c zephyr/subsys/net/ip/libsubsys__net__ip.a(udp.c.obj)
                0x0000000008009abc                net_udp_input
 .text.dhcpv4_enter_selecting
                0x0000000008009b48       0x64 zephyr/subsys/net/lib/dhcpv4/libsubsys__net__lib__dhcpv4.a(dhcpv4.c.obj)
 .text.dhcpv4_set_timeout
                0x0000000008009bac       0x64 zephyr/subsys/net/lib/dhcpv4/libsubsys__net__lib__dhcpv4.a(dhcpv4.c.obj)
 .text.dhcpv4_enter_bound
                0x0000000008009c10       0xc4 zephyr/subsys/net/lib/dhcpv4/libsubsys__net__lib__dhcpv4.a(dhcpv4.c.obj)
 .text.dhcpv4_set_timeout_inc
                0x0000000008009cd4       0x78 zephyr/subsys/net/lib/dhcpv4/libsubsys__net__lib__dhcpv4.a(dhcpv4.c.obj)
 .text.k_mutex_lock.constprop.0.isra.0
                0x0000000008009d4c       0x10 zephyr/subsys/net/lib/dhcpv4/libsubsys__net__lib__dhcpv4.a(dhcpv4.c.obj)
 .text.k_mutex_unlock.constprop.0.isra.0
                0x0000000008009d5c        0xc zephyr/subsys/net/lib/dhcpv4/libsubsys__net__lib__dhcpv4.a(dhcpv4.c.obj)
 .text.dhcpv4_iface_event_handler.part.0
                0x0000000008009d68      0x188 zephyr/subsys/net/lib/dhcpv4/libsubsys__net__lib__dhcpv4.a(dhcpv4.c.obj)
 .text.dhcpv4_start_internal
                0x0000000008009ef0      0x110 zephyr/subsys/net/lib/dhcpv4/libsubsys__net__lib__dhcpv4.a(dhcpv4.c.obj)
 .text.dhcpv4_create_message
                0x000000000800a000      0x1f0 zephyr/subsys/net/lib/dhcpv4/libsubsys__net__lib__dhcpv4.a(dhcpv4.c.obj)
 .text.dhcpv4_send_discover
                0x000000000800a1f0       0x98 zephyr/subsys/net/lib/dhcpv4/libsubsys__net__lib__dhcpv4.a(dhcpv4.c.obj)
 .text.dhcpv4_send_request
                0x000000000800a288      0x1b8 zephyr/subsys/net/lib/dhcpv4/libsubsys__net__lib__dhcpv4.a(dhcpv4.c.obj)
 .text.dhcpv4_timeout
                0x000000000800a440      0x354 zephyr/subsys/net/lib/dhcpv4/libsubsys__net__lib__dhcpv4.a(dhcpv4.c.obj)
 .text.net_dhcpv4_msg_type_name
                0x000000000800a794       0x1c zephyr/subsys/net/lib/dhcpv4/libsubsys__net__lib__dhcpv4.a(dhcpv4.c.obj)
                0x000000000800a794                net_dhcpv4_msg_type_name
 .text.net_dhcpv4_input
                0x000000000800a7b0      0xab8 zephyr/subsys/net/lib/dhcpv4/libsubsys__net__lib__dhcpv4.a(dhcpv4.c.obj)
 .text.net_dhcpv4_init
                0x000000000800b268       0xd4 zephyr/subsys/net/lib/dhcpv4/libsubsys__net__lib__dhcpv4.a(dhcpv4.c.obj)
                0x000000000800b268                net_dhcpv4_init
 .text.stm32_exti_isr
                0x000000000800b33c       0x50 zephyr/drivers/interrupt_controller/libdrivers__interrupt_controller.a(intc_exti_stm32.c.obj)
 .text.stm32_fill_irq_table
                0x000000000800b38c       0x18 zephyr/drivers/interrupt_controller/libdrivers__interrupt_controller.a(intc_exti_stm32.c.obj)
 .text.stm32_exti_init
                0x000000000800b3a4       0xb4 zephyr/drivers/interrupt_controller/libdrivers__interrupt_controller.a(intc_exti_stm32.c.obj)
 .text.stm32_gpio_intc_enable_line
                0x000000000800b458       0x2c zephyr/drivers/interrupt_controller/libdrivers__interrupt_controller.a(intc_exti_stm32.c.obj)
                0x000000000800b458                stm32_gpio_intc_enable_line
 .text.stm32_gpio_intc_disable_line
                0x000000000800b484       0x10 zephyr/drivers/interrupt_controller/libdrivers__interrupt_controller.a(intc_exti_stm32.c.obj)
                0x000000000800b484                stm32_gpio_intc_disable_line
 .text.stm32_gpio_intc_select_line_trigger
                0x000000000800b494       0x50 zephyr/drivers/interrupt_controller/libdrivers__interrupt_controller.a(intc_exti_stm32.c.obj)
                0x000000000800b494                stm32_gpio_intc_select_line_trigger
 .text.stm32_gpio_intc_set_irq_callback
                0x000000000800b4e4       0x40 zephyr/drivers/interrupt_controller/libdrivers__interrupt_controller.a(intc_exti_stm32.c.obj)
                0x000000000800b4e4                stm32_gpio_intc_set_irq_callback
 .text.stm32_gpio_intc_remove_irq_callback
                0x000000000800b524       0x24 zephyr/drivers/interrupt_controller/libdrivers__interrupt_controller.a(intc_exti_stm32.c.obj)
                0x000000000800b524                stm32_gpio_intc_remove_irq_callback
 .text.stm32_exti_get_line_src_port
                0x000000000800b548       0x30 zephyr/drivers/interrupt_controller/libdrivers__interrupt_controller.a(intc_exti_stm32.c.obj)
                0x000000000800b548                stm32_exti_get_line_src_port
 .text.stm32_clock_control_get_subsys_rate
                0x000000000800b578       0x9c zephyr/drivers/clock_control/libdrivers__clock_control.a(clock_stm32_ll_common.c.obj)
 .text.stm32_clock_control_init
                0x000000000800b614      0x124 zephyr/drivers/clock_control/libdrivers__clock_control.a(clock_stm32_ll_common.c.obj)
                0x000000000800b614                stm32_clock_control_init
 .text.get_pllsrc_frequency
                0x000000000800b738        0x8 zephyr/drivers/clock_control/libdrivers__clock_control.a(clock_stm32f2_f4_f7.c.obj)
                0x000000000800b738                get_pllsrc_frequency
 .text.config_pll_sysclock
                0x000000000800b740       0x60 zephyr/drivers/clock_control/libdrivers__clock_control.a(clock_stm32f2_f4_f7.c.obj)
                0x000000000800b740                config_pll_sysclock
 .text.config_enable_default_clocks
                0x000000000800b7a0       0x20 zephyr/drivers/clock_control/libdrivers__clock_control.a(clock_stm32f2_f4_f7.c.obj)
                0x000000000800b7a0                config_enable_default_clocks
 .text.uart_console_init
                0x000000000800b7c0       0x28 zephyr/drivers/console/libdrivers__console.a(uart_console.c.obj)
 .text.console_out
                0x000000000800b7e8       0x28 zephyr/drivers/console/libdrivers__console.a(uart_console.c.obj)
 .text.entropy_stm32_suspend.isra.0
                0x000000000800b810       0x24 zephyr/drivers/entropy/libdrivers__entropy.a(entropy_stm32.c.obj)
 .text.entropy_stm32_resume.isra.0
                0x000000000800b834       0x30 zephyr/drivers/entropy/libdrivers__entropy.a(entropy_stm32.c.obj)
 .text.start_pool_filling.constprop.0
                0x000000000800b864       0x38 zephyr/drivers/entropy/libdrivers__entropy.a(entropy_stm32.c.obj)
 .text.rng_pool_get
                0x000000000800b89c       0x94 zephyr/drivers/entropy/libdrivers__entropy.a(entropy_stm32.c.obj)
 .text.entropy_stm32_rng_get_entropy
                0x000000000800b930       0x58 zephyr/drivers/entropy/libdrivers__entropy.a(entropy_stm32.c.obj)
 .text.entropy_stm32_rng_init
                0x000000000800b988       0xbc zephyr/drivers/entropy/libdrivers__entropy.a(entropy_stm32.c.obj)
 .text.random_sample_get
                0x000000000800ba44       0x60 zephyr/drivers/entropy/libdrivers__entropy.a(entropy_stm32.c.obj)
 .text.entropy_stm32_rng_get_entropy_isr
                0x000000000800baa4       0xd4 zephyr/drivers/entropy/libdrivers__entropy.a(entropy_stm32.c.obj)
 .text.stm32_rng_isr
                0x000000000800bb78       0xb8 zephyr/drivers/entropy/libdrivers__entropy.a(entropy_stm32.c.obj)
 .text.eth_stm32_hal_get_phy
                0x000000000800bc30        0x8 zephyr/drivers/ethernet/libdrivers__ethernet.a(eth_stm32_hal.c.obj)
 .text.clock_control_on.constprop.0
                0x000000000800bc38       0x18 zephyr/drivers/ethernet/libdrivers__ethernet.a(eth_stm32_hal.c.obj)
 .text.rx_thread
                0x000000000800bc50       0xec zephyr/drivers/ethernet/libdrivers__ethernet.a(eth_stm32_hal.c.obj)
 .text.allocate_tx_buffer
                0x000000000800bd3c       0x2c zephyr/drivers/ethernet/libdrivers__ethernet.a(eth_stm32_hal.c.obj)
 .text.eth_initialize
                0x000000000800bd68       0xc8 zephyr/drivers/ethernet/libdrivers__ethernet.a(eth_stm32_hal.c.obj)
 .text.eth_iface_init
                0x000000000800be30      0x19c zephyr/drivers/ethernet/libdrivers__ethernet.a(eth_stm32_hal.c.obj)
 .text.phy_link_state_changed
                0x000000000800bfcc       0x98 zephyr/drivers/ethernet/libdrivers__ethernet.a(eth_stm32_hal.c.obj)
 .text.HAL_ETH_RxAllocateCallback
                0x000000000800c064       0x40 zephyr/drivers/ethernet/libdrivers__ethernet.a(eth_stm32_hal.c.obj)
                0x000000000800c064                HAL_ETH_RxAllocateCallback
 .text.HAL_ETH_RxLinkCallback
                0x000000000800c0a4       0x30 zephyr/drivers/ethernet/libdrivers__ethernet.a(eth_stm32_hal.c.obj)
                0x000000000800c0a4                HAL_ETH_RxLinkCallback
 .text.HAL_ETH_TxFreeCallback
                0x000000000800c0d4       0x1c zephyr/drivers/ethernet/libdrivers__ethernet.a(eth_stm32_hal.c.obj)
                0x000000000800c0d4                HAL_ETH_TxFreeCallback
 .text.eth_tx   0x000000000800c0f0      0x22c zephyr/drivers/ethernet/libdrivers__ethernet.a(eth_stm32_hal.c.obj)
 .text.monitor_work_handler
                0x000000000800c31c       0xdc zephyr/drivers/ethernet/libdrivers__ethernet.a(phy_mii.c.obj)
 .text.phy_mii_initialize
                0x000000000800c3f8      0x154 zephyr/drivers/ethernet/libdrivers__ethernet.a(phy_mii.c.obj)
 .text.autoneg_work_handler
                0x000000000800c54c      0x1b0 zephyr/drivers/ethernet/libdrivers__ethernet.a(phy_mii.c.obj)
 .text.gpio_stm32_pin_interrupt_configure
                0x000000000800c6fc       0xb0 zephyr/drivers/gpio/libdrivers__gpio.a(gpio_stm32.c.obj)
 .text.gpio_stm32_init
                0x000000000800c7ac       0x38 zephyr/drivers/gpio/libdrivers__gpio.a(gpio_stm32.c.obj)
 .text.z_impl_hwinfo_get_device_id
                0x000000000800c7e4       0x38 zephyr/drivers/hwinfo/libdrivers__hwinfo.a(hwinfo_stm32.c.obj)
                0x000000000800c7e4                z_impl_hwinfo_get_device_id
 .text.mdio_stm32_init
                0x000000000800c81c       0x70 zephyr/drivers/mdio/libdrivers__mdio.a(mdio_stm32_hal.c.obj)
 .text.pinctrl_configure_pins
                0x000000000800c88c       0x84 zephyr/drivers/pinctrl/libdrivers__pinctrl.a(pinctrl_stm32.c.obj)
                0x000000000800c88c                pinctrl_configure_pins
 .text.uart_stm32_set_baudrate.part.0
                0x000000000800c910       0x14 zephyr/drivers/serial/libdrivers__serial.a(uart_stm32.c.obj)
 .text.uart_stm32_parameters_set
                0x000000000800c924      0x134 zephyr/drivers/serial/libdrivers__serial.a(uart_stm32.c.obj)
 .text.uart_stm32_init
                0x000000000800ca58      0x1c8 zephyr/drivers/serial/libdrivers__serial.a(uart_stm32.c.obj)
 .text.uart_stm32_configure
                0x000000000800cc20      0x160 zephyr/drivers/serial/libdrivers__serial.a(uart_stm32.c.obj)
 .text.elapsed  0x000000000800cd80       0x4c zephyr/drivers/timer/libdrivers__timer.a(cortex_m_systick.c.obj)
 .text.sys_clock_driver_init
                0x000000000800cdcc       0x38 zephyr/drivers/timer/libdrivers__timer.a(cortex_m_systick.c.obj)
 .text.sys_clock_isr
                0x000000000800ce04       0x60 zephyr/drivers/timer/libdrivers__timer.a(cortex_m_systick.c.obj)
                0x000000000800ce04                sys_clock_isr
 .text.sys_clock_set_timeout
                0x000000000800ce64       0xfc zephyr/drivers/timer/libdrivers__timer.a(cortex_m_systick.c.obj)
                0x000000000800ce64                sys_clock_set_timeout
 .text.sys_clock_elapsed
                0x000000000800cf60       0x3c zephyr/drivers/timer/libdrivers__timer.a(cortex_m_systick.c.obj)
                0x000000000800cf60                sys_clock_elapsed
 .text.sys_clock_cycle_get_32
                0x000000000800cf9c       0x28 zephyr/drivers/timer/libdrivers__timer.a(cortex_m_systick.c.obj)
                0x000000000800cf9c                sys_clock_cycle_get_32
 .text.HAL_RCC_GetSysClockFreq
                0x000000000800cfc4       0x5c modules/hal_stm32/stm32cube/lib..__modules__hal__stm32__stm32cube.a(stm32f7xx_hal_rcc.c.obj)
                0x000000000800cfc4                HAL_RCC_GetSysClockFreq
 .text.HAL_RCC_GetHCLKFreq
                0x000000000800d020        0xc modules/hal_stm32/stm32cube/lib..__modules__hal__stm32__stm32cube.a(stm32f7xx_hal_rcc.c.obj)
                0x000000000800d020                HAL_RCC_GetHCLKFreq
 .text.ETH_Prepare_Tx_Descriptors
                0x000000000800d02c      0x164 modules/hal_stm32/stm32cube/lib..__modules__hal__stm32__stm32cube.a(stm32f7xx_hal_eth.c.obj)
 .text.ETH_SetMACConfig
                0x000000000800d190       0xf0 modules/hal_stm32/stm32cube/lib..__modules__hal__stm32__stm32cube.a(stm32f7xx_hal_eth.c.obj)
 .text.ETH_SetDMAConfig
                0x000000000800d280       0xb4 modules/hal_stm32/stm32cube/lib..__modules__hal__stm32__stm32cube.a(stm32f7xx_hal_eth.c.obj)
 .text.ETH_UpdateDescriptor
                0x000000000800d334       0x8c modules/hal_stm32/stm32cube/lib..__modules__hal__stm32__stm32cube.a(stm32f7xx_hal_eth.c.obj)
 .text.HAL_ETH_Init
                0x000000000800d3c0      0x1fc modules/hal_stm32/stm32cube/lib..__modules__hal__stm32__stm32cube.a(stm32f7xx_hal_eth.c.obj)
                0x000000000800d3c0                HAL_ETH_Init
 .text.HAL_ETH_IRQHandler
                0x000000000800d5bc       0xdc modules/hal_stm32/stm32cube/lib..__modules__hal__stm32__stm32cube.a(stm32f7xx_hal_eth.c.obj)
                0x000000000800d5bc                HAL_ETH_IRQHandler
 .text.HAL_ETH_SetMDIOClockRange
                0x000000000800d698       0x54 modules/hal_stm32/stm32cube/lib..__modules__hal__stm32__stm32cube.a(stm32f7xx_hal_eth.c.obj)
                0x000000000800d698                HAL_ETH_SetMDIOClockRange
 .text.HAL_ETH_SetMACFilterConfig
                0x000000000800d6ec       0x70 modules/hal_stm32/stm32cube/lib..__modules__hal__stm32__stm32cube.a(stm32f7xx_hal_eth.c.obj)
                0x000000000800d6ec                HAL_ETH_SetMACFilterConfig
 .text.LL_SetFlashLatency
                0x000000000800d75c       0xe0 modules/hal_stm32/stm32cube/lib..__modules__hal__stm32__stm32cube.a(stm32f7xx_ll_utils.c.obj)
                0x000000000800d75c                LL_SetFlashLatency
 .text.k_sys_fatal_error_handler
                0x000000000800d83c       0x20 zephyr/kernel/libkernel.a(fatal.c.obj)
                0x000000000800d83c                k_sys_fatal_error_handler
 .text.z_fatal_error
                0x000000000800d85c       0xe8 zephyr/kernel/libkernel.a(fatal.c.obj)
                0x000000000800d85c                z_fatal_error
 .text.z_sys_init_run_level
                0x000000000800d944       0x30 zephyr/kernel/libkernel.a(init.c.obj)
 .text.bg_thread_main
                0x000000000800d974       0xc0 zephyr/kernel/libkernel.a(init.c.obj)
 .text.z_bss_zero
                0x000000000800da34       0x2c zephyr/kernel/libkernel.a(init.c.obj)
                0x000000000800da34                z_bss_zero
 .text.z_init_cpu
                0x000000000800da60       0x70 zephyr/kernel/libkernel.a(init.c.obj)
                0x000000000800da60                z_init_cpu
 .text.z_cstart
                0x000000000800dad0       0xcc zephyr/kernel/libkernel.a(init.c.obj)
                0x000000000800dad0                z_cstart
 .text.statics_init
                0x000000000800db9c       0x24 zephyr/kernel/libkernel.a(kheap.c.obj)
 .text.init_mem_slab_obj_core_list
                0x000000000800dbc0       0x24 zephyr/kernel/libkernel.a(mem_slab.c.obj)
 .text.k_mem_slab_alloc
                0x000000000800dbe4       0x5c zephyr/kernel/libkernel.a(mem_slab.c.obj)
                0x000000000800dbe4                k_mem_slab_alloc
 .text.z_impl_k_msgq_put
                0x000000000800dc40       0xbc zephyr/kernel/libkernel.a(msg_q.c.obj)
                0x000000000800dc40                z_impl_k_msgq_put
 .text.z_impl_k_msgq_get
                0x000000000800dcfc       0xc4 zephyr/kernel/libkernel.a(msg_q.c.obj)
                0x000000000800dcfc                z_impl_k_msgq_get
 .text.z_impl_k_mutex_lock
                0x000000000800ddc0       0xf0 zephyr/kernel/libkernel.a(mutex.c.obj)
                0x000000000800ddc0                z_impl_k_mutex_lock
 .text.z_impl_k_mutex_unlock
                0x000000000800deb0       0xa0 zephyr/kernel/libkernel.a(mutex.c.obj)
                0x000000000800deb0                z_impl_k_mutex_unlock
 .text.z_impl_k_queue_get
                0x000000000800df50       0x64 zephyr/kernel/libkernel.a(queue.c.obj)
                0x000000000800df50                z_impl_k_queue_get
 .text.z_impl_k_sem_give
                0x000000000800dfb4       0x74 zephyr/kernel/libkernel.a(sem.c.obj)
                0x000000000800dfb4                z_impl_k_sem_give
 .text.z_impl_k_sem_take
                0x000000000800e028       0x4c zephyr/kernel/libkernel.a(sem.c.obj)
                0x000000000800e028                z_impl_k_sem_take
 .text.z_impl_k_sem_reset
                0x000000000800e074       0x80 zephyr/kernel/libkernel.a(sem.c.obj)
                0x000000000800e074                z_impl_k_sem_reset
 .text.work_queue_main
                0x000000000800e0f4      0x14c zephyr/kernel/libkernel.a(work.c.obj)
 .text.submit_to_queue_locked
                0x000000000800e240       0xb0 zephyr/kernel/libkernel.a(work.c.obj)
 .text.k_work_submit
                0x000000000800e2f0        0xc zephyr/kernel/libkernel.a(work.c.obj)
                0x000000000800e2f0                k_work_submit
 .text.k_work_queue_start
                0x000000000800e2fc       0x7c zephyr/kernel/libkernel.a(work.c.obj)
                0x000000000800e2fc                k_work_queue_start
 .text.k_work_schedule_for_queue
                0x000000000800e378       0x54 zephyr/kernel/libkernel.a(work.c.obj)
                0x000000000800e378                k_work_schedule_for_queue
 .text.k_work_reschedule_for_queue
                0x000000000800e3cc       0x5c zephyr/kernel/libkernel.a(work.c.obj)
                0x000000000800e3cc                k_work_reschedule_for_queue
 .text.k_work_reschedule
                0x000000000800e428        0xc zephyr/kernel/libkernel.a(work.c.obj)
                0x000000000800e428                k_work_reschedule
 .text.z_impl_k_condvar_signal
                0x000000000800e434       0x4c zephyr/kernel/libkernel.a(condvar.c.obj)
                0x000000000800e434                z_impl_k_condvar_signal
 .text.z_impl_k_condvar_wait
                0x000000000800e480       0x4c zephyr/kernel/libkernel.a(condvar.c.obj)
                0x000000000800e480                z_impl_k_condvar_wait
 .text.z_setup_new_thread
                0x000000000800e4cc       0x9c zephyr/kernel/libkernel.a(thread.c.obj)
                0x000000000800e4cc                z_setup_new_thread
 .text.z_impl_k_thread_create
                0x000000000800e568       0x58 zephyr/kernel/libkernel.a(thread.c.obj)
                0x000000000800e568                z_impl_k_thread_create
 .text.z_dummy_thread_init
                0x000000000800e5c0       0x18 zephyr/kernel/libkernel.a(thread.c.obj)
                0x000000000800e5c0                z_dummy_thread_init
 .text.z_swap_irqlock
                0x000000000800e5d8       0x30 zephyr/kernel/libkernel.a(sched.c.obj)
 .text.ready_thread
                0x000000000800e608       0x84 zephyr/kernel/libkernel.a(sched.c.obj)
 .text.unready_thread
                0x000000000800e68c       0x54 zephyr/kernel/libkernel.a(sched.c.obj)
 .text.add_thread_timeout
                0x000000000800e6e0       0x1c zephyr/kernel/libkernel.a(sched.c.obj)
 .text.move_thread_to_end_of_prio_q
                0x000000000800e6fc       0x90 zephyr/kernel/libkernel.a(sched.c.obj)
                0x000000000800e6fc                move_thread_to_end_of_prio_q
 .text.z_pend_curr
                0x000000000800e78c       0x44 zephyr/kernel/libkernel.a(sched.c.obj)
                0x000000000800e78c                z_pend_curr
 .text.z_thread_prio_set
                0x000000000800e7d0       0xe4 zephyr/kernel/libkernel.a(sched.c.obj)
                0x000000000800e7d0                z_thread_prio_set
 .text.z_reschedule
                0x000000000800e8b4       0x24 zephyr/kernel/libkernel.a(sched.c.obj)
                0x000000000800e8b4                z_reschedule
 .text.z_reschedule_irqlock
                0x000000000800e8d8       0x28 zephyr/kernel/libkernel.a(sched.c.obj)
                0x000000000800e8d8                z_reschedule_irqlock
 .text.k_sched_lock
                0x000000000800e900       0x28 zephyr/kernel/libkernel.a(sched.c.obj)
                0x000000000800e900                k_sched_lock
 .text.k_sched_unlock
                0x000000000800e928       0x68 zephyr/kernel/libkernel.a(sched.c.obj)
                0x000000000800e928                k_sched_unlock
 .text.z_sched_init
                0x000000000800e990       0x10 zephyr/kernel/libkernel.a(sched.c.obj)
                0x000000000800e990                z_sched_init
 .text.z_impl_k_yield
                0x000000000800e9a0       0x88 zephyr/kernel/libkernel.a(sched.c.obj)
                0x000000000800e9a0                z_impl_k_yield
 .text.z_tick_sleep
                0x000000000800ea28       0x78 zephyr/kernel/libkernel.a(sched.c.obj)
 .text.z_impl_k_wakeup
                0x000000000800eaa0       0x48 zephyr/kernel/libkernel.a(sched.c.obj)
                0x000000000800eaa0                z_impl_k_wakeup
 .text.z_impl_k_sched_current_thread_query
                0x000000000800eae8        0xc zephyr/kernel/libkernel.a(sched.c.obj)
                0x000000000800eae8                z_impl_k_sched_current_thread_query
 .text.z_thread_abort
                0x000000000800eaf4      0x138 zephyr/kernel/libkernel.a(sched.c.obj)
                0x000000000800eaf4                z_thread_abort
 .text.z_sched_wait
                0x000000000800ec2c       0x24 zephyr/kernel/libkernel.a(sched.c.obj)
                0x000000000800ec2c                z_sched_wait
 .text.slice_timeout
                0x000000000800ec50       0x20 zephyr/kernel/libkernel.a(timeslicing.c.obj)
 .text.thread_is_sliceable
                0x000000000800ec70       0x3c zephyr/kernel/libkernel.a(timeslicing.c.obj)
                0x000000000800ec70                thread_is_sliceable
 .text.z_reset_time_slice
                0x000000000800ecac       0x50 zephyr/kernel/libkernel.a(timeslicing.c.obj)
                0x000000000800ecac                z_reset_time_slice
 .text.z_time_slice
                0x000000000800ecfc       0x60 zephyr/kernel/libkernel.a(timeslicing.c.obj)
                0x000000000800ecfc                z_time_slice
 .text.z_data_copy
                0x000000000800ed5c       0x50 zephyr/kernel/libkernel.a(xip.c.obj)
                0x000000000800ed5c                z_data_copy
 .text.first    0x000000000800edac       0x10 zephyr/kernel/libkernel.a(timeout.c.obj)
 .text.elapsed  0x000000000800edbc       0x14 zephyr/kernel/libkernel.a(timeout.c.obj)
 .text.remove_timeout
                0x000000000800edd0       0x38 zephyr/kernel/libkernel.a(timeout.c.obj)
 .text.timeout_rem
                0x000000000800ee08       0x30 zephyr/kernel/libkernel.a(timeout.c.obj)
 .text.z_add_timeout
                0x000000000800ee38      0x124 zephyr/kernel/libkernel.a(timeout.c.obj)
                0x000000000800ee38                z_add_timeout
 .text.sys_clock_announce
                0x000000000800ef5c       0xc0 zephyr/kernel/libkernel.a(timeout.c.obj)
                0x000000000800ef5c                sys_clock_announce
 .text.sys_clock_tick_get
                0x000000000800f01c       0x30 zephyr/kernel/libkernel.a(timeout.c.obj)
                0x000000000800f01c                sys_clock_tick_get
 .text.z_timer_expiration_handler
                0x000000000800f04c       0xe0 zephyr/kernel/libkernel.a(timer.c.obj)
                0x000000000800f04c                z_timer_expiration_handler
 .text.z_impl_k_timer_start
                0x000000000800f12c       0x74 zephyr/kernel/libkernel.a(timer.c.obj)
                0x000000000800f12c                z_impl_k_timer_start
 .text.clear_event_registrations
                0x000000000800f1a0       0x60 zephyr/kernel/libkernel.a(poll.c.obj)
 .text.z_impl_k_poll
                0x000000000800f200       0xb0 zephyr/kernel/libkernel.a(poll.c.obj)
                0x000000000800f200                z_impl_k_poll
 .text.z_thread_alloc_helper
                0x000000000800f2b0       0x4c zephyr/kernel/libkernel.a(mempool.c.obj)
 .text.z_thread_malloc
                0x000000000800f2fc       0x10 zephyr/kernel/libkernel.a(mempool.c.obj)
                0x000000000800f2fc                z_thread_malloc
 .text.boot_banner
                0x000000000800f30c        0xc zephyr/kernel/libkernel.a(banner.c.obj)
                0x000000000800f30c                boot_banner
 .text.k_sys_work_q_init
                0x000000000800f318       0x2c zephyr/kernel/libkernel.a(system_work_q.c.obj)
 .text.snprintf
                0x000000000800f344       0x58 c:\zephyr-sdk-0.16.5\arm-zephyr-eabi\bin\../lib/gcc/../../picolibc/arm-zephyr-eabi/lib/thumb/v7e-m/nofp\libc.a(libc_tinystdio_snprintf.c.o)
                0x000000000800f344                snprintf
 .text.__l_vfprintf
                0x000000000800f39c      0x4b8 c:\zephyr-sdk-0.16.5\arm-zephyr-eabi\bin\../lib/gcc/../../picolibc/arm-zephyr-eabi/lib/thumb/v7e-m/nofp\libc.a(libc_tinystdio_vflprintf.c.o)
                0x000000000800f39c                __l_vfprintf
 .text._OffsetAbsSyms
                0x000000000800f854        0x2 zephyr/CMakeFiles/offsets.dir/./arch/arm/core/offsets/offsets.c.obj
                0x000000000800f854                _OffsetAbsSyms
 .text.crc32_ieee
                0x000000000800f856        0xa zephyr/libzephyr.a(crc32_sw.c.obj)
                0x000000000800f856                crc32_ieee
 .text.chunk_size
                0x000000000800f860        0xa zephyr/libzephyr.a(heap.c.obj)
 .text.free_list_add
                0x000000000800f86a       0x4e zephyr/libzephyr.a(heap.c.obj)
 .text.free_list_remove_bidx
                0x000000000800f8b8       0x3a zephyr/libzephyr.a(heap.c.obj)
 .text.free_list_remove
                0x000000000800f8f2       0x1a zephyr/libzephyr.a(heap.c.obj)
 .text.alloc_chunk
                0x000000000800f90c       0x6e zephyr/libzephyr.a(heap.c.obj)
 .text.merge_chunks
                0x000000000800f97a       0x2c zephyr/libzephyr.a(heap.c.obj)
 .text.split_chunks
                0x000000000800f9a6       0x34 zephyr/libzephyr.a(heap.c.obj)
 .text.free_chunk
                0x000000000800f9da       0x62 zephyr/libzephyr.a(heap.c.obj)
 .text.sys_heap_free
                0x000000000800fa3c       0x1e zephyr/libzephyr.a(heap.c.obj)
                0x000000000800fa3c                sys_heap_free
 .text.sys_heap_alloc
                0x000000000800fa5a       0x52 zephyr/libzephyr.a(heap.c.obj)
                0x000000000800fa5a                sys_heap_alloc
 .text.sys_heap_noalign_alloc
                0x000000000800faac        0x6 zephyr/libzephyr.a(heap.c.obj)
                0x000000000800faac                sys_heap_noalign_alloc
 .text.sys_heap_init
                0x000000000800fab2       0x7a zephyr/libzephyr.a(heap.c.obj)
                0x000000000800fab2                sys_heap_init
 .text.cbpprintf_external
                0x000000000800fb2c       0x62 zephyr/libzephyr.a(cbprintf_packaged.c.obj)
                0x000000000800fb2c                cbpprintf_external
 .text.is_ptr   0x000000000800fb8e       0x4a zephyr/libzephyr.a(cbprintf_packaged.c.obj)
                0x000000000800fb8e                is_ptr
 .text.arch_printk_char_out
                0x000000000800fbd8        0x4 zephyr/libzephyr.a(printk.c.obj)
                0x000000000800fbd8                arch_printk_char_out
 .text.printk   0x000000000800fbdc       0x1a zephyr/libzephyr.a(printk.c.obj)
                0x000000000800fbdc                printk
 .text.zvfs_fdtable_call_ioctl
                0x000000000800fbf6       0x1e zephyr/libzephyr.a(fdtable.c.obj)
 .text.k_mutex_lock.constprop.0.isra.0
                0x000000000800fc14        0x4 zephyr/libzephyr.a(fdtable.c.obj)
 .text.k_mutex_unlock.isra.0
                0x000000000800fc18        0x4 zephyr/libzephyr.a(fdtable.c.obj)
 .text.zvfs_free_fd
                0x000000000800fc1c        0x4 zephyr/libzephyr.a(fdtable.c.obj)
                0x000000000800fc1c                zvfs_free_fd
 .text.free_space
                0x000000000800fc20       0x26 zephyr/libzephyr.a(mpsc_pbuf.c.obj)
 .text.get_usage
                0x000000000800fc46       0x22 zephyr/libzephyr.a(mpsc_pbuf.c.obj)
 .text.idx_inc  0x000000000800fc68       0x1c zephyr/libzephyr.a(mpsc_pbuf.c.obj)
 .text.rd_idx_inc
                0x000000000800fc84       0x18 zephyr/libzephyr.a(mpsc_pbuf.c.obj)
 .text.add_skip_item
                0x000000000800fc9c       0x3a zephyr/libzephyr.a(mpsc_pbuf.c.obj)
 .text.drop_item_locked
                0x000000000800fcd6      0x100 zephyr/libzephyr.a(mpsc_pbuf.c.obj)
 .text.post_drop_action
                0x000000000800fdd6       0x36 zephyr/libzephyr.a(mpsc_pbuf.c.obj)
 .text.max_utilization_update
                0x000000000800fe0c       0x1a zephyr/libzephyr.a(mpsc_pbuf.c.obj)
 .text.mpsc_pbuf_init
                0x000000000800fe26       0x42 zephyr/libzephyr.a(mpsc_pbuf.c.obj)
                0x000000000800fe26                mpsc_pbuf_init
 .text.mpsc_pbuf_alloc
                0x000000000800fe68       0xfe zephyr/libzephyr.a(mpsc_pbuf.c.obj)
                0x000000000800fe68                mpsc_pbuf_alloc
 .text.mpsc_pbuf_commit
                0x000000000800ff66       0x3e zephyr/libzephyr.a(mpsc_pbuf.c.obj)
                0x000000000800ff66                mpsc_pbuf_commit
 .text.mpsc_pbuf_claim
                0x000000000800ffa4       0xa8 zephyr/libzephyr.a(mpsc_pbuf.c.obj)
                0x000000000800ffa4                mpsc_pbuf_claim
 .text.mpsc_pbuf_free
                0x000000000801004c       0x76 zephyr/libzephyr.a(mpsc_pbuf.c.obj)
                0x000000000801004c                mpsc_pbuf_free
 .text.mpsc_pbuf_is_pending
                0x00000000080100c2       0x32 zephyr/libzephyr.a(mpsc_pbuf.c.obj)
                0x00000000080100c2                mpsc_pbuf_is_pending
 .text._ConfigAbsSyms
                0x00000000080100f4        0x2 zephyr/libzephyr.a(configs.c.obj)
                0x00000000080100f4                _ConfigAbsSyms
 .text.HAL_GetTick
                0x00000000080100f6       0x10 zephyr/libzephyr.a(stm32cube_hal.c.obj)
                0x00000000080100f6                HAL_GetTick
 .text.HAL_Delay
                0x0000000008010106       0x16 zephyr/libzephyr.a(stm32cube_hal.c.obj)
                0x0000000008010106                HAL_Delay
 .text.log_msg_generic_get_wlen
                0x000000000801011c       0x20 zephyr/libzephyr.a(log_core.c.obj)
 .text.dummy_timestamp
                0x000000000801013c        0x4 zephyr/libzephyr.a(log_core.c.obj)
 .text.atomic_inc
                0x0000000008010140       0x1a zephyr/libzephyr.a(log_core.c.obj)
 .text.default_lf_get_timestamp
                0x000000000801015a       0x10 zephyr/libzephyr.a(log_core.c.obj)
 .text.z_log_vprintk
                0x000000000801016a       0x1c zephyr/libzephyr.a(log_core.c.obj)
                0x000000000801016a                z_log_vprintk
 .text.z_log_notify_drop
                0x0000000008010186        0x6 zephyr/libzephyr.a(log_core.c.obj)
 .text.z_log_get_tag
                0x000000000801018c        0x4 zephyr/libzephyr.a(log_core.c.obj)
                0x000000000801018c                z_log_get_tag
 .text.log_backend_enable
                0x0000000008010190       0x12 zephyr/libzephyr.a(log_mgmt.c.obj)
                0x0000000008010190                log_backend_enable
 .text.z_cbprintf_cpy
                0x00000000080101a2       0x2c zephyr/libzephyr.a(log_msg.c.obj)
 .text.z_log_msg_finalize
                0x00000000080101ce       0x32 zephyr/libzephyr.a(log_msg.c.obj)
                0x00000000080101ce                z_log_msg_finalize
 .text.z_log_msg_simple_create
                0x0000000008010200       0x6e zephyr/libzephyr.a(log_msg.c.obj)
 .text.z_impl_z_log_msg_simple_create_0
                0x000000000801026e       0x12 zephyr/libzephyr.a(log_msg.c.obj)
                0x000000000801026e                z_impl_z_log_msg_simple_create_0
 .text.z_impl_z_log_msg_simple_create_1
                0x0000000008010280       0x14 zephyr/libzephyr.a(log_msg.c.obj)
                0x0000000008010280                z_impl_z_log_msg_simple_create_1
 .text.z_impl_z_log_msg_simple_create_2
                0x0000000008010294       0x18 zephyr/libzephyr.a(log_msg.c.obj)
                0x0000000008010294                z_impl_z_log_msg_simple_create_2
 .text.log_output_write
                0x00000000080102ac       0x1c zephyr/libzephyr.a(log_output.c.obj)
 .text.log_output_flush
                0x00000000080102c8       0x1a zephyr/libzephyr.a(log_output.c.obj)
 .text.out_func
                0x00000000080102e2       0x36 zephyr/libzephyr.a(log_output.c.obj)
 .text.cr_out_func
                0x0000000008010318       0x1c zephyr/libzephyr.a(log_output.c.obj)
 .text.log_output_msg_process
                0x0000000008010334       0x6c zephyr/libzephyr.a(log_output.c.obj)
                0x0000000008010334                log_output_msg_process
 .text.format_set
                0x00000000080103a0        0xc zephyr/libzephyr.a(log_backend_uart.c.obj)
 .text.log_backend_uart_init
                0x00000000080103ac        0xc zephyr/libzephyr.a(log_backend_uart.c.obj)
 .text.panic    0x00000000080103b8       0x32 zephyr/libzephyr.a(log_backend_uart.c.obj)
 .text.dropped  0x00000000080103ea        0xa zephyr/libzephyr.a(log_backend_uart.c.obj)
 .text.process  0x00000000080103f4       0x1e zephyr/libzephyr.a(log_backend_uart.c.obj)
 .text.z_do_kernel_oops
                0x0000000008010412        0x8 zephyr/arch/arch/arm/core/libarch__arm__core.a(fatal.c.obj)
                0x0000000008010412                z_do_kernel_oops
 .text.z_log_msg_simple_create_0.constprop.0
                0x000000000801041a        0x8 zephyr/arch/arch/arm/core/cortex_m/libarch__arm__core__cortex_m.a(fault.c.obj)
 .text.z_irq_spurious
                0x0000000008010422        0x8 zephyr/arch/arch/arm/core/cortex_m/libarch__arm__core__cortex_m.a(irq_manage.c.obj)
                0x0000000008010422                z_irq_spurious
 .text.arch_irq_unlock_outlined
                0x000000000801042a        0xe zephyr/arch/arch/arm/core/cortex_m/libarch__arm__core__cortex_m.a(thread.c.obj)
                0x000000000801042a                arch_irq_unlock_outlined
 .text.arch_cpu_idle
                0x0000000008010438       0x1a zephyr/arch/arch/arm/core/cortex_m/libarch__arm__core__cortex_m.a(cpu_idle.c.obj)
                0x0000000008010438                arch_cpu_idle
 .text.size_to_mpu_rasr_size
                0x0000000008010452       0x20 zephyr/arch/arch/arm/core/mpu/libarch__arm__core__mpu.a(arm_mpu.c.obj)
 .text.cbputc   0x0000000008010472        0xc zephyr/lib/libc/picolibc/liblib__libc__picolibc.a(cbprintf.c.obj)
 .text.picolibc_put
                0x000000000801047e        0xa zephyr/lib/libc/picolibc/liblib__libc__picolibc.a(stdio.c.obj)
 .text.fixed_data_unref
                0x0000000008010488        0x2 zephyr/lib/net_buf/liblib__net_buf.a(buf.c.obj)
 .text.net_buf_alloc_fixed
                0x000000000801048a        0x8 zephyr/lib/net_buf/liblib__net_buf.a(buf.c.obj)
                0x000000000801048a                net_buf_alloc_fixed
 .text.net_buf_frag_last
                0x0000000008010492        0xc zephyr/lib/net_buf/liblib__net_buf.a(buf.c.obj)
                0x0000000008010492                net_buf_frag_last
 .text.net_buf_frag_insert
                0x000000000801049e       0x16 zephyr/lib/net_buf/liblib__net_buf.a(buf.c.obj)
                0x000000000801049e                net_buf_frag_insert
 .text.net_buf_frag_add
                0x00000000080104b4       0x22 zephyr/lib/net_buf/liblib__net_buf.a(buf.c.obj)
                0x00000000080104b4                net_buf_frag_add
 .text.net_buf_linearize
                0x00000000080104d6       0x56 zephyr/lib/net_buf/liblib__net_buf.a(buf.c.obj)
                0x00000000080104d6                net_buf_linearize
 .text.net_buf_simple_reserve
                0x000000000801052c        0x8 zephyr/lib/net_buf/liblib__net_buf.a(buf_simple.c.obj)
                0x000000000801052c                net_buf_simple_reserve
 .text.net_buf_simple_add
                0x0000000008010534        0xc zephyr/lib/net_buf/liblib__net_buf.a(buf_simple.c.obj)
                0x0000000008010534                net_buf_simple_add
 .text.net_buf_simple_add_mem
                0x0000000008010540       0x12 zephyr/lib/net_buf/liblib__net_buf.a(buf_simple.c.obj)
                0x0000000008010540                net_buf_simple_add_mem
 .text.net_buf_simple_pull
                0x0000000008010552       0x10 zephyr/lib/net_buf/liblib__net_buf.a(buf_simple.c.obj)
                0x0000000008010552                net_buf_simple_pull
 .text.net_buf_simple_tailroom
                0x0000000008010562       0x10 zephyr/lib/net_buf/liblib__net_buf.a(buf_simple.c.obj)
                0x0000000008010562                net_buf_simple_tailroom
 .text.net_buf_simple_max_len
                0x0000000008010572        0xe zephyr/lib/net_buf/liblib__net_buf.a(buf_simple.c.obj)
                0x0000000008010572                net_buf_simple_max_len
 .text.k_mutex_lock.constprop.0.isra.0
                0x0000000008010580        0x4 zephyr/subsys/net/libsubsys__net.a(sockets.c.obj)
 .text.k_mutex_unlock.isra.0
                0x0000000008010584        0x4 zephyr/subsys/net/libsubsys__net.a(sockets.c.obj)
 .text.z_impl_zsock_close
                0x0000000008010588        0x4 zephyr/subsys/net/libsubsys__net.a(sockets.c.obj)
                0x0000000008010588                z_impl_zsock_close
 .text.inet_is_supported
                0x000000000801058c        0xc zephyr/subsys/net/libsubsys__net.a(sockets_inet.c.obj)
 .text.net_if_get_by_index
                0x0000000008010598        0x4 zephyr/subsys/net/libsubsys__net.a(sockets_inet.c.obj)
 .text.zsock_connected_cb
                0x000000000801059c       0x12 zephyr/subsys/net/libsubsys__net.a(sockets_inet.c.obj)
 .text.zsock_received_cb
                0x00000000080105ae       0x82 zephyr/subsys/net/libsubsys__net.a(sockets_inet.c.obj)
 .text.zsock_flush_queue
                0x0000000008010630       0x46 zephyr/subsys/net/libsubsys__net.a(sockets_inet.c.obj)
 .text.zsock_recv_stream_immediate
                0x0000000008010676       0xf8 zephyr/subsys/net/libsubsys__net.a(sockets_inet.c.obj)
 .text.sock_close2_vmeth
                0x000000000801076e        0x4 zephyr/subsys/net/libsubsys__net.a(sockets_inet.c.obj)
 .text.sock_shutdown_vmeth
                0x0000000008010772        0x4 zephyr/subsys/net/libsubsys__net.a(sockets_inet.c.obj)
 .text.sock_bind_vmeth
                0x0000000008010776        0x4 zephyr/subsys/net/libsubsys__net.a(sockets_inet.c.obj)
 .text.sock_connect_vmeth
                0x000000000801077a        0x4 zephyr/subsys/net/libsubsys__net.a(sockets_inet.c.obj)
 .text.sock_listen_vmeth
                0x000000000801077e        0x4 zephyr/subsys/net/libsubsys__net.a(sockets_inet.c.obj)
 .text.sock_sendto_vmeth
                0x0000000008010782        0x4 zephyr/subsys/net/libsubsys__net.a(sockets_inet.c.obj)
 .text.sock_write_vmeth
                0x0000000008010786       0x12 zephyr/subsys/net/libsubsys__net.a(sockets_inet.c.obj)
 .text.sock_sendmsg_vmeth
                0x0000000008010798        0x4 zephyr/subsys/net/libsubsys__net.a(sockets_inet.c.obj)
 .text.sock_accept_vmeth
                0x000000000801079c        0x4 zephyr/subsys/net/libsubsys__net.a(sockets_inet.c.obj)
 .text.sock_recvfrom_vmeth
                0x00000000080107a0        0x4 zephyr/subsys/net/libsubsys__net.a(sockets_inet.c.obj)
 .text.sock_read_vmeth
                0x00000000080107a4       0x12 zephyr/subsys/net/libsubsys__net.a(sockets_inet.c.obj)
 .text.sock_recvmsg_vmeth
                0x00000000080107b6        0x4 zephyr/subsys/net/libsubsys__net.a(sockets_inet.c.obj)
 .text.sock_getsockopt_vmeth
                0x00000000080107ba        0x4 zephyr/subsys/net/libsubsys__net.a(sockets_inet.c.obj)
 .text.sock_setsockopt_vmeth
                0x00000000080107be        0x4 zephyr/subsys/net/libsubsys__net.a(sockets_inet.c.obj)
 .text.sock_getpeername_vmeth
                0x00000000080107c2        0x4 zephyr/subsys/net/libsubsys__net.a(sockets_inet.c.obj)
 .text.sock_getsockname_vmeth
                0x00000000080107c6        0x4 zephyr/subsys/net/libsubsys__net.a(sockets_inet.c.obj)
 .text.net_ipv4_is_addr_mcast
                0x00000000080107ca       0x10 zephyr/subsys/net/l2/ethernet/libsubsys__net__l2__ethernet.a(ethernet.c.obj)
 .text.net_if_l2_data
                0x00000000080107da        0xa zephyr/subsys/net/l2/ethernet/libsubsys__net__l2__ethernet.a(ethernet.c.obj)
 .text.net_if_get_device
                0x00000000080107e4        0xa zephyr/subsys/net/l2/ethernet/libsubsys__net__l2__ethernet.a(ethernet.c.obj)
 .text.net_eth_get_hw_capabilities
                0x00000000080107ee       0x18 zephyr/subsys/net/l2/ethernet/libsubsys__net__l2__ethernet.a(ethernet.c.obj)
 .text.ethernet_flags
                0x0000000008010806        0xa zephyr/subsys/net/l2/ethernet/libsubsys__net__l2__ethernet.a(ethernet.c.obj)
                0x0000000008010806                ethernet_flags
 .text.ethernet_enable
                0x0000000008010810       0x36 zephyr/subsys/net/l2/ethernet/libsubsys__net__l2__ethernet.a(ethernet.c.obj)
 .text.net_eth_is_addr_broadcast
                0x0000000008010846       0x2e zephyr/subsys/net/l2/ethernet/libsubsys__net__l2__ethernet.a(ethernet.c.obj)
 .text.ethernet_ip_recv
                0x0000000008010874       0x60 zephyr/subsys/net/l2/ethernet/libsubsys__net__l2__ethernet.a(ethernet.c.obj)
 .text.carrier_on_off
                0x00000000080108d4       0x32 zephyr/subsys/net/l2/ethernet/libsubsys__net__l2__ethernet.a(ethernet.c.obj)
 .text.net_eth_ipv4_mcast_to_mac_addr
                0x0000000008010906       0x20 zephyr/subsys/net/l2/ethernet/libsubsys__net__l2__ethernet.a(ethernet.c.obj)
                0x0000000008010906                net_eth_ipv4_mcast_to_mac_addr
 .text.net_eth_carrier_on
                0x0000000008010926       0x2e zephyr/subsys/net/l2/ethernet/libsubsys__net__l2__ethernet.a(ethernet.c.obj)
                0x0000000008010926                net_eth_carrier_on
 .text.net_eth_carrier_off
                0x0000000008010954       0x2e zephyr/subsys/net/l2/ethernet/libsubsys__net__l2__ethernet.a(ethernet.c.obj)
                0x0000000008010954                net_eth_carrier_off
 .text.sys_slist_prepend
                0x0000000008010982        0xe zephyr/subsys/net/l2/ethernet/libsubsys__net__l2__ethernet.a(arp.c.obj)
 .text.sys_slist_remove
                0x0000000008010990       0x20 zephyr/subsys/net/l2/ethernet/libsubsys__net__l2__ethernet.a(arp.c.obj)
 .text.net_if_get_link_addr
                0x00000000080109b0        0xa zephyr/subsys/net/l2/ethernet/libsubsys__net__l2__ethernet.a(arp.c.obj)
 .text.net_eth_is_addr_all_zeroes
                0x00000000080109ba       0x28 zephyr/subsys/net/l2/ethernet/libsubsys__net__l2__ethernet.a(arp.c.obj)
 .text.k_uptime_get_32
                0x00000000080109e2       0x10 zephyr/subsys/net/l2/ethernet/libsubsys__net__l2__ethernet.a(arp.c.obj)
 .text.net_eth_is_addr_broadcast
                0x00000000080109f2       0x2e zephyr/subsys/net/l2/ethernet/libsubsys__net__l2__ethernet.a(arp.c.obj)
 .text.net_if_flag_is_set.constprop.0
                0x0000000008010a20       0x16 zephyr/subsys/net/l2/ethernet/libsubsys__net__l2__ethernet.a(arp.c.obj)
 .text.k_mutex_lock.constprop.0.isra.0
                0x0000000008010a36        0x4 zephyr/subsys/net/l2/ethernet/libsubsys__net__l2__ethernet.a(arp.c.obj)
 .text.net_linkaddr_set.constprop.0.isra.0
                0x0000000008010a3a       0x12 zephyr/subsys/net/l2/ethernet/libsubsys__net__l2__ethernet.a(arp.c.obj)
 .text.if_get_addr.isra.0
                0x0000000008010a4c       0x28 zephyr/subsys/net/l2/ethernet/libsubsys__net__l2__ethernet.a(arp.c.obj)
 .text.arp_entry_find.isra.0
                0x0000000008010a74       0x1c zephyr/subsys/net/l2/ethernet/libsubsys__net__l2__ethernet.a(arp.c.obj)
 .text.k_mutex_unlock.isra.0
                0x0000000008010a90        0x4 zephyr/subsys/net/l2/ethernet/libsubsys__net__l2__ethernet.a(arp.c.obj)
 .text.net_if_tx_unlock
                0x0000000008010a94       0x18 zephyr/subsys/net/l2/ethernet/libsubsys__net__l2__ethernet.a(arp.c.obj)
 .text.arp_entry_cleanup
                0x0000000008010aac       0x2e zephyr/subsys/net/l2/ethernet/libsubsys__net__l2__ethernet.a(arp.c.obj)
 .text.net_arp_input
                0x0000000008010ada      0x1f0 zephyr/subsys/net/l2/ethernet/libsubsys__net__l2__ethernet.a(arp.c.obj)
                0x0000000008010ada                net_arp_input
 .text.arp_recv
                0x0000000008010cca       0x1c zephyr/subsys/net/l2/ethernet/libsubsys__net__l2__ethernet.a(arp.c.obj)